  Determining projects to restore...
  All projects are up-to-date for restore.
C:\Users\Masoud\source\repos\BloodConnectAPI\BloodConnectAPI.Services\Common\DonationBusinessRules.cs(1,23): error CS0234: The type or namespace name 'Models' does not exist in the namespace 'BloodConnectAPI' (are you missing an assembly reference?) [C:\Users\Masoud\source\repos\BloodConnectAPI\BloodConnectAPI.Services\BloodConnectAPI.Services.csproj]
C:\Users\Masoud\source\repos\BloodConnectAPI\BloodConnectAPI.Services\Implementations\AuthService.cs(1,17): error CS0234: The type or namespace name 'AspNetCore' does not exist in the namespace 'Microsoft' (are you missing an assembly reference?) [C:\Users\Masoud\source\repos\BloodConnectAPI\BloodConnectAPI.Services\BloodConnectAPI.Services.csproj]
C:\Users\Masoud\source\repos\BloodConnectAPI\BloodConnectAPI.Services\Implementations\AuthService.cs(2,17): error CS0234: The type or namespace name 'Extensions' does not exist in the namespace 'Microsoft' (are you missing an assembly reference?) [C:\Users\Masoud\source\repos\BloodConnectAPI\BloodConnectAPI.Services\BloodConnectAPI.Services.csproj]
C:\Users\Masoud\source\repos\BloodConnectAPI\BloodConnectAPI.Services\Implementations\AuthService.cs(3,17): error CS0234: The type or namespace name 'IdentityModel' does not exist in the namespace 'Microsoft' (are you missing an assembly reference?) [C:\Users\Masoud\source\repos\BloodConnectAPI\BloodConnectAPI.Services\BloodConnectAPI.Services.csproj]
C:\Users\Masoud\source\repos\BloodConnectAPI\BloodConnectAPI.Services\Implementations\AuthService.cs(4,14): error CS0234: The type or namespace name 'IdentityModel' does not exist in the namespace 'System' (are you missing an assembly reference?) [C:\Users\Masoud\source\repos\BloodConnectAPI\BloodConnectAPI.Services\BloodConnectAPI.Services.csproj]
C:\Users\Masoud\source\repos\BloodConnectAPI\BloodConnectAPI.Services\Implementations\AuthService.cs(7,23): error CS0234: The type or namespace name 'Models' does not exist in the namespace 'BloodConnectAPI' (are you missing an assembly reference?) [C:\Users\Masoud\source\repos\BloodConnectAPI\BloodConnectAPI.Services\BloodConnectAPI.Services.csproj]
C:\Users\Masoud\source\repos\BloodConnectAPI\BloodConnectAPI.Services\Implementations\AuthService.cs(8,23): error CS0234: The type or namespace name 'Models' does not exist in the namespace 'BloodConnectAPI' (are you missing an assembly reference?) [C:\Users\Masoud\source\repos\BloodConnectAPI\BloodConnectAPI.Services\BloodConnectAPI.Services.csproj]
C:\Users\Masoud\source\repos\BloodConnectAPI\BloodConnectAPI.Services\Implementations\BloodRequestService.cs(1,7): error CS0246: The type or namespace name 'AutoMapper' could not be found (are you missing a using directive or an assembly reference?) [C:\Users\Masoud\source\repos\BloodConnectAPI\BloodConnectAPI.Services\BloodConnectAPI.Services.csproj]
C:\Users\Masoud\source\repos\BloodConnectAPI\BloodConnectAPI.Services\Implementations\BloodRequestService.cs(2,23): error CS0234: The type or namespace name 'DataAccess' does not exist in the namespace 'BloodConnectAPI' (are you missing an assembly reference?) [C:\Users\Masoud\source\repos\BloodConnectAPI\BloodConnectAPI.Services\BloodConnectAPI.Services.csproj]
C:\Users\Masoud\source\repos\BloodConnectAPI\BloodConnectAPI.Services\Implementations\BloodRequestService.cs(3,23): error CS0234: The type or namespace name 'Models' does not exist in the namespace 'BloodConnectAPI' (are you missing an assembly reference?) [C:\Users\Masoud\source\repos\BloodConnectAPI\BloodConnectAPI.Services\BloodConnectAPI.Services.csproj]
C:\Users\Masoud\source\repos\BloodConnectAPI\BloodConnectAPI.Services\Implementations\BloodRequestService.cs(4,23): error CS0234: The type or namespace name 'Models' does not exist in the namespace 'BloodConnectAPI' (are you missing an assembly reference?) [C:\Users\Masoud\source\repos\BloodConnectAPI\BloodConnectAPI.Services\BloodConnectAPI.Services.csproj]
C:\Users\Masoud\source\repos\BloodConnectAPI\BloodConnectAPI.Services\Implementations\BloodRequestService.cs(5,23): error CS0234: The type or namespace name 'Models' does not exist in the namespace 'BloodConnectAPI' (are you missing an assembly reference?) [C:\Users\Masoud\source\repos\BloodConnectAPI\BloodConnectAPI.Services\BloodConnectAPI.Services.csproj]
C:\Users\Masoud\source\repos\BloodConnectAPI\BloodConnectAPI.Services\Implementations\BloodRequestService.cs(6,23): error CS0234: The type or namespace name 'Models' does not exist in the namespace 'BloodConnectAPI' (are you missing an assembly reference?) [C:\Users\Masoud\source\repos\BloodConnectAPI\BloodConnectAPI.Services\BloodConnectAPI.Services.csproj]
C:\Users\Masoud\source\repos\BloodConnectAPI\BloodConnectAPI.Services\Implementations\DonationService.cs(1,7): error CS0246: The type or namespace name 'AutoMapper' could not be found (are you missing a using directive or an assembly reference?) [C:\Users\Masoud\source\repos\BloodConnectAPI\BloodConnectAPI.Services\BloodConnectAPI.Services.csproj]
C:\Users\Masoud\source\repos\BloodConnectAPI\BloodConnectAPI.Services\Implementations\DonationService.cs(2,23): error CS0234: The type or namespace name 'DataAccess' does not exist in the namespace 'BloodConnectAPI' (are you missing an assembly reference?) [C:\Users\Masoud\source\repos\BloodConnectAPI\BloodConnectAPI.Services\BloodConnectAPI.Services.csproj]
C:\Users\Masoud\source\repos\BloodConnectAPI\BloodConnectAPI.Services\Implementations\DonationService.cs(3,23): error CS0234: The type or namespace name 'Models' does not exist in the namespace 'BloodConnectAPI' (are you missing an assembly reference?) [C:\Users\Masoud\source\repos\BloodConnectAPI\BloodConnectAPI.Services\BloodConnectAPI.Services.csproj]
C:\Users\Masoud\source\repos\BloodConnectAPI\BloodConnectAPI.Services\Implementations\DonationService.cs(4,23): error CS0234: The type or namespace name 'Models' does not exist in the namespace 'BloodConnectAPI' (are you missing an assembly reference?) [C:\Users\Masoud\source\repos\BloodConnectAPI\BloodConnectAPI.Services\BloodConnectAPI.Services.csproj]
C:\Users\Masoud\source\repos\BloodConnectAPI\BloodConnectAPI.Services\Implementations\DonationService.cs(5,23): error CS0234: The type or namespace name 'Models' does not exist in the namespace 'BloodConnectAPI' (are you missing an assembly reference?) [C:\Users\Masoud\source\repos\BloodConnectAPI\BloodConnectAPI.Services\BloodConnectAPI.Services.csproj]
C:\Users\Masoud\source\repos\BloodConnectAPI\BloodConnectAPI.Services\Implementations\DonorMedicalDocumentService.cs(1,7): error CS0246: The type or namespace name 'AutoMapper' could not be found (are you missing a using directive or an assembly reference?) [C:\Users\Masoud\source\repos\BloodConnectAPI\BloodConnectAPI.Services\BloodConnectAPI.Services.csproj]
C:\Users\Masoud\source\repos\BloodConnectAPI\BloodConnectAPI.Services\Implementations\DonorMedicalDocumentService.cs(2,23): error CS0234: The type or namespace name 'DataAccess' does not exist in the namespace 'BloodConnectAPI' (are you missing an assembly reference?) [C:\Users\Masoud\source\repos\BloodConnectAPI\BloodConnectAPI.Services\BloodConnectAPI.Services.csproj]
C:\Users\Masoud\source\repos\BloodConnectAPI\BloodConnectAPI.Services\Implementations\DonorMedicalDocumentService.cs(3,23): error CS0234: The type or namespace name 'Models' does not exist in the namespace 'BloodConnectAPI' (are you missing an assembly reference?) [C:\Users\Masoud\source\repos\BloodConnectAPI\BloodConnectAPI.Services\BloodConnectAPI.Services.csproj]
C:\Users\Masoud\source\repos\BloodConnectAPI\BloodConnectAPI.Services\Implementations\DonorMedicalDocumentService.cs(4,23): error CS0234: The type or namespace name 'Models' does not exist in the namespace 'BloodConnectAPI' (are you missing an assembly reference?) [C:\Users\Masoud\source\repos\BloodConnectAPI\BloodConnectAPI.Services\BloodConnectAPI.Services.csproj]
C:\Users\Masoud\source\repos\BloodConnectAPI\BloodConnectAPI.Services\Implementations\DonorMedicalDocumentService.cs(5,23): error CS0234: The type or namespace name 'Models' does not exist in the namespace 'BloodConnectAPI' (are you missing an assembly reference?) [C:\Users\Masoud\source\repos\BloodConnectAPI\BloodConnectAPI.Services\BloodConnectAPI.Services.csproj]
C:\Users\Masoud\source\repos\BloodConnectAPI\BloodConnectAPI.Services\Implementations\DonorMedicalDocumentService.cs(8,17): error CS0234: The type or namespace name 'AspNetCore' does not exist in the namespace 'Microsoft' (are you missing an assembly reference?) [C:\Users\Masoud\source\repos\BloodConnectAPI\BloodConnectAPI.Services\BloodConnectAPI.Services.csproj]
C:\Users\Masoud\source\repos\BloodConnectAPI\BloodConnectAPI.Services\Implementations\DonorResponseService.cs(1,7): error CS0246: The type or namespace name 'AutoMapper' could not be found (are you missing a using directive or an assembly reference?) [C:\Users\Masoud\source\repos\BloodConnectAPI\BloodConnectAPI.Services\BloodConnectAPI.Services.csproj]
C:\Users\Masoud\source\repos\BloodConnectAPI\BloodConnectAPI.Services\Implementations\DonorResponseService.cs(2,23): error CS0234: The type or namespace name 'DataAccess' does not exist in the namespace 'BloodConnectAPI' (are you missing an assembly reference?) [C:\Users\Masoud\source\repos\BloodConnectAPI\BloodConnectAPI.Services\BloodConnectAPI.Services.csproj]
C:\Users\Masoud\source\repos\BloodConnectAPI\BloodConnectAPI.Services\Implementations\DonorResponseService.cs(3,23): error CS0234: The type or namespace name 'Models' does not exist in the namespace 'BloodConnectAPI' (are you missing an assembly reference?) [C:\Users\Masoud\source\repos\BloodConnectAPI\BloodConnectAPI.Services\BloodConnectAPI.Services.csproj]
C:\Users\Masoud\source\repos\BloodConnectAPI\BloodConnectAPI.Services\Implementations\DonorResponseService.cs(4,23): error CS0234: The type or namespace name 'Models' does not exist in the namespace 'BloodConnectAPI' (are you missing an assembly reference?) [C:\Users\Masoud\source\repos\BloodConnectAPI\BloodConnectAPI.Services\BloodConnectAPI.Services.csproj]
C:\Users\Masoud\source\repos\BloodConnectAPI\BloodConnectAPI.Services\Implementations\DonorResponseService.cs(5,23): error CS0234: The type or namespace name 'Models' does not exist in the namespace 'BloodConnectAPI' (are you missing an assembly reference?) [C:\Users\Masoud\source\repos\BloodConnectAPI\BloodConnectAPI.Services\BloodConnectAPI.Services.csproj]
C:\Users\Masoud\source\repos\BloodConnectAPI\BloodConnectAPI.Services\Implementations\DonorResponseService.cs(6,23): error CS0234: The type or namespace name 'Models' does not exist in the namespace 'BloodConnectAPI' (are you missing an assembly reference?) [C:\Users\Masoud\source\repos\BloodConnectAPI\BloodConnectAPI.Services\BloodConnectAPI.Services.csproj]
C:\Users\Masoud\source\repos\BloodConnectAPI\BloodConnectAPI.Services\Implementations\DonorService.cs(1,7): error CS0246: The type or namespace name 'AutoMapper' could not be found (are you missing a using directive or an assembly reference?) [C:\Users\Masoud\source\repos\BloodConnectAPI\BloodConnectAPI.Services\BloodConnectAPI.Services.csproj]
C:\Users\Masoud\source\repos\BloodConnectAPI\BloodConnectAPI.Services\Implementations\DonorService.cs(2,17): error CS0234: The type or namespace name 'AspNetCore' does not exist in the namespace 'Microsoft' (are you missing an assembly reference?) [C:\Users\Masoud\source\repos\BloodConnectAPI\BloodConnectAPI.Services\BloodConnectAPI.Services.csproj]
C:\Users\Masoud\source\repos\BloodConnectAPI\BloodConnectAPI.Services\Implementations\DonorService.cs(3,23): error CS0234: The type or namespace name 'DataAccess' does not exist in the namespace 'BloodConnectAPI' (are you missing an assembly reference?) [C:\Users\Masoud\source\repos\BloodConnectAPI\BloodConnectAPI.Services\BloodConnectAPI.Services.csproj]
C:\Users\Masoud\source\repos\BloodConnectAPI\BloodConnectAPI.Services\Implementations\DonorService.cs(4,23): error CS0234: The type or namespace name 'Models' does not exist in the namespace 'BloodConnectAPI' (are you missing an assembly reference?) [C:\Users\Masoud\source\repos\BloodConnectAPI\BloodConnectAPI.Services\BloodConnectAPI.Services.csproj]
C:\Users\Masoud\source\repos\BloodConnectAPI\BloodConnectAPI.Services\Implementations\DonorService.cs(5,23): error CS0234: The type or namespace name 'Models' does not exist in the namespace 'BloodConnectAPI' (are you missing an assembly reference?) [C:\Users\Masoud\source\repos\BloodConnectAPI\BloodConnectAPI.Services\BloodConnectAPI.Services.csproj]
C:\Users\Masoud\source\repos\BloodConnectAPI\BloodConnectAPI.Services\Implementations\DonorService.cs(6,23): error CS0234: The type or namespace name 'Models' does not exist in the namespace 'BloodConnectAPI' (are you missing an assembly reference?) [C:\Users\Masoud\source\repos\BloodConnectAPI\BloodConnectAPI.Services\BloodConnectAPI.Services.csproj]
C:\Users\Masoud\source\repos\BloodConnectAPI\BloodConnectAPI.Services\Implementations\InventoryService.cs(1,7): error CS0246: The type or namespace name 'AutoMapper' could not be found (are you missing a using directive or an assembly reference?) [C:\Users\Masoud\source\repos\BloodConnectAPI\BloodConnectAPI.Services\BloodConnectAPI.Services.csproj]
C:\Users\Masoud\source\repos\BloodConnectAPI\BloodConnectAPI.Services\Implementations\InventoryService.cs(2,23): error CS0234: The type or namespace name 'DataAccess' does not exist in the namespace 'BloodConnectAPI' (are you missing an assembly reference?) [C:\Users\Masoud\source\repos\BloodConnectAPI\BloodConnectAPI.Services\BloodConnectAPI.Services.csproj]
C:\Users\Masoud\source\repos\BloodConnectAPI\BloodConnectAPI.Services\Implementations\InventoryService.cs(3,23): error CS0234: The type or namespace name 'Models' does not exist in the namespace 'BloodConnectAPI' (are you missing an assembly reference?) [C:\Users\Masoud\source\repos\BloodConnectAPI\BloodConnectAPI.Services\BloodConnectAPI.Services.csproj]
C:\Users\Masoud\source\repos\BloodConnectAPI\BloodConnectAPI.Services\Implementations\InventoryService.cs(4,23): error CS0234: The type or namespace name 'Models' does not exist in the namespace 'BloodConnectAPI' (are you missing an assembly reference?) [C:\Users\Masoud\source\repos\BloodConnectAPI\BloodConnectAPI.Services\BloodConnectAPI.Services.csproj]
C:\Users\Masoud\source\repos\BloodConnectAPI\BloodConnectAPI.Services\Implementations\InventoryService.cs(5,23): error CS0234: The type or namespace name 'Models' does not exist in the namespace 'BloodConnectAPI' (are you missing an assembly reference?) [C:\Users\Masoud\source\repos\BloodConnectAPI\BloodConnectAPI.Services\BloodConnectAPI.Services.csproj]
C:\Users\Masoud\source\repos\BloodConnectAPI\BloodConnectAPI.Services\Implementations\PatientService.cs(1,7): error CS0246: The type or namespace name 'AutoMapper' could not be found (are you missing a using directive or an assembly reference?) [C:\Users\Masoud\source\repos\BloodConnectAPI\BloodConnectAPI.Services\BloodConnectAPI.Services.csproj]
C:\Users\Masoud\source\repos\BloodConnectAPI\BloodConnectAPI.Services\Implementations\PatientService.cs(2,23): error CS0234: The type or namespace name 'DataAccess' does not exist in the namespace 'BloodConnectAPI' (are you missing an assembly reference?) [C:\Users\Masoud\source\repos\BloodConnectAPI\BloodConnectAPI.Services\BloodConnectAPI.Services.csproj]
C:\Users\Masoud\source\repos\BloodConnectAPI\BloodConnectAPI.Services\Implementations\PatientService.cs(3,23): error CS0234: The type or namespace name 'Models' does not exist in the namespace 'BloodConnectAPI' (are you missing an assembly reference?) [C:\Users\Masoud\source\repos\BloodConnectAPI\BloodConnectAPI.Services\BloodConnectAPI.Services.csproj]
C:\Users\Masoud\source\repos\BloodConnectAPI\BloodConnectAPI.Services\Implementations\PatientService.cs(4,23): error CS0234: The type or namespace name 'Models' does not exist in the namespace 'BloodConnectAPI' (are you missing an assembly reference?) [C:\Users\Masoud\source\repos\BloodConnectAPI\BloodConnectAPI.Services\BloodConnectAPI.Services.csproj]
C:\Users\Masoud\source\repos\BloodConnectAPI\BloodConnectAPI.Services\Implementations\ReportService.cs(1,7): error CS0246: The type or namespace name 'AutoMapper' could not be found (are you missing a using directive or an assembly reference?) [C:\Users\Masoud\source\repos\BloodConnectAPI\BloodConnectAPI.Services\BloodConnectAPI.Services.csproj]
C:\Users\Masoud\source\repos\BloodConnectAPI\BloodConnectAPI.Services\Implementations\ReportService.cs(2,23): error CS0234: The type or namespace name 'DataAccess' does not exist in the namespace 'BloodConnectAPI' (are you missing an assembly reference?) [C:\Users\Masoud\source\repos\BloodConnectAPI\BloodConnectAPI.Services\BloodConnectAPI.Services.csproj]
C:\Users\Masoud\source\repos\BloodConnectAPI\BloodConnectAPI.Services\Implementations\ReportService.cs(3,23): error CS0234: The type or namespace name 'Models' does not exist in the namespace 'BloodConnectAPI' (are you missing an assembly reference?) [C:\Users\Masoud\source\repos\BloodConnectAPI\BloodConnectAPI.Services\BloodConnectAPI.Services.csproj]
C:\Users\Masoud\source\repos\BloodConnectAPI\BloodConnectAPI.Services\Implementations\ReportService.cs(4,23): error CS0234: The type or namespace name 'Models' does not exist in the namespace 'BloodConnectAPI' (are you missing an assembly reference?) [C:\Users\Masoud\source\repos\BloodConnectAPI\BloodConnectAPI.Services\BloodConnectAPI.Services.csproj]
C:\Users\Masoud\source\repos\BloodConnectAPI\BloodConnectAPI.Services\Implementations\ReportService.cs(5,23): error CS0234: The type or namespace name 'Models' does not exist in the namespace 'BloodConnectAPI' (are you missing an assembly reference?) [C:\Users\Masoud\source\repos\BloodConnectAPI\BloodConnectAPI.Services\BloodConnectAPI.Services.csproj]
C:\Users\Masoud\source\repos\BloodConnectAPI\BloodConnectAPI.Services\Implementations\ReportService.cs(6,23): error CS0234: The type or namespace name 'Models' does not exist in the namespace 'BloodConnectAPI' (are you missing an assembly reference?) [C:\Users\Masoud\source\repos\BloodConnectAPI\BloodConnectAPI.Services\BloodConnectAPI.Services.csproj]
C:\Users\Masoud\source\repos\BloodConnectAPI\BloodConnectAPI.Services\Implementations\ReportService.cs(7,23): error CS0234: The type or namespace name 'Models' does not exist in the namespace 'BloodConnectAPI' (are you missing an assembly reference?) [C:\Users\Masoud\source\repos\BloodConnectAPI\BloodConnectAPI.Services\BloodConnectAPI.Services.csproj]
C:\Users\Masoud\source\repos\BloodConnectAPI\BloodConnectAPI.Services\Implementations\ReportService.cs(8,23): error CS0234: The type or namespace name 'Models' does not exist in the namespace 'BloodConnectAPI' (are you missing an assembly reference?) [C:\Users\Masoud\source\repos\BloodConnectAPI\BloodConnectAPI.Services\BloodConnectAPI.Services.csproj]
C:\Users\Masoud\source\repos\BloodConnectAPI\BloodConnectAPI.Services\Implementations\ReportService.cs(9,23): error CS0234: The type or namespace name 'Models' does not exist in the namespace 'BloodConnectAPI' (are you missing an assembly reference?) [C:\Users\Masoud\source\repos\BloodConnectAPI\BloodConnectAPI.Services\BloodConnectAPI.Services.csproj]
C:\Users\Masoud\source\repos\BloodConnectAPI\BloodConnectAPI.Services\Implementations\ReportService.cs(10,23): error CS0234: The type or namespace name 'Models' does not exist in the namespace 'BloodConnectAPI' (are you missing an assembly reference?) [C:\Users\Masoud\source\repos\BloodConnectAPI\BloodConnectAPI.Services\BloodConnectAPI.Services.csproj]
C:\Users\Masoud\source\repos\BloodConnectAPI\BloodConnectAPI.Services\Implementations\ReportService.cs(11,23): error CS0234: The type or namespace name 'Models' does not exist in the namespace 'BloodConnectAPI' (are you missing an assembly reference?) [C:\Users\Masoud\source\repos\BloodConnectAPI\BloodConnectAPI.Services\BloodConnectAPI.Services.csproj]
C:\Users\Masoud\source\repos\BloodConnectAPI\BloodConnectAPI.Services\Implementations\ReportService.cs(14,17): error CS0234: The type or namespace name 'Extensions' does not exist in the namespace 'Microsoft' (are you missing an assembly reference?) [C:\Users\Masoud\source\repos\BloodConnectAPI\BloodConnectAPI.Services\BloodConnectAPI.Services.csproj]
C:\Users\Masoud\source\repos\BloodConnectAPI\BloodConnectAPI.Services\Implementations\UserService.cs(1,7): error CS0246: The type or namespace name 'AutoMapper' could not be found (are you missing a using directive or an assembly reference?) [C:\Users\Masoud\source\repos\BloodConnectAPI\BloodConnectAPI.Services\BloodConnectAPI.Services.csproj]
C:\Users\Masoud\source\repos\BloodConnectAPI\BloodConnectAPI.Services\Implementations\UserService.cs(2,17): error CS0234: The type or namespace name 'AspNetCore' does not exist in the namespace 'Microsoft' (are you missing an assembly reference?) [C:\Users\Masoud\source\repos\BloodConnectAPI\BloodConnectAPI.Services\BloodConnectAPI.Services.csproj]
C:\Users\Masoud\source\repos\BloodConnectAPI\BloodConnectAPI.Services\Implementations\UserService.cs(3,17): error CS0234: The type or namespace name 'EntityFrameworkCore' does not exist in the namespace 'Microsoft' (are you missing an assembly reference?) [C:\Users\Masoud\source\repos\BloodConnectAPI\BloodConnectAPI.Services\BloodConnectAPI.Services.csproj]
C:\Users\Masoud\source\repos\BloodConnectAPI\BloodConnectAPI.Services\Implementations\UserService.cs(4,23): error CS0234: The type or namespace name 'DataAccess' does not exist in the namespace 'BloodConnectAPI' (are you missing an assembly reference?) [C:\Users\Masoud\source\repos\BloodConnectAPI\BloodConnectAPI.Services\BloodConnectAPI.Services.csproj]
C:\Users\Masoud\source\repos\BloodConnectAPI\BloodConnectAPI.Services\Implementations\UserService.cs(5,23): error CS0234: The type or namespace name 'Models' does not exist in the namespace 'BloodConnectAPI' (are you missing an assembly reference?) [C:\Users\Masoud\source\repos\BloodConnectAPI\BloodConnectAPI.Services\BloodConnectAPI.Services.csproj]
C:\Users\Masoud\source\repos\BloodConnectAPI\BloodConnectAPI.Services\Implementations\UserService.cs(6,23): error CS0234: The type or namespace name 'Models' does not exist in the namespace 'BloodConnectAPI' (are you missing an assembly reference?) [C:\Users\Masoud\source\repos\BloodConnectAPI\BloodConnectAPI.Services\BloodConnectAPI.Services.csproj]
C:\Users\Masoud\source\repos\BloodConnectAPI\BloodConnectAPI.Services\Interfaces\IAuthService.cs(1,23): error CS0234: The type or namespace name 'Models' does not exist in the namespace 'BloodConnectAPI' (are you missing an assembly reference?) [C:\Users\Masoud\source\repos\BloodConnectAPI\BloodConnectAPI.Services\BloodConnectAPI.Services.csproj]
C:\Users\Masoud\source\repos\BloodConnectAPI\BloodConnectAPI.Services\Interfaces\IAuthService.cs(2,23): error CS0234: The type or namespace name 'Models' does not exist in the namespace 'BloodConnectAPI' (are you missing an assembly reference?) [C:\Users\Masoud\source\repos\BloodConnectAPI\BloodConnectAPI.Services\BloodConnectAPI.Services.csproj]
C:\Users\Masoud\source\repos\BloodConnectAPI\BloodConnectAPI.Services\Interfaces\IBloodRequestService.cs(1,23): error CS0234: The type or namespace name 'Models' does not exist in the namespace 'BloodConnectAPI' (are you missing an assembly reference?) [C:\Users\Masoud\source\repos\BloodConnectAPI\BloodConnectAPI.Services\BloodConnectAPI.Services.csproj]
C:\Users\Masoud\source\repos\BloodConnectAPI\BloodConnectAPI.Services\Interfaces\IBloodRequestService.cs(2,23): error CS0234: The type or namespace name 'Models' does not exist in the namespace 'BloodConnectAPI' (are you missing an assembly reference?) [C:\Users\Masoud\source\repos\BloodConnectAPI\BloodConnectAPI.Services\BloodConnectAPI.Services.csproj]
C:\Users\Masoud\source\repos\BloodConnectAPI\BloodConnectAPI.Services\Interfaces\IBloodRequestService.cs(3,23): error CS0234: The type or namespace name 'Models' does not exist in the namespace 'BloodConnectAPI' (are you missing an assembly reference?) [C:\Users\Masoud\source\repos\BloodConnectAPI\BloodConnectAPI.Services\BloodConnectAPI.Services.csproj]
C:\Users\Masoud\source\repos\BloodConnectAPI\BloodConnectAPI.Services\Interfaces\IBloodRequestService.cs(4,23): error CS0234: The type or namespace name 'Models' does not exist in the namespace 'BloodConnectAPI' (are you missing an assembly reference?) [C:\Users\Masoud\source\repos\BloodConnectAPI\BloodConnectAPI.Services\BloodConnectAPI.Services.csproj]
C:\Users\Masoud\source\repos\BloodConnectAPI\BloodConnectAPI.Services\Interfaces\IDonationService.cs(1,23): error CS0234: The type or namespace name 'Models' does not exist in the namespace 'BloodConnectAPI' (are you missing an assembly reference?) [C:\Users\Masoud\source\repos\BloodConnectAPI\BloodConnectAPI.Services\BloodConnectAPI.Services.csproj]
C:\Users\Masoud\source\repos\BloodConnectAPI\BloodConnectAPI.Services\Interfaces\IDonationService.cs(2,23): error CS0234: The type or namespace name 'Models' does not exist in the namespace 'BloodConnectAPI' (are you missing an assembly reference?) [C:\Users\Masoud\source\repos\BloodConnectAPI\BloodConnectAPI.Services\BloodConnectAPI.Services.csproj]
C:\Users\Masoud\source\repos\BloodConnectAPI\BloodConnectAPI.Services\Interfaces\IDonorMedicalDocumentService.cs(1,23): error CS0234: The type or namespace name 'Models' does not exist in the namespace 'BloodConnectAPI' (are you missing an assembly reference?) [C:\Users\Masoud\source\repos\BloodConnectAPI\BloodConnectAPI.Services\BloodConnectAPI.Services.csproj]
C:\Users\Masoud\source\repos\BloodConnectAPI\BloodConnectAPI.Services\Interfaces\IDonorResponseService.cs(1,23): error CS0234: The type or namespace name 'Models' does not exist in the namespace 'BloodConnectAPI' (are you missing an assembly reference?) [C:\Users\Masoud\source\repos\BloodConnectAPI\BloodConnectAPI.Services\BloodConnectAPI.Services.csproj]
C:\Users\Masoud\source\repos\BloodConnectAPI\BloodConnectAPI.Services\Interfaces\IDonorResponseService.cs(2,23): error CS0234: The type or namespace name 'Models' does not exist in the namespace 'BloodConnectAPI' (are you missing an assembly reference?) [C:\Users\Masoud\source\repos\BloodConnectAPI\BloodConnectAPI.Services\BloodConnectAPI.Services.csproj]
C:\Users\Masoud\source\repos\BloodConnectAPI\BloodConnectAPI.Services\Interfaces\IDonorResponseService.cs(3,23): error CS0234: The type or namespace name 'Models' does not exist in the namespace 'BloodConnectAPI' (are you missing an assembly reference?) [C:\Users\Masoud\source\repos\BloodConnectAPI\BloodConnectAPI.Services\BloodConnectAPI.Services.csproj]
C:\Users\Masoud\source\repos\BloodConnectAPI\BloodConnectAPI.Services\Interfaces\IDonorService.cs(1,23): error CS0234: The type or namespace name 'Models' does not exist in the namespace 'BloodConnectAPI' (are you missing an assembly reference?) [C:\Users\Masoud\source\repos\BloodConnectAPI\BloodConnectAPI.Services\BloodConnectAPI.Services.csproj]
C:\Users\Masoud\source\repos\BloodConnectAPI\BloodConnectAPI.Services\Interfaces\IDonorService.cs(2,23): error CS0234: The type or namespace name 'Models' does not exist in the namespace 'BloodConnectAPI' (are you missing an assembly reference?) [C:\Users\Masoud\source\repos\BloodConnectAPI\BloodConnectAPI.Services\BloodConnectAPI.Services.csproj]
C:\Users\Masoud\source\repos\BloodConnectAPI\BloodConnectAPI.Services\Interfaces\IDonorService.cs(3,23): error CS0234: The type or namespace name 'Models' does not exist in the namespace 'BloodConnectAPI' (are you missing an assembly reference?) [C:\Users\Masoud\source\repos\BloodConnectAPI\BloodConnectAPI.Services\BloodConnectAPI.Services.csproj]
C:\Users\Masoud\source\repos\BloodConnectAPI\BloodConnectAPI.Services\Interfaces\IInventoryService.cs(1,23): error CS0234: The type or namespace name 'Models' does not exist in the namespace 'BloodConnectAPI' (are you missing an assembly reference?) [C:\Users\Masoud\source\repos\BloodConnectAPI\BloodConnectAPI.Services\BloodConnectAPI.Services.csproj]
C:\Users\Masoud\source\repos\BloodConnectAPI\BloodConnectAPI.Services\Interfaces\IInventoryService.cs(2,23): error CS0234: The type or namespace name 'Models' does not exist in the namespace 'BloodConnectAPI' (are you missing an assembly reference?) [C:\Users\Masoud\source\repos\BloodConnectAPI\BloodConnectAPI.Services\BloodConnectAPI.Services.csproj]
C:\Users\Masoud\source\repos\BloodConnectAPI\BloodConnectAPI.Services\Interfaces\IInventoryService.cs(3,23): error CS0234: The type or namespace name 'Models' does not exist in the namespace 'BloodConnectAPI' (are you missing an assembly reference?) [C:\Users\Masoud\source\repos\BloodConnectAPI\BloodConnectAPI.Services\BloodConnectAPI.Services.csproj]
C:\Users\Masoud\source\repos\BloodConnectAPI\BloodConnectAPI.Services\Interfaces\IPatientService.cs(1,23): error CS0234: The type or namespace name 'Models' does not exist in the namespace 'BloodConnectAPI' (are you missing an assembly reference?) [C:\Users\Masoud\source\repos\BloodConnectAPI\BloodConnectAPI.Services\BloodConnectAPI.Services.csproj]
C:\Users\Masoud\source\repos\BloodConnectAPI\BloodConnectAPI.Services\Interfaces\IPatientService.cs(2,23): error CS0234: The type or namespace name 'Models' does not exist in the namespace 'BloodConnectAPI' (are you missing an assembly reference?) [C:\Users\Masoud\source\repos\BloodConnectAPI\BloodConnectAPI.Services\BloodConnectAPI.Services.csproj]
C:\Users\Masoud\source\repos\BloodConnectAPI\BloodConnectAPI.Services\Interfaces\IReportService.cs(1,23): error CS0234: The type or namespace name 'Models' does not exist in the namespace 'BloodConnectAPI' (are you missing an assembly reference?) [C:\Users\Masoud\source\repos\BloodConnectAPI\BloodConnectAPI.Services\BloodConnectAPI.Services.csproj]
C:\Users\Masoud\source\repos\BloodConnectAPI\BloodConnectAPI.Services\Interfaces\IReportService.cs(2,23): error CS0234: The type or namespace name 'Models' does not exist in the namespace 'BloodConnectAPI' (are you missing an assembly reference?) [C:\Users\Masoud\source\repos\BloodConnectAPI\BloodConnectAPI.Services\BloodConnectAPI.Services.csproj]
C:\Users\Masoud\source\repos\BloodConnectAPI\BloodConnectAPI.Services\Interfaces\IReportService.cs(3,23): error CS0234: The type or namespace name 'Models' does not exist in the namespace 'BloodConnectAPI' (are you missing an assembly reference?) [C:\Users\Masoud\source\repos\BloodConnectAPI\BloodConnectAPI.Services\BloodConnectAPI.Services.csproj]
C:\Users\Masoud\source\repos\BloodConnectAPI\BloodConnectAPI.Services\Interfaces\IReportService.cs(4,23): error CS0234: The type or namespace name 'Models' does not exist in the namespace 'BloodConnectAPI' (are you missing an assembly reference?) [C:\Users\Masoud\source\repos\BloodConnectAPI\BloodConnectAPI.Services\BloodConnectAPI.Services.csproj]
C:\Users\Masoud\source\repos\BloodConnectAPI\BloodConnectAPI.Services\Interfaces\IReportService.cs(5,23): error CS0234: The type or namespace name 'Models' does not exist in the namespace 'BloodConnectAPI' (are you missing an assembly reference?) [C:\Users\Masoud\source\repos\BloodConnectAPI\BloodConnectAPI.Services\BloodConnectAPI.Services.csproj]
C:\Users\Masoud\source\repos\BloodConnectAPI\BloodConnectAPI.Services\Interfaces\IReportService.cs(6,23): error CS0234: The type or namespace name 'Models' does not exist in the namespace 'BloodConnectAPI' (are you missing an assembly reference?) [C:\Users\Masoud\source\repos\BloodConnectAPI\BloodConnectAPI.Services\BloodConnectAPI.Services.csproj]
C:\Users\Masoud\source\repos\BloodConnectAPI\BloodConnectAPI.Services\Interfaces\IReportService.cs(7,23): error CS0234: The type or namespace name 'Models' does not exist in the namespace 'BloodConnectAPI' (are you missing an assembly reference?) [C:\Users\Masoud\source\repos\BloodConnectAPI\BloodConnectAPI.Services\BloodConnectAPI.Services.csproj]
C:\Users\Masoud\source\repos\BloodConnectAPI\BloodConnectAPI.Services\Interfaces\IUserService.cs(1,23): error CS0234: The type or namespace name 'Models' does not exist in the namespace 'BloodConnectAPI' (are you missing an assembly reference?) [C:\Users\Masoud\source\repos\BloodConnectAPI\BloodConnectAPI.Services\BloodConnectAPI.Services.csproj]
C:\Users\Masoud\source\repos\BloodConnectAPI\BloodConnectAPI.Services\Common\DonationBusinessRules.cs(66,9): error CS0246: The type or namespace name 'Gender' could not be found (are you missing a using directive or an assembly reference?) [C:\Users\Masoud\source\repos\BloodConnectAPI\BloodConnectAPI.Services\BloodConnectAPI.Services.csproj]
C:\Users\Masoud\source\repos\BloodConnectAPI\BloodConnectAPI.Services\Interfaces\IDonationService.cs(13,26): error CS0246: The type or namespace name 'DonationDto' could not be found (are you missing a using directive or an assembly reference?) [C:\Users\Masoud\source\repos\BloodConnectAPI\BloodConnectAPI.Services\BloodConnectAPI.Services.csproj]
C:\Users\Masoud\source\repos\BloodConnectAPI\BloodConnectAPI.Services\Interfaces\IBloodRequestService.cs(15,26): error CS0246: The type or namespace name 'BloodRequestResponseDto' could not be found (are you missing a using directive or an assembly reference?) [C:\Users\Masoud\source\repos\BloodConnectAPI\BloodConnectAPI.Services\BloodConnectAPI.Services.csproj]
C:\Users\Masoud\source\repos\BloodConnectAPI\BloodConnectAPI.Services\Implementations\DonationService.cs(27,39): error CS0246: The type or namespace name 'DonationDto' could not be found (are you missing a using directive or an assembly reference?) [C:\Users\Masoud\source\repos\BloodConnectAPI\BloodConnectAPI.Services\BloodConnectAPI.Services.csproj]
C:\Users\Masoud\source\repos\BloodConnectAPI\BloodConnectAPI.Services\Implementations\BloodRequestService.cs(27,39): error CS0246: The type or namespace name 'BloodRequestResponseDto' could not be found (are you missing a using directive or an assembly reference?) [C:\Users\Masoud\source\repos\BloodConnectAPI\BloodConnectAPI.Services\BloodConnectAPI.Services.csproj]
C:\Users\Masoud\source\repos\BloodConnectAPI\BloodConnectAPI.Services\Interfaces\IAuthService.cs(15,56): error CS0246: The type or namespace name 'LoginDto' could not be found (are you missing a using directive or an assembly reference?) [C:\Users\Masoud\source\repos\BloodConnectAPI\BloodConnectAPI.Services\BloodConnectAPI.Services.csproj]
C:\Users\Masoud\source\repos\BloodConnectAPI\BloodConnectAPI.Services\Interfaces\IAuthService.cs(15,26): error CS0246: The type or namespace name 'LoginResponseDto' could not be found (are you missing a using directive or an assembly reference?) [C:\Users\Masoud\source\repos\BloodConnectAPI\BloodConnectAPI.Services\BloodConnectAPI.Services.csproj]
C:\Users\Masoud\source\repos\BloodConnectAPI\BloodConnectAPI.Services\Implementations\AuthService.cs(33,69): error CS0246: The type or namespace name 'LoginDto' could not be found (are you missing a using directive or an assembly reference?) [C:\Users\Masoud\source\repos\BloodConnectAPI\BloodConnectAPI.Services\BloodConnectAPI.Services.csproj]
C:\Users\Masoud\source\repos\BloodConnectAPI\BloodConnectAPI.Services\Implementations\AuthService.cs(33,39): error CS0246: The type or namespace name 'LoginResponseDto' could not be found (are you missing a using directive or an assembly reference?) [C:\Users\Masoud\source\repos\BloodConnectAPI\BloodConnectAPI.Services\BloodConnectAPI.Services.csproj]
C:\Users\Masoud\source\repos\BloodConnectAPI\BloodConnectAPI.Services\Interfaces\IDonorMedicalDocumentService.cs(11,72): error CS0246: The type or namespace name 'SubmitMedicalDocumentDto' could not be found (are you missing a using directive or an assembly reference?) [C:\Users\Masoud\source\repos\BloodConnectAPI\BloodConnectAPI.Services\BloodConnectAPI.Services.csproj]
C:\Users\Masoud\source\repos\BloodConnectAPI\BloodConnectAPI.Services\Interfaces\IDonorMedicalDocumentService.cs(11,26): error CS0246: The type or namespace name 'DonorMedicalDocumentDto' could not be found (are you missing a using directive or an assembly reference?) [C:\Users\Masoud\source\repos\BloodConnectAPI\BloodConnectAPI.Services\BloodConnectAPI.Services.csproj]
C:\Users\Masoud\source\repos\BloodConnectAPI\BloodConnectAPI.Services\Interfaces\IDonationService.cs(14,38): error CS0246: The type or namespace name 'DonationDto' could not be found (are you missing a using directive or an assembly reference?) [C:\Users\Masoud\source\repos\BloodConnectAPI\BloodConnectAPI.Services\BloodConnectAPI.Services.csproj]
C:\Users\Masoud\source\repos\BloodConnectAPI\BloodConnectAPI.Services\Implementations\DonorMedicalDocumentService.cs(23,85): error CS0246: The type or namespace name 'SubmitMedicalDocumentDto' could not be found (are you missing a using directive or an assembly reference?) [C:\Users\Masoud\source\repos\BloodConnectAPI\BloodConnectAPI.Services\BloodConnectAPI.Services.csproj]
C:\Users\Masoud\source\repos\BloodConnectAPI\BloodConnectAPI.Services\Implementations\DonorMedicalDocumentService.cs(23,39): error CS0246: The type or namespace name 'DonorMedicalDocumentDto' could not be found (are you missing a using directive or an assembly reference?) [C:\Users\Masoud\source\repos\BloodConnectAPI\BloodConnectAPI.Services\BloodConnectAPI.Services.csproj]
C:\Users\Masoud\source\repos\BloodConnectAPI\BloodConnectAPI.Services\Implementations\DonationService.cs(38,51): error CS0246: The type or namespace name 'DonationDto' could not be found (are you missing a using directive or an assembly reference?) [C:\Users\Masoud\source\repos\BloodConnectAPI\BloodConnectAPI.Services\BloodConnectAPI.Services.csproj]
C:\Users\Masoud\source\repos\BloodConnectAPI\BloodConnectAPI.Services\Implementations\InventoryService.cs(25,51): error CS0246: The type or namespace name 'BloodInventoryDto' could not be found (are you missing a using directive or an assembly reference?) [C:\Users\Masoud\source\repos\BloodConnectAPI\BloodConnectAPI.Services\BloodConnectAPI.Services.csproj]
C:\Users\Masoud\source\repos\BloodConnectAPI\BloodConnectAPI.Services\Implementations\DonorService.cs(28,39): error CS0246: The type or namespace name 'DonorDto' could not be found (are you missing a using directive or an assembly reference?) [C:\Users\Masoud\source\repos\BloodConnectAPI\BloodConnectAPI.Services\BloodConnectAPI.Services.csproj]
C:\Users\Masoud\source\repos\BloodConnectAPI\BloodConnectAPI.Services\Implementations\DonorResponseService.cs(29,80): error CS0246: The type or namespace name 'CreateDonorResponseDto' could not be found (are you missing a using directive or an assembly reference?) [C:\Users\Masoud\source\repos\BloodConnectAPI\BloodConnectAPI.Services\BloodConnectAPI.Services.csproj]
C:\Users\Masoud\source\repos\BloodConnectAPI\BloodConnectAPI.Services\Implementations\DonorResponseService.cs(29,39): error CS0246: The type or namespace name 'DonorResponseDto' could not be found (are you missing a using directive or an assembly reference?) [C:\Users\Masoud\source\repos\BloodConnectAPI\BloodConnectAPI.Services\BloodConnectAPI.Services.csproj]
C:\Users\Masoud\source\repos\BloodConnectAPI\BloodConnectAPI.Services\Interfaces\IDonorMedicalDocumentService.cs(12,26): error CS0246: The type or namespace name 'DonorMedicalDocumentDto' could not be found (are you missing a using directive or an assembly reference?) [C:\Users\Masoud\source\repos\BloodConnectAPI\BloodConnectAPI.Services\BloodConnectAPI.Services.csproj]
C:\Users\Masoud\source\repos\BloodConnectAPI\BloodConnectAPI.Services\Implementations\DonorMedicalDocumentService.cs(84,39): error CS0246: The type or namespace name 'DonorMedicalDocumentDto' could not be found (are you missing a using directive or an assembly reference?) [C:\Users\Masoud\source\repos\BloodConnectAPI\BloodConnectAPI.Services\BloodConnectAPI.Services.csproj]
C:\Users\Masoud\source\repos\BloodConnectAPI\BloodConnectAPI.Services\Interfaces\IBloodRequestService.cs(16,26): error CS0246: The type or namespace name 'PagedResultDto<>' could not be found (are you missing a using directive or an assembly reference?) [C:\Users\Masoud\source\repos\BloodConnectAPI\BloodConnectAPI.Services\BloodConnectAPI.Services.csproj]
C:\Users\Masoud\source\repos\BloodConnectAPI\BloodConnectAPI.Services\Interfaces\IBloodRequestService.cs(16,41): error CS0246: The type or namespace name 'BloodRequestListDto' could not be found (are you missing a using directive or an assembly reference?) [C:\Users\Masoud\source\repos\BloodConnectAPI\BloodConnectAPI.Services\BloodConnectAPI.Services.csproj]
C:\Users\Masoud\source\repos\BloodConnectAPI\BloodConnectAPI.Services\Interfaces\IAuthService.cs(20,61): error CS0246: The type or namespace name 'RegisterDto' could not be found (are you missing a using directive or an assembly reference?) [C:\Users\Masoud\source\repos\BloodConnectAPI\BloodConnectAPI.Services\BloodConnectAPI.Services.csproj]
C:\Users\Masoud\source\repos\BloodConnectAPI\BloodConnectAPI.Services\Interfaces\IAuthService.cs(20,26): error CS0246: The type or namespace name 'ApplicationUserDto' could not be found (are you missing a using directive or an assembly reference?) [C:\Users\Masoud\source\repos\BloodConnectAPI\BloodConnectAPI.Services\BloodConnectAPI.Services.csproj]
C:\Users\Masoud\source\repos\BloodConnectAPI\BloodConnectAPI.Services\Implementations\BloodRequestService.cs(38,39): error CS0246: The type or namespace name 'PagedResultDto<>' could not be found (are you missing a using directive or an assembly reference?) [C:\Users\Masoud\source\repos\BloodConnectAPI\BloodConnectAPI.Services\BloodConnectAPI.Services.csproj]
C:\Users\Masoud\source\repos\BloodConnectAPI\BloodConnectAPI.Services\Implementations\BloodRequestService.cs(38,54): error CS0246: The type or namespace name 'BloodRequestListDto' could not be found (are you missing a using directive or an assembly reference?) [C:\Users\Masoud\source\repos\BloodConnectAPI\BloodConnectAPI.Services\BloodConnectAPI.Services.csproj]
C:\Users\Masoud\source\repos\BloodConnectAPI\BloodConnectAPI.Services\Implementations\InventoryService.cs(32,39): error CS0246: The type or namespace name 'BloodInventoryDto' could not be found (are you missing a using directive or an assembly reference?) [C:\Users\Masoud\source\repos\BloodConnectAPI\BloodConnectAPI.Services\BloodConnectAPI.Services.csproj]
C:\Users\Masoud\source\repos\BloodConnectAPI\BloodConnectAPI.Services\Implementations\DonorService.cs(39,51): error CS0246: The type or namespace name 'DonorDto' could not be found (are you missing a using directive or an assembly reference?) [C:\Users\Masoud\source\repos\BloodConnectAPI\BloodConnectAPI.Services\BloodConnectAPI.Services.csproj]
C:\Users\Masoud\source\repos\BloodConnectAPI\BloodConnectAPI.Services\Implementations\AuthService.cs(78,74): error CS0246: The type or namespace name 'RegisterDto' could not be found (are you missing a using directive or an assembly reference?) [C:\Users\Masoud\source\repos\BloodConnectAPI\BloodConnectAPI.Services\BloodConnectAPI.Services.csproj]
C:\Users\Masoud\source\repos\BloodConnectAPI\BloodConnectAPI.Services\Implementations\AuthService.cs(78,39): error CS0246: The type or namespace name 'ApplicationUserDto' could not be found (are you missing a using directive or an assembly reference?) [C:\Users\Masoud\source\repos\BloodConnectAPI\BloodConnectAPI.Services\BloodConnectAPI.Services.csproj]
C:\Users\Masoud\source\repos\BloodConnectAPI\BloodConnectAPI.Services\Interfaces\IDonorMedicalDocumentService.cs(13,38): error CS0246: The type or namespace name 'DonorMedicalDocumentDto' could not be found (are you missing a using directive or an assembly reference?) [C:\Users\Masoud\source\repos\BloodConnectAPI\BloodConnectAPI.Services\BloodConnectAPI.Services.csproj]
C:\Users\Masoud\source\repos\BloodConnectAPI\BloodConnectAPI.Services\Interfaces\IDonationService.cs(15,52): error CS0246: The type or namespace name 'CreateDonationDto' could not be found (are you missing a using directive or an assembly reference?) [C:\Users\Masoud\source\repos\BloodConnectAPI\BloodConnectAPI.Services\BloodConnectAPI.Services.csproj]
C:\Users\Masoud\source\repos\BloodConnectAPI\BloodConnectAPI.Services\Interfaces\IDonationService.cs(15,26): error CS0246: The type or namespace name 'DonationDto' could not be found (are you missing a using directive or an assembly reference?) [C:\Users\Masoud\source\repos\BloodConnectAPI\BloodConnectAPI.Services\BloodConnectAPI.Services.csproj]
C:\Users\Masoud\source\repos\BloodConnectAPI\BloodConnectAPI.Services\Implementations\DonorMedicalDocumentService.cs(94,51): error CS0246: The type or namespace name 'DonorMedicalDocumentDto' could not be found (are you missing a using directive or an assembly reference?) [C:\Users\Masoud\source\repos\BloodConnectAPI\BloodConnectAPI.Services\BloodConnectAPI.Services.csproj]
C:\Users\Masoud\source\repos\BloodConnectAPI\BloodConnectAPI.Services\Implementations\DonationService.cs(60,65): error CS0246: The type or namespace name 'CreateDonationDto' could not be found (are you missing a using directive or an assembly reference?) [C:\Users\Masoud\source\repos\BloodConnectAPI\BloodConnectAPI.Services\BloodConnectAPI.Services.csproj]
C:\Users\Masoud\source\repos\BloodConnectAPI\BloodConnectAPI.Services\Implementations\DonationService.cs(60,39): error CS0246: The type or namespace name 'DonationDto' could not be found (are you missing a using directive or an assembly reference?) [C:\Users\Masoud\source\repos\BloodConnectAPI\BloodConnectAPI.Services\BloodConnectAPI.Services.csproj]
C:\Users\Masoud\source\repos\BloodConnectAPI\BloodConnectAPI.Services\Implementations\InventoryService.cs(43,51): error CS0246: The type or namespace name 'BloodInventoryDto' could not be found (are you missing a using directive or an assembly reference?) [C:\Users\Masoud\source\repos\BloodConnectAPI\BloodConnectAPI.Services\BloodConnectAPI.Services.csproj]
C:\Users\Masoud\source\repos\BloodConnectAPI\BloodConnectAPI.Services\Implementations\DonorResponseService.cs(84,100): error CS0246: The type or namespace name 'UpdateResponseStatusDto' could not be found (are you missing a using directive or an assembly reference?) [C:\Users\Masoud\source\repos\BloodConnectAPI\BloodConnectAPI.Services\BloodConnectAPI.Services.csproj]
C:\Users\Masoud\source\repos\BloodConnectAPI\BloodConnectAPI.Services\Implementations\DonorResponseService.cs(84,39): error CS0246: The type or namespace name 'DonorResponseDto' could not be found (are you missing a using directive or an assembly reference?) [C:\Users\Masoud\source\repos\BloodConnectAPI\BloodConnectAPI.Services\BloodConnectAPI.Services.csproj]
C:\Users\Masoud\source\repos\BloodConnectAPI\BloodConnectAPI.Services\Interfaces\IBloodRequestService.cs(17,64): error CS0246: The type or namespace name 'CreateBloodRequestDto' could not be found (are you missing a using directive or an assembly reference?) [C:\Users\Masoud\source\repos\BloodConnectAPI\BloodConnectAPI.Services\BloodConnectAPI.Services.csproj]
C:\Users\Masoud\source\repos\BloodConnectAPI\BloodConnectAPI.Services\Interfaces\IBloodRequestService.cs(17,26): error CS0246: The type or namespace name 'BloodRequestResponseDto' could not be found (are you missing a using directive or an assembly reference?) [C:\Users\Masoud\source\repos\BloodConnectAPI\BloodConnectAPI.Services\BloodConnectAPI.Services.csproj]
C:\Users\Masoud\source\repos\BloodConnectAPI\BloodConnectAPI.Services\Interfaces\IDonorResponseService.cs(16,67): error CS0246: The type or namespace name 'CreateDonorResponseDto' could not be found (are you missing a using directive or an assembly reference?) [C:\Users\Masoud\source\repos\BloodConnectAPI\BloodConnectAPI.Services\BloodConnectAPI.Services.csproj]
C:\Users\Masoud\source\repos\BloodConnectAPI\BloodConnectAPI.Services\Interfaces\IDonorResponseService.cs(16,26): error CS0246: The type or namespace name 'DonorResponseDto' could not be found (are you missing a using directive or an assembly reference?) [C:\Users\Masoud\source\repos\BloodConnectAPI\BloodConnectAPI.Services\BloodConnectAPI.Services.csproj]
C:\Users\Masoud\source\repos\BloodConnectAPI\BloodConnectAPI.Services\Implementations\AuthService.cs(135,72): error CS0246: The type or namespace name 'ApplicationUser' could not be found (are you missing a using directive or an assembly reference?) [C:\Users\Masoud\source\repos\BloodConnectAPI\BloodConnectAPI.Services\BloodConnectAPI.Services.csproj]
C:\Users\Masoud\source\repos\BloodConnectAPI\BloodConnectAPI.Services\Implementations\BloodRequestService.cs(61,77): error CS0246: The type or namespace name 'CreateBloodRequestDto' could not be found (are you missing a using directive or an assembly reference?) [C:\Users\Masoud\source\repos\BloodConnectAPI\BloodConnectAPI.Services\BloodConnectAPI.Services.csproj]
C:\Users\Masoud\source\repos\BloodConnectAPI\BloodConnectAPI.Services\Implementations\BloodRequestService.cs(61,39): error CS0246: The type or namespace name 'BloodRequestResponseDto' could not be found (are you missing a using directive or an assembly reference?) [C:\Users\Masoud\source\repos\BloodConnectAPI\BloodConnectAPI.Services\BloodConnectAPI.Services.csproj]
C:\Users\Masoud\source\repos\BloodConnectAPI\BloodConnectAPI.Services\Implementations\DonorService.cs(65,62): error CS0246: The type or namespace name 'CreateDonorDto' could not be found (are you missing a using directive or an assembly reference?) [C:\Users\Masoud\source\repos\BloodConnectAPI\BloodConnectAPI.Services\BloodConnectAPI.Services.csproj]
C:\Users\Masoud\source\repos\BloodConnectAPI\BloodConnectAPI.Services\Implementations\DonorService.cs(65,39): error CS0246: The type or namespace name 'DonorDto' could not be found (are you missing a using directive or an assembly reference?) [C:\Users\Masoud\source\repos\BloodConnectAPI\BloodConnectAPI.Services\BloodConnectAPI.Services.csproj]
C:\Users\Masoud\source\repos\BloodConnectAPI\BloodConnectAPI.Services\Implementations\DonorResponseService.cs(111,51): error CS0246: The type or namespace name 'DonorResponseDto' could not be found (are you missing a using directive or an assembly reference?) [C:\Users\Masoud\source\repos\BloodConnectAPI\BloodConnectAPI.Services\BloodConnectAPI.Services.csproj]
C:\Users\Masoud\source\repos\BloodConnectAPI\BloodConnectAPI.Services\Interfaces\IDonorMedicalDocumentService.cs(14,88): error CS0246: The type or namespace name 'VerifyMedicalDocumentDto' could not be found (are you missing a using directive or an assembly reference?) [C:\Users\Masoud\source\repos\BloodConnectAPI\BloodConnectAPI.Services\BloodConnectAPI.Services.csproj]
C:\Users\Masoud\source\repos\BloodConnectAPI\BloodConnectAPI.Services\Interfaces\IDonorMedicalDocumentService.cs(14,26): error CS0246: The type or namespace name 'DonorMedicalDocumentDto' could not be found (are you missing a using directive or an assembly reference?) [C:\Users\Masoud\source\repos\BloodConnectAPI\BloodConnectAPI.Services\BloodConnectAPI.Services.csproj]
C:\Users\Masoud\source\repos\BloodConnectAPI\BloodConnectAPI.Services\Interfaces\IDonationService.cs(16,60): error CS0246: The type or namespace name 'UpdateDonationDto' could not be found (are you missing a using directive or an assembly reference?) [C:\Users\Masoud\source\repos\BloodConnectAPI\BloodConnectAPI.Services\BloodConnectAPI.Services.csproj]
C:\Users\Masoud\source\repos\BloodConnectAPI\BloodConnectAPI.Services\Interfaces\IDonationService.cs(16,26): error CS0246: The type or namespace name 'DonationDto' could not be found (are you missing a using directive or an assembly reference?) [C:\Users\Masoud\source\repos\BloodConnectAPI\BloodConnectAPI.Services\BloodConnectAPI.Services.csproj]
C:\Users\Masoud\source\repos\BloodConnectAPI\BloodConnectAPI.Services\Implementations\DonationService.cs(120,73): error CS0246: The type or namespace name 'UpdateDonationDto' could not be found (are you missing a using directive or an assembly reference?) [C:\Users\Masoud\source\repos\BloodConnectAPI\BloodConnectAPI.Services\BloodConnectAPI.Services.csproj]
C:\Users\Masoud\source\repos\BloodConnectAPI\BloodConnectAPI.Services\Implementations\DonationService.cs(120,39): error CS0246: The type or namespace name 'DonationDto' could not be found (are you missing a using directive or an assembly reference?) [C:\Users\Masoud\source\repos\BloodConnectAPI\BloodConnectAPI.Services\BloodConnectAPI.Services.csproj]
C:\Users\Masoud\source\repos\BloodConnectAPI\BloodConnectAPI.Services\Implementations\DonorMedicalDocumentService.cs(106,101): error CS0246: The type or namespace name 'VerifyMedicalDocumentDto' could not be found (are you missing a using directive or an assembly reference?) [C:\Users\Masoud\source\repos\BloodConnectAPI\BloodConnectAPI.Services\BloodConnectAPI.Services.csproj]
C:\Users\Masoud\source\repos\BloodConnectAPI\BloodConnectAPI.Services\Implementations\DonorMedicalDocumentService.cs(106,39): error CS0246: The type or namespace name 'DonorMedicalDocumentDto' could not be found (are you missing a using directive or an assembly reference?) [C:\Users\Masoud\source\repos\BloodConnectAPI\BloodConnectAPI.Services\BloodConnectAPI.Services.csproj]
C:\Users\Masoud\source\repos\BloodConnectAPI\BloodConnectAPI.Services\Implementations\InventoryService.cs(249,51): error CS0246: The type or namespace name 'BloodInventoryItemDto' could not be found (are you missing a using directive or an assembly reference?) [C:\Users\Masoud\source\repos\BloodConnectAPI\BloodConnectAPI.Services\BloodConnectAPI.Services.csproj]
C:\Users\Masoud\source\repos\BloodConnectAPI\BloodConnectAPI.Services\Implementations\DonorResponseService.cs(126,51): error CS0246: The type or namespace name 'DonorResponseDto' could not be found (are you missing a using directive or an assembly reference?) [C:\Users\Masoud\source\repos\BloodConnectAPI\BloodConnectAPI.Services\BloodConnectAPI.Services.csproj]
C:\Users\Masoud\source\repos\BloodConnectAPI\BloodConnectAPI.Services\Interfaces\IDonationService.cs(20,38): error CS0246: The type or namespace name 'DonationDto' could not be found (are you missing a using directive or an assembly reference?) [C:\Users\Masoud\source\repos\BloodConnectAPI\BloodConnectAPI.Services\BloodConnectAPI.Services.csproj]
C:\Users\Masoud\source\repos\BloodConnectAPI\BloodConnectAPI.Services\Interfaces\IBloodRequestService.cs(18,78): error CS0246: The type or namespace name 'RequestStatus' could not be found (are you missing a using directive or an assembly reference?) [C:\Users\Masoud\source\repos\BloodConnectAPI\BloodConnectAPI.Services\BloodConnectAPI.Services.csproj]
C:\Users\Masoud\source\repos\BloodConnectAPI\BloodConnectAPI.Services\Interfaces\IBloodRequestService.cs(18,26): error CS0246: The type or namespace name 'BloodRequestResponseDto' could not be found (are you missing a using directive or an assembly reference?) [C:\Users\Masoud\source\repos\BloodConnectAPI\BloodConnectAPI.Services\BloodConnectAPI.Services.csproj]
C:\Users\Masoud\source\repos\BloodConnectAPI\BloodConnectAPI.Services\Interfaces\IDonorResponseService.cs(21,87): error CS0246: The type or namespace name 'UpdateResponseStatusDto' could not be found (are you missing a using directive or an assembly reference?) [C:\Users\Masoud\source\repos\BloodConnectAPI\BloodConnectAPI.Services\BloodConnectAPI.Services.csproj]
C:\Users\Masoud\source\repos\BloodConnectAPI\BloodConnectAPI.Services\Interfaces\IDonorResponseService.cs(21,26): error CS0246: The type or namespace name 'DonorResponseDto' could not be found (are you missing a using directive or an assembly reference?) [C:\Users\Masoud\source\repos\BloodConnectAPI\BloodConnectAPI.Services\BloodConnectAPI.Services.csproj]
C:\Users\Masoud\source\repos\BloodConnectAPI\BloodConnectAPI.Services\Interfaces\IDonorService.cs(14,26): error CS0246: The type or namespace name 'DonorDto' could not be found (are you missing a using directive or an assembly reference?) [C:\Users\Masoud\source\repos\BloodConnectAPI\BloodConnectAPI.Services\BloodConnectAPI.Services.csproj]
C:\Users\Masoud\source\repos\BloodConnectAPI\BloodConnectAPI.Services\Implementations\BloodRequestService.cs(84,91): error CS0246: The type or namespace name 'RequestStatus' could not be found (are you missing a using directive or an assembly reference?) [C:\Users\Masoud\source\repos\BloodConnectAPI\BloodConnectAPI.Services\BloodConnectAPI.Services.csproj]
C:\Users\Masoud\source\repos\BloodConnectAPI\BloodConnectAPI.Services\Implementations\BloodRequestService.cs(84,39): error CS0246: The type or namespace name 'BloodRequestResponseDto' could not be found (are you missing a using directive or an assembly reference?) [C:\Users\Masoud\source\repos\BloodConnectAPI\BloodConnectAPI.Services\BloodConnectAPI.Services.csproj]
C:\Users\Masoud\source\repos\BloodConnectAPI\BloodConnectAPI.Services\Implementations\DonorService.cs(114,70): error CS0246: The type or namespace name 'UpdateDonorDto' could not be found (are you missing a using directive or an assembly reference?) [C:\Users\Masoud\source\repos\BloodConnectAPI\BloodConnectAPI.Services\BloodConnectAPI.Services.csproj]
C:\Users\Masoud\source\repos\BloodConnectAPI\BloodConnectAPI.Services\Implementations\DonorService.cs(114,39): error CS0246: The type or namespace name 'DonorDto' could not be found (are you missing a using directive or an assembly reference?) [C:\Users\Masoud\source\repos\BloodConnectAPI\BloodConnectAPI.Services\BloodConnectAPI.Services.csproj]
C:\Users\Masoud\source\repos\BloodConnectAPI\BloodConnectAPI.Services\Implementations\DonorResponseService.cs(141,39): error CS0246: The type or namespace name 'DonorResponseDto' could not be found (are you missing a using directive or an assembly reference?) [C:\Users\Masoud\source\repos\BloodConnectAPI\BloodConnectAPI.Services\BloodConnectAPI.Services.csproj]
C:\Users\Masoud\source\repos\BloodConnectAPI\BloodConnectAPI.Services\Interfaces\IDonationService.cs(21,38): error CS0246: The type or namespace name 'DonationDto' could not be found (are you missing a using directive or an assembly reference?) [C:\Users\Masoud\source\repos\BloodConnectAPI\BloodConnectAPI.Services\BloodConnectAPI.Services.csproj]
C:\Users\Masoud\source\repos\BloodConnectAPI\BloodConnectAPI.Services\Interfaces\IDonorResponseService.cs(26,38): error CS0246: The type or namespace name 'DonorResponseDto' could not be found (are you missing a using directive or an assembly reference?) [C:\Users\Masoud\source\repos\BloodConnectAPI\BloodConnectAPI.Services\BloodConnectAPI.Services.csproj]
C:\Users\Masoud\source\repos\BloodConnectAPI\BloodConnectAPI.Services\Interfaces\IBloodRequestService.cs(22,38): error CS0246: The type or namespace name 'BloodRequestListDto' could not be found (are you missing a using directive or an assembly reference?) [C:\Users\Masoud\source\repos\BloodConnectAPI\BloodConnectAPI.Services\BloodConnectAPI.Services.csproj]
C:\Users\Masoud\source\repos\BloodConnectAPI\BloodConnectAPI.Services\Implementations\DonorMedicalDocumentService.cs(14,22): error CS0246: The type or namespace name 'IUnitOfWork' could not be found (are you missing a using directive or an assembly reference?) [C:\Users\Masoud\source\repos\BloodConnectAPI\BloodConnectAPI.Services\BloodConnectAPI.Services.csproj]
C:\Users\Masoud\source\repos\BloodConnectAPI\BloodConnectAPI.Services\Interfaces\IDonorService.cs(15,38): error CS0246: The type or namespace name 'DonorDto' could not be found (are you missing a using directive or an assembly reference?) [C:\Users\Masoud\source\repos\BloodConnectAPI\BloodConnectAPI.Services\BloodConnectAPI.Services.csproj]
C:\Users\Masoud\source\repos\BloodConnectAPI\BloodConnectAPI.Services\Implementations\AuthService.cs(19,22): error CS0246: The type or namespace name 'UserManager<>' could not be found (are you missing a using directive or an assembly reference?) [C:\Users\Masoud\source\repos\BloodConnectAPI\BloodConnectAPI.Services\BloodConnectAPI.Services.csproj]
C:\Users\Masoud\source\repos\BloodConnectAPI\BloodConnectAPI.Services\Implementations\AuthService.cs(19,34): error CS0246: The type or namespace name 'ApplicationUser' could not be found (are you missing a using directive or an assembly reference?) [C:\Users\Masoud\source\repos\BloodConnectAPI\BloodConnectAPI.Services\BloodConnectAPI.Services.csproj]
C:\Users\Masoud\source\repos\BloodConnectAPI\BloodConnectAPI.Services\Implementations\DonationService.cs(144,83): error CS0246: The type or namespace name 'TestResult' could not be found (are you missing a using directive or an assembly reference?) [C:\Users\Masoud\source\repos\BloodConnectAPI\BloodConnectAPI.Services\BloodConnectAPI.Services.csproj]
C:\Users\Masoud\source\repos\BloodConnectAPI\BloodConnectAPI.Services\Implementations\DonationService.cs(144,39): error CS0246: The type or namespace name 'DonationDto' could not be found (are you missing a using directive or an assembly reference?) [C:\Users\Masoud\source\repos\BloodConnectAPI\BloodConnectAPI.Services\BloodConnectAPI.Services.csproj]
C:\Users\Masoud\source\repos\BloodConnectAPI\BloodConnectAPI.Services\Implementations\InventoryService.cs(265,97): error CS0246: The type or namespace name 'BloodUnitStatus' could not be found (are you missing a using directive or an assembly reference?) [C:\Users\Masoud\source\repos\BloodConnectAPI\BloodConnectAPI.Services\BloodConnectAPI.Services.csproj]
C:\Users\Masoud\source\repos\BloodConnectAPI\BloodConnectAPI.Services\Implementations\InventoryService.cs(265,39): error CS0246: The type or namespace name 'BloodInventoryItemDto' could not be found (are you missing a using directive or an assembly reference?) [C:\Users\Masoud\source\repos\BloodConnectAPI\BloodConnectAPI.Services\BloodConnectAPI.Services.csproj]
C:\Users\Masoud\source\repos\BloodConnectAPI\BloodConnectAPI.Services\Implementations\BloodRequestService.cs(118,51): error CS0246: The type or namespace name 'BloodRequestListDto' could not be found (are you missing a using directive or an assembly reference?) [C:\Users\Masoud\source\repos\BloodConnectAPI\BloodConnectAPI.Services\BloodConnectAPI.Services.csproj]
C:\Users\Masoud\source\repos\BloodConnectAPI\BloodConnectAPI.Services\Implementations\DonorService.cs(185,39): error CS0246: The type or namespace name 'DonorDto' could not be found (are you missing a using directive or an assembly reference?) [C:\Users\Masoud\source\repos\BloodConnectAPI\BloodConnectAPI.Services\BloodConnectAPI.Services.csproj]
C:\Users\Masoud\source\repos\BloodConnectAPI\BloodConnectAPI.Services\Interfaces\IDonorResponseService.cs(31,38): error CS0246: The type or namespace name 'DonorResponseDto' could not be found (are you missing a using directive or an assembly reference?) [C:\Users\Masoud\source\repos\BloodConnectAPI\BloodConnectAPI.Services\BloodConnectAPI.Services.csproj]
C:\Users\Masoud\source\repos\BloodConnectAPI\BloodConnectAPI.Services\Interfaces\IBloodRequestService.cs(23,38): error CS0246: The type or namespace name 'BloodRequestListDto' could not be found (are you missing a using directive or an assembly reference?) [C:\Users\Masoud\source\repos\BloodConnectAPI\BloodConnectAPI.Services\BloodConnectAPI.Services.csproj]
C:\Users\Masoud\source\repos\BloodConnectAPI\BloodConnectAPI.Services\Interfaces\IDonationService.cs(22,86): error CS0234: The type or namespace name 'Models' does not exist in the namespace 'BloodConnectAPI' (are you missing an assembly reference?) [C:\Users\Masoud\source\repos\BloodConnectAPI\BloodConnectAPI.Services\BloodConnectAPI.Services.csproj]
C:\Users\Masoud\source\repos\BloodConnectAPI\BloodConnectAPI.Services\Interfaces\IDonationService.cs(22,26): error CS0246: The type or namespace name 'DonationDto' could not be found (are you missing a using directive or an assembly reference?) [C:\Users\Masoud\source\repos\BloodConnectAPI\BloodConnectAPI.Services\BloodConnectAPI.Services.csproj]
C:\Users\Masoud\source\repos\BloodConnectAPI\BloodConnectAPI.Services\Implementations\DonorMedicalDocumentService.cs(15,22): error CS0246: The type or namespace name 'IMapper' could not be found (are you missing a using directive or an assembly reference?) [C:\Users\Masoud\source\repos\BloodConnectAPI\BloodConnectAPI.Services\BloodConnectAPI.Services.csproj]
C:\Users\Masoud\source\repos\BloodConnectAPI\BloodConnectAPI.Services\Interfaces\IInventoryService.cs(13,38): error CS0246: The type or namespace name 'BloodInventoryDto' could not be found (are you missing a using directive or an assembly reference?) [C:\Users\Masoud\source\repos\BloodConnectAPI\BloodConnectAPI.Services\BloodConnectAPI.Services.csproj]
C:\Users\Masoud\source\repos\BloodConnectAPI\BloodConnectAPI.Services\Implementations\DonationService.cs(197,51): error CS0246: The type or namespace name 'DonationDto' could not be found (are you missing a using directive or an assembly reference?) [C:\Users\Masoud\source\repos\BloodConnectAPI\BloodConnectAPI.Services\BloodConnectAPI.Services.csproj]
C:\Users\Masoud\source\repos\BloodConnectAPI\BloodConnectAPI.Services\Implementations\DonorService.cs(196,51): error CS0246: The type or namespace name 'DonorDto' could not be found (are you missing a using directive or an assembly reference?) [C:\Users\Masoud\source\repos\BloodConnectAPI\BloodConnectAPI.Services\BloodConnectAPI.Services.csproj]
C:\Users\Masoud\source\repos\BloodConnectAPI\BloodConnectAPI.Services\Implementations\BloodRequestService.cs(125,51): error CS0246: The type or namespace name 'BloodRequestListDto' could not be found (are you missing a using directive or an assembly reference?) [C:\Users\Masoud\source\repos\BloodConnectAPI\BloodConnectAPI.Services\BloodConnectAPI.Services.csproj]
C:\Users\Masoud\source\repos\BloodConnectAPI\BloodConnectAPI.Services\Interfaces\IDonorResponseService.cs(36,26): error CS0246: The type or namespace name 'DonorResponseDto' could not be found (are you missing a using directive or an assembly reference?) [C:\Users\Masoud\source\repos\BloodConnectAPI\BloodConnectAPI.Services\BloodConnectAPI.Services.csproj]
C:\Users\Masoud\source\repos\BloodConnectAPI\BloodConnectAPI.Services\Interfaces\IDonorService.cs(16,49): error CS0246: The type or namespace name 'CreateDonorDto' could not be found (are you missing a using directive or an assembly reference?) [C:\Users\Masoud\source\repos\BloodConnectAPI\BloodConnectAPI.Services\BloodConnectAPI.Services.csproj]
C:\Users\Masoud\source\repos\BloodConnectAPI\BloodConnectAPI.Services\Interfaces\IDonorService.cs(16,26): error CS0246: The type or namespace name 'DonorDto' could not be found (are you missing a using directive or an assembly reference?) [C:\Users\Masoud\source\repos\BloodConnectAPI\BloodConnectAPI.Services\BloodConnectAPI.Services.csproj]
C:\Users\Masoud\source\repos\BloodConnectAPI\BloodConnectAPI.Services\Implementations\DonorResponseService.cs(180,53): error CS0246: The type or namespace name 'ResponseStatus' could not be found (are you missing a using directive or an assembly reference?) [C:\Users\Masoud\source\repos\BloodConnectAPI\BloodConnectAPI.Services\BloodConnectAPI.Services.csproj]
C:\Users\Masoud\source\repos\BloodConnectAPI\BloodConnectAPI.Services\Implementations\DonorResponseService.cs(180,77): error CS0246: The type or namespace name 'ResponseStatus' could not be found (are you missing a using directive or an assembly reference?) [C:\Users\Masoud\source\repos\BloodConnectAPI\BloodConnectAPI.Services\BloodConnectAPI.Services.csproj]
C:\Users\Masoud\source\repos\BloodConnectAPI\BloodConnectAPI.Services\Interfaces\IInventoryService.cs(14,26): error CS0246: The type or namespace name 'BloodInventoryDto' could not be found (are you missing a using directive or an assembly reference?) [C:\Users\Masoud\source\repos\BloodConnectAPI\BloodConnectAPI.Services\BloodConnectAPI.Services.csproj]
C:\Users\Masoud\source\repos\BloodConnectAPI\BloodConnectAPI.Services\Implementations\DonationService.cs(204,51): error CS0246: The type or namespace name 'DonationDto' could not be found (are you missing a using directive or an assembly reference?) [C:\Users\Masoud\source\repos\BloodConnectAPI\BloodConnectAPI.Services\BloodConnectAPI.Services.csproj]
C:\Users\Masoud\source\repos\BloodConnectAPI\BloodConnectAPI.Services\Implementations\AuthService.cs(20,22): error CS0246: The type or namespace name 'SignInManager<>' could not be found (are you missing a using directive or an assembly reference?) [C:\Users\Masoud\source\repos\BloodConnectAPI\BloodConnectAPI.Services\BloodConnectAPI.Services.csproj]
C:\Users\Masoud\source\repos\BloodConnectAPI\BloodConnectAPI.Services\Implementations\AuthService.cs(20,36): error CS0246: The type or namespace name 'ApplicationUser' could not be found (are you missing a using directive or an assembly reference?) [C:\Users\Masoud\source\repos\BloodConnectAPI\BloodConnectAPI.Services\BloodConnectAPI.Services.csproj]
C:\Users\Masoud\source\repos\BloodConnectAPI\BloodConnectAPI.Services\Interfaces\IDonationService.cs(25,77): error CS0246: The type or namespace name 'LabTestDonationDto' could not be found (are you missing a using directive or an assembly reference?) [C:\Users\Masoud\source\repos\BloodConnectAPI\BloodConnectAPI.Services\BloodConnectAPI.Services.csproj]
C:\Users\Masoud\source\repos\BloodConnectAPI\BloodConnectAPI.Services\Interfaces\IDonationService.cs(25,26): error CS0246: The type or namespace name 'DonationDto' could not be found (are you missing a using directive or an assembly reference?) [C:\Users\Masoud\source\repos\BloodConnectAPI\BloodConnectAPI.Services\BloodConnectAPI.Services.csproj]
C:\Users\Masoud\source\repos\BloodConnectAPI\BloodConnectAPI.Services\Interfaces\IBloodRequestService.cs(24,87): error CS0246: The type or namespace name 'FulfillBloodRequestDto' could not be found (are you missing a using directive or an assembly reference?) [C:\Users\Masoud\source\repos\BloodConnectAPI\BloodConnectAPI.Services\BloodConnectAPI.Services.csproj]
C:\Users\Masoud\source\repos\BloodConnectAPI\BloodConnectAPI.Services\Interfaces\IBloodRequestService.cs(24,26): error CS0246: The type or namespace name 'BloodRequestResponseDto' could not be found (are you missing a using directive or an assembly reference?) [C:\Users\Masoud\source\repos\BloodConnectAPI\BloodConnectAPI.Services\BloodConnectAPI.Services.csproj]
C:\Users\Masoud\source\repos\BloodConnectAPI\BloodConnectAPI.Services\Implementations\DonorService.cs(234,39): error CS0246: The type or namespace name 'DonorDto' could not be found (are you missing a using directive or an assembly reference?) [C:\Users\Masoud\source\repos\BloodConnectAPI\BloodConnectAPI.Services\BloodConnectAPI.Services.csproj]
C:\Users\Masoud\source\repos\BloodConnectAPI\BloodConnectAPI.Services\Implementations\DonorMedicalDocumentService.cs(17,40): error CS0246: The type or namespace name 'IUnitOfWork' could not be found (are you missing a using directive or an assembly reference?) [C:\Users\Masoud\source\repos\BloodConnectAPI\BloodConnectAPI.Services\BloodConnectAPI.Services.csproj]
C:\Users\Masoud\source\repos\BloodConnectAPI\BloodConnectAPI.Services\Implementations\DonorMedicalDocumentService.cs(17,64): error CS0246: The type or namespace name 'IMapper' could not be found (are you missing a using directive or an assembly reference?) [C:\Users\Masoud\source\repos\BloodConnectAPI\BloodConnectAPI.Services\BloodConnectAPI.Services.csproj]
C:\Users\Masoud\source\repos\BloodConnectAPI\BloodConnectAPI.Services\Interfaces\IDonorService.cs(17,57): error CS0246: The type or namespace name 'UpdateDonorDto' could not be found (are you missing a using directive or an assembly reference?) [C:\Users\Masoud\source\repos\BloodConnectAPI\BloodConnectAPI.Services\BloodConnectAPI.Services.csproj]
C:\Users\Masoud\source\repos\BloodConnectAPI\BloodConnectAPI.Services\Interfaces\IDonorService.cs(17,26): error CS0246: The type or namespace name 'DonorDto' could not be found (are you missing a using directive or an assembly reference?) [C:\Users\Masoud\source\repos\BloodConnectAPI\BloodConnectAPI.Services\BloodConnectAPI.Services.csproj]
C:\Users\Masoud\source\repos\BloodConnectAPI\BloodConnectAPI.Services\Interfaces\IInventoryService.cs(15,38): error CS0246: The type or namespace name 'BloodInventoryDto' could not be found (are you missing a using directive or an assembly reference?) [C:\Users\Masoud\source\repos\BloodConnectAPI\BloodConnectAPI.Services\BloodConnectAPI.Services.csproj]
C:\Users\Masoud\source\repos\BloodConnectAPI\BloodConnectAPI.Services\Interfaces\IBloodRequestService.cs(25,26): error CS0246: The type or namespace name 'BloodRequestResponseDto' could not be found (are you missing a using directive or an assembly reference?) [C:\Users\Masoud\source\repos\BloodConnectAPI\BloodConnectAPI.Services\BloodConnectAPI.Services.csproj]
C:\Users\Masoud\source\repos\BloodConnectAPI\BloodConnectAPI.Services\Implementations\AuthService.cs(21,22): error CS0246: The type or namespace name 'IConfiguration' could not be found (are you missing a using directive or an assembly reference?) [C:\Users\Masoud\source\repos\BloodConnectAPI\BloodConnectAPI.Services\BloodConnectAPI.Services.csproj]
C:\Users\Masoud\source\repos\BloodConnectAPI\BloodConnectAPI.Services\Implementations\DonorService.cs(245,39): error CS0246: The type or namespace name 'DonorDto' could not be found (are you missing a using directive or an assembly reference?) [C:\Users\Masoud\source\repos\BloodConnectAPI\BloodConnectAPI.Services\BloodConnectAPI.Services.csproj]
C:\Users\Masoud\source\repos\BloodConnectAPI\BloodConnectAPI.Services\Implementations\DonationService.cs(211,90): error CS0246: The type or namespace name 'LabTestDonationDto' could not be found (are you missing a using directive or an assembly reference?) [C:\Users\Masoud\source\repos\BloodConnectAPI\BloodConnectAPI.Services\BloodConnectAPI.Services.csproj]
C:\Users\Masoud\source\repos\BloodConnectAPI\BloodConnectAPI.Services\Implementations\DonationService.cs(211,39): error CS0246: The type or namespace name 'DonationDto' could not be found (are you missing a using directive or an assembly reference?) [C:\Users\Masoud\source\repos\BloodConnectAPI\BloodConnectAPI.Services\BloodConnectAPI.Services.csproj]
C:\Users\Masoud\source\repos\BloodConnectAPI\BloodConnectAPI.Services\Implementations\DonorResponseService.cs(207,47): error CS0246: The type or namespace name 'DonorRequestResponse' could not be found (are you missing a using directive or an assembly reference?) [C:\Users\Masoud\source\repos\BloodConnectAPI\BloodConnectAPI.Services\BloodConnectAPI.Services.csproj]
C:\Users\Masoud\source\repos\BloodConnectAPI\BloodConnectAPI.Services\Implementations\DonorResponseService.cs(207,78): error CS0246: The type or namespace name 'UpdateResponseStatusDto' could not be found (are you missing a using directive or an assembly reference?) [C:\Users\Masoud\source\repos\BloodConnectAPI\BloodConnectAPI.Services\BloodConnectAPI.Services.csproj]
C:\Users\Masoud\source\repos\BloodConnectAPI\BloodConnectAPI.Services\Implementations\BloodRequestService.cs(132,100): error CS0246: The type or namespace name 'FulfillBloodRequestDto' could not be found (are you missing a using directive or an assembly reference?) [C:\Users\Masoud\source\repos\BloodConnectAPI\BloodConnectAPI.Services\BloodConnectAPI.Services.csproj]
C:\Users\Masoud\source\repos\BloodConnectAPI\BloodConnectAPI.Services\Implementations\BloodRequestService.cs(132,39): error CS0246: The type or namespace name 'BloodRequestResponseDto' could not be found (are you missing a using directive or an assembly reference?) [C:\Users\Masoud\source\repos\BloodConnectAPI\BloodConnectAPI.Services\BloodConnectAPI.Services.csproj]
C:\Users\Masoud\source\repos\BloodConnectAPI\BloodConnectAPI.Services\Interfaces\IDonorService.cs(21,26): error CS0246: The type or namespace name 'DonorDto' could not be found (are you missing a using directive or an assembly reference?) [C:\Users\Masoud\source\repos\BloodConnectAPI\BloodConnectAPI.Services\BloodConnectAPI.Services.csproj]
C:\Users\Masoud\source\repos\BloodConnectAPI\BloodConnectAPI.Services\Interfaces\IPatientService.cs(13,26): error CS0246: The type or namespace name 'PatientDto' could not be found (are you missing a using directive or an assembly reference?) [C:\Users\Masoud\source\repos\BloodConnectAPI\BloodConnectAPI.Services\BloodConnectAPI.Services.csproj]
C:\Users\Masoud\source\repos\BloodConnectAPI\BloodConnectAPI.Services\Implementations\DonationService.cs(14,32): error CS0535: 'DonationService' does not implement interface member 'IDonationService.UpdateTestResultAsync(int, Models.Enums.TestResult)' [C:\Users\Masoud\source\repos\BloodConnectAPI\BloodConnectAPI.Services\BloodConnectAPI.Services.csproj]
C:\Users\Masoud\source\repos\BloodConnectAPI\BloodConnectAPI.Services\Implementations\DonorService.cs(282,39): error CS0246: The type or namespace name 'DonorDto' could not be found (are you missing a using directive or an assembly reference?) [C:\Users\Masoud\source\repos\BloodConnectAPI\BloodConnectAPI.Services\BloodConnectAPI.Services.csproj]
C:\Users\Masoud\source\repos\BloodConnectAPI\BloodConnectAPI.Services\Interfaces\IInventoryService.cs(23,38): error CS0246: The type or namespace name 'BloodInventoryItemDto' could not be found (are you missing a using directive or an assembly reference?) [C:\Users\Masoud\source\repos\BloodConnectAPI\BloodConnectAPI.Services\BloodConnectAPI.Services.csproj]
C:\Users\Masoud\source\repos\BloodConnectAPI\BloodConnectAPI.Services\Implementations\PatientService.cs(24,39): error CS0246: The type or namespace name 'PatientDto' could not be found (are you missing a using directive or an assembly reference?) [C:\Users\Masoud\source\repos\BloodConnectAPI\BloodConnectAPI.Services\BloodConnectAPI.Services.csproj]
C:\Users\Masoud\source\repos\BloodConnectAPI\BloodConnectAPI.Services\Interfaces\IReportService.cs(25,26): error CS0246: The type or namespace name 'DonorStatisticsDto' could not be found (are you missing a using directive or an assembly reference?) [C:\Users\Masoud\source\repos\BloodConnectAPI\BloodConnectAPI.Services\BloodConnectAPI.Services.csproj]
C:\Users\Masoud\source\repos\BloodConnectAPI\BloodConnectAPI.Services\Interfaces\IDonorService.cs(22,38): error CS0246: The type or namespace name 'DonorDto' could not be found (are you missing a using directive or an assembly reference?) [C:\Users\Masoud\source\repos\BloodConnectAPI\BloodConnectAPI.Services\BloodConnectAPI.Services.csproj]
C:\Users\Masoud\source\repos\BloodConnectAPI\BloodConnectAPI.Services\Interfaces\IPatientService.cs(14,38): error CS0246: The type or namespace name 'PatientDto' could not be found (are you missing a using directive or an assembly reference?) [C:\Users\Masoud\source\repos\BloodConnectAPI\BloodConnectAPI.Services\BloodConnectAPI.Services.csproj]
C:\Users\Masoud\source\repos\BloodConnectAPI\BloodConnectAPI.Services\Implementations\BloodRequestService.cs(197,39): error CS0246: The type or namespace name 'BloodRequestResponseDto' could not be found (are you missing a using directive or an assembly reference?) [C:\Users\Masoud\source\repos\BloodConnectAPI\BloodConnectAPI.Services\BloodConnectAPI.Services.csproj]
C:\Users\Masoud\source\repos\BloodConnectAPI\BloodConnectAPI.Services\Implementations\DonorResponseService.cs(17,22): error CS0246: The type or namespace name 'IUnitOfWork' could not be found (are you missing a using directive or an assembly reference?) [C:\Users\Masoud\source\repos\BloodConnectAPI\BloodConnectAPI.Services\BloodConnectAPI.Services.csproj]
C:\Users\Masoud\source\repos\BloodConnectAPI\BloodConnectAPI.Services\Implementations\DonationService.cs(16,22): error CS0246: The type or namespace name 'IUnitOfWork' could not be found (are you missing a using directive or an assembly reference?) [C:\Users\Masoud\source\repos\BloodConnectAPI\BloodConnectAPI.Services\BloodConnectAPI.Services.csproj]
C:\Users\Masoud\source\repos\BloodConnectAPI\BloodConnectAPI.Services\Implementations\DonorService.cs(301,39): error CS0246: The type or namespace name 'DonorDto' could not be found (are you missing a using directive or an assembly reference?) [C:\Users\Masoud\source\repos\BloodConnectAPI\BloodConnectAPI.Services\BloodConnectAPI.Services.csproj]
C:\Users\Masoud\source\repos\BloodConnectAPI\BloodConnectAPI.Services\Implementations\PatientService.cs(35,51): error CS0246: The type or namespace name 'PatientDto' could not be found (are you missing a using directive or an assembly reference?) [C:\Users\Masoud\source\repos\BloodConnectAPI\BloodConnectAPI.Services\BloodConnectAPI.Services.csproj]
C:\Users\Masoud\source\repos\BloodConnectAPI\BloodConnectAPI.Services\Interfaces\IReportService.cs(32,26): error CS0246: The type or namespace name 'ActiveVsInactiveDonorsDto' could not be found (are you missing a using directive or an assembly reference?) [C:\Users\Masoud\source\repos\BloodConnectAPI\BloodConnectAPI.Services\BloodConnectAPI.Services.csproj]
C:\Users\Masoud\source\repos\BloodConnectAPI\BloodConnectAPI.Services\Interfaces\IDonorService.cs(24,26): error CS0246: The type or namespace name 'DonorDto' could not be found (are you missing a using directive or an assembly reference?) [C:\Users\Masoud\source\repos\BloodConnectAPI\BloodConnectAPI.Services\BloodConnectAPI.Services.csproj]
C:\Users\Masoud\source\repos\BloodConnectAPI\BloodConnectAPI.Services\Implementations\DonorResponseService.cs(18,22): error CS0246: The type or namespace name 'IMapper' could not be found (are you missing a using directive or an assembly reference?) [C:\Users\Masoud\source\repos\BloodConnectAPI\BloodConnectAPI.Services\BloodConnectAPI.Services.csproj]
C:\Users\Masoud\source\repos\BloodConnectAPI\BloodConnectAPI.Services\Implementations\DonationService.cs(18,22): error CS0246: The type or namespace name 'IMapper' could not be found (are you missing a using directive or an assembly reference?) [C:\Users\Masoud\source\repos\BloodConnectAPI\BloodConnectAPI.Services\BloodConnectAPI.Services.csproj]
C:\Users\Masoud\source\repos\BloodConnectAPI\BloodConnectAPI.Services\Implementations\BloodRequestService.cs(18,22): error CS0246: The type or namespace name 'IUnitOfWork' could not be found (are you missing a using directive or an assembly reference?) [C:\Users\Masoud\source\repos\BloodConnectAPI\BloodConnectAPI.Services\BloodConnectAPI.Services.csproj]
C:\Users\Masoud\source\repos\BloodConnectAPI\BloodConnectAPI.Services\Interfaces\IInventoryService.cs(26,84): error CS0246: The type or namespace name 'BloodUnitStatus' could not be found (are you missing a using directive or an assembly reference?) [C:\Users\Masoud\source\repos\BloodConnectAPI\BloodConnectAPI.Services\BloodConnectAPI.Services.csproj]
C:\Users\Masoud\source\repos\BloodConnectAPI\BloodConnectAPI.Services\Interfaces\IInventoryService.cs(26,26): error CS0246: The type or namespace name 'BloodInventoryItemDto' could not be found (are you missing a using directive or an assembly reference?) [C:\Users\Masoud\source\repos\BloodConnectAPI\BloodConnectAPI.Services\BloodConnectAPI.Services.csproj]
C:\Users\Masoud\source\repos\BloodConnectAPI\BloodConnectAPI.Services\Interfaces\IDonorService.cs(32,26): error CS0246: The type or namespace name 'DonorDto' could not be found (are you missing a using directive or an assembly reference?) [C:\Users\Masoud\source\repos\BloodConnectAPI\BloodConnectAPI.Services\BloodConnectAPI.Services.csproj]
C:\Users\Masoud\source\repos\BloodConnectAPI\BloodConnectAPI.Services\Interfaces\IPatientService.cs(15,51): error CS0246: The type or namespace name 'CreatePatientDto' could not be found (are you missing a using directive or an assembly reference?) [C:\Users\Masoud\source\repos\BloodConnectAPI\BloodConnectAPI.Services\BloodConnectAPI.Services.csproj]
C:\Users\Masoud\source\repos\BloodConnectAPI\BloodConnectAPI.Services\Interfaces\IPatientService.cs(15,26): error CS0246: The type or namespace name 'PatientDto' could not be found (are you missing a using directive or an assembly reference?) [C:\Users\Masoud\source\repos\BloodConnectAPI\BloodConnectAPI.Services\BloodConnectAPI.Services.csproj]
C:\Users\Masoud\source\repos\BloodConnectAPI\BloodConnectAPI.Services\Interfaces\IReportService.cs(40,94): error CS0234: The type or namespace name 'Models' does not exist in the namespace 'BloodConnectAPI' (are you missing an assembly reference?) [C:\Users\Masoud\source\repos\BloodConnectAPI\BloodConnectAPI.Services\BloodConnectAPI.Services.csproj]
C:\Users\Masoud\source\repos\BloodConnectAPI\BloodConnectAPI.Services\Interfaces\IReportService.cs(40,38): error CS0246: The type or namespace name 'DonorsByCityDto' could not be found (are you missing a using directive or an assembly reference?) [C:\Users\Masoud\source\repos\BloodConnectAPI\BloodConnectAPI.Services\BloodConnectAPI.Services.csproj]
C:\Users\Masoud\source\repos\BloodConnectAPI\BloodConnectAPI.Services\Implementations\DonorService.cs(313,81): error CS0246: The type or namespace name 'ApproveDonorDto' could not be found (are you missing a using directive or an assembly reference?) [C:\Users\Masoud\source\repos\BloodConnectAPI\BloodConnectAPI.Services\BloodConnectAPI.Services.csproj]
C:\Users\Masoud\source\repos\BloodConnectAPI\BloodConnectAPI.Services\Implementations\DonorService.cs(313,39): error CS0246: The type or namespace name 'DonorDto' could not be found (are you missing a using directive or an assembly reference?) [C:\Users\Masoud\source\repos\BloodConnectAPI\BloodConnectAPI.Services\BloodConnectAPI.Services.csproj]
C:\Users\Masoud\source\repos\BloodConnectAPI\BloodConnectAPI.Services\Implementations\BloodRequestService.cs(19,22): error CS0246: The type or namespace name 'IMapper' could not be found (are you missing a using directive or an assembly reference?) [C:\Users\Masoud\source\repos\BloodConnectAPI\BloodConnectAPI.Services\BloodConnectAPI.Services.csproj]
C:\Users\Masoud\source\repos\BloodConnectAPI\BloodConnectAPI.Services\Implementations\InventoryService.cs(16,22): error CS0246: The type or namespace name 'IUnitOfWork' could not be found (are you missing a using directive or an assembly reference?) [C:\Users\Masoud\source\repos\BloodConnectAPI\BloodConnectAPI.Services\BloodConnectAPI.Services.csproj]
C:\Users\Masoud\source\repos\BloodConnectAPI\BloodConnectAPI.Services\Implementations\PatientService.cs(61,64): error CS0246: The type or namespace name 'CreatePatientDto' could not be found (are you missing a using directive or an assembly reference?) [C:\Users\Masoud\source\repos\BloodConnectAPI\BloodConnectAPI.Services\BloodConnectAPI.Services.csproj]
C:\Users\Masoud\source\repos\BloodConnectAPI\BloodConnectAPI.Services\Implementations\PatientService.cs(61,39): error CS0246: The type or namespace name 'PatientDto' could not be found (are you missing a using directive or an assembly reference?) [C:\Users\Masoud\source\repos\BloodConnectAPI\BloodConnectAPI.Services\BloodConnectAPI.Services.csproj]
C:\Users\Masoud\source\repos\BloodConnectAPI\BloodConnectAPI.Services\Interfaces\IDonorService.cs(39,26): error CS0246: The type or namespace name 'DonorDto' could not be found (are you missing a using directive or an assembly reference?) [C:\Users\Masoud\source\repos\BloodConnectAPI\BloodConnectAPI.Services\BloodConnectAPI.Services.csproj]
C:\Users\Masoud\source\repos\BloodConnectAPI\BloodConnectAPI.Services\Implementations\DonorResponseService.cs(20,33): error CS0246: The type or namespace name 'IUnitOfWork' could not be found (are you missing a using directive or an assembly reference?) [C:\Users\Masoud\source\repos\BloodConnectAPI\BloodConnectAPI.Services\BloodConnectAPI.Services.csproj]
C:\Users\Masoud\source\repos\BloodConnectAPI\BloodConnectAPI.Services\Implementations\DonorResponseService.cs(20,57): error CS0246: The type or namespace name 'IMapper' could not be found (are you missing a using directive or an assembly reference?) [C:\Users\Masoud\source\repos\BloodConnectAPI\BloodConnectAPI.Services\BloodConnectAPI.Services.csproj]
C:\Users\Masoud\source\repos\BloodConnectAPI\BloodConnectAPI.Services\Interfaces\IReportService.cs(47,31): error CS0246: The type or namespace name 'EligibleDonorsByBloodTypeDto' could not be found (are you missing a using directive or an assembly reference?) [C:\Users\Masoud\source\repos\BloodConnectAPI\BloodConnectAPI.Services\BloodConnectAPI.Services.csproj]
C:\Users\Masoud\source\repos\BloodConnectAPI\BloodConnectAPI.Services\Implementations\DonationService.cs(20,28): error CS0246: The type or namespace name 'IUnitOfWork' could not be found (are you missing a using directive or an assembly reference?) [C:\Users\Masoud\source\repos\BloodConnectAPI\BloodConnectAPI.Services\BloodConnectAPI.Services.csproj]
C:\Users\Masoud\source\repos\BloodConnectAPI\BloodConnectAPI.Services\Implementations\DonationService.cs(20,88): error CS0246: The type or namespace name 'IMapper' could not be found (are you missing a using directive or an assembly reference?) [C:\Users\Masoud\source\repos\BloodConnectAPI\BloodConnectAPI.Services\BloodConnectAPI.Services.csproj]
C:\Users\Masoud\source\repos\BloodConnectAPI\BloodConnectAPI.Services\Interfaces\IUserService.cs(12,26): error CS0246: The type or namespace name 'ApplicationUserDto' could not be found (are you missing a using directive or an assembly reference?) [C:\Users\Masoud\source\repos\BloodConnectAPI\BloodConnectAPI.Services\BloodConnectAPI.Services.csproj]
C:\Users\Masoud\source\repos\BloodConnectAPI\BloodConnectAPI.Services\Implementations\InventoryService.cs(17,22): error CS0246: The type or namespace name 'IMapper' could not be found (are you missing a using directive or an assembly reference?) [C:\Users\Masoud\source\repos\BloodConnectAPI\BloodConnectAPI.Services\BloodConnectAPI.Services.csproj]
C:\Users\Masoud\source\repos\BloodConnectAPI\BloodConnectAPI.Services\Interfaces\IDonorService.cs(46,26): error CS0246: The type or namespace name 'DonorDto' could not be found (are you missing a using directive or an assembly reference?) [C:\Users\Masoud\source\repos\BloodConnectAPI\BloodConnectAPI.Services\BloodConnectAPI.Services.csproj]
C:\Users\Masoud\source\repos\BloodConnectAPI\BloodConnectAPI.Services\Interfaces\IPatientService.cs(16,59): error CS0246: The type or namespace name 'UpdatePatientDto' could not be found (are you missing a using directive or an assembly reference?) [C:\Users\Masoud\source\repos\BloodConnectAPI\BloodConnectAPI.Services\BloodConnectAPI.Services.csproj]
C:\Users\Masoud\source\repos\BloodConnectAPI\BloodConnectAPI.Services\Interfaces\IPatientService.cs(16,26): error CS0246: The type or namespace name 'PatientDto' could not be found (are you missing a using directive or an assembly reference?) [C:\Users\Masoud\source\repos\BloodConnectAPI\BloodConnectAPI.Services\BloodConnectAPI.Services.csproj]
C:\Users\Masoud\source\repos\BloodConnectAPI\BloodConnectAPI.Services\Implementations\AuthService.cs(24,9): error CS0246: The type or namespace name 'UserManager<>' could not be found (are you missing a using directive or an assembly reference?) [C:\Users\Masoud\source\repos\BloodConnectAPI\BloodConnectAPI.Services\BloodConnectAPI.Services.csproj]
C:\Users\Masoud\source\repos\BloodConnectAPI\BloodConnectAPI.Services\Implementations\AuthService.cs(24,21): error CS0246: The type or namespace name 'ApplicationUser' could not be found (are you missing a using directive or an assembly reference?) [C:\Users\Masoud\source\repos\BloodConnectAPI\BloodConnectAPI.Services\BloodConnectAPI.Services.csproj]
C:\Users\Masoud\source\repos\BloodConnectAPI\BloodConnectAPI.Services\Implementations\AuthService.cs(25,9): error CS0246: The type or namespace name 'SignInManager<>' could not be found (are you missing a using directive or an assembly reference?) [C:\Users\Masoud\source\repos\BloodConnectAPI\BloodConnectAPI.Services\BloodConnectAPI.Services.csproj]
C:\Users\Masoud\source\repos\BloodConnectAPI\BloodConnectAPI.Services\Implementations\AuthService.cs(25,23): error CS0246: The type or namespace name 'ApplicationUser' could not be found (are you missing a using directive or an assembly reference?) [C:\Users\Masoud\source\repos\BloodConnectAPI\BloodConnectAPI.Services\BloodConnectAPI.Services.csproj]
C:\Users\Masoud\source\repos\BloodConnectAPI\BloodConnectAPI.Services\Implementations\AuthService.cs(26,9): error CS0246: The type or namespace name 'IConfiguration' could not be found (are you missing a using directive or an assembly reference?) [C:\Users\Masoud\source\repos\BloodConnectAPI\BloodConnectAPI.Services\BloodConnectAPI.Services.csproj]
C:\Users\Masoud\source\repos\BloodConnectAPI\BloodConnectAPI.Services\Interfaces\IUserService.cs(13,38): error CS0246: The type or namespace name 'ApplicationUserDto' could not be found (are you missing a using directive or an assembly reference?) [C:\Users\Masoud\source\repos\BloodConnectAPI\BloodConnectAPI.Services\BloodConnectAPI.Services.csproj]
C:\Users\Masoud\source\repos\BloodConnectAPI\BloodConnectAPI.Services\Implementations\BloodRequestService.cs(21,32): error CS0246: The type or namespace name 'IUnitOfWork' could not be found (are you missing a using directive or an assembly reference?) [C:\Users\Masoud\source\repos\BloodConnectAPI\BloodConnectAPI.Services\BloodConnectAPI.Services.csproj]
C:\Users\Masoud\source\repos\BloodConnectAPI\BloodConnectAPI.Services\Implementations\BloodRequestService.cs(21,56): error CS0246: The type or namespace name 'IMapper' could not be found (are you missing a using directive or an assembly reference?) [C:\Users\Masoud\source\repos\BloodConnectAPI\BloodConnectAPI.Services\BloodConnectAPI.Services.csproj]
C:\Users\Masoud\source\repos\BloodConnectAPI\BloodConnectAPI.Services\Implementations\DonorService.cs(345,88): error CS0246: The type or namespace name 'DonorApprovalStatus' could not be found (are you missing a using directive or an assembly reference?) [C:\Users\Masoud\source\repos\BloodConnectAPI\BloodConnectAPI.Services\BloodConnectAPI.Services.csproj]
C:\Users\Masoud\source\repos\BloodConnectAPI\BloodConnectAPI.Services\Implementations\DonorService.cs(345,51): error CS0246: The type or namespace name 'DonorDto' could not be found (are you missing a using directive or an assembly reference?) [C:\Users\Masoud\source\repos\BloodConnectAPI\BloodConnectAPI.Services\BloodConnectAPI.Services.csproj]
C:\Users\Masoud\source\repos\BloodConnectAPI\BloodConnectAPI.Services\Implementations\PatientService.cs(77,72): error CS0246: The type or namespace name 'UpdatePatientDto' could not be found (are you missing a using directive or an assembly reference?) [C:\Users\Masoud\source\repos\BloodConnectAPI\BloodConnectAPI.Services\BloodConnectAPI.Services.csproj]
C:\Users\Masoud\source\repos\BloodConnectAPI\BloodConnectAPI.Services\Implementations\PatientService.cs(77,39): error CS0246: The type or namespace name 'PatientDto' could not be found (are you missing a using directive or an assembly reference?) [C:\Users\Masoud\source\repos\BloodConnectAPI\BloodConnectAPI.Services\BloodConnectAPI.Services.csproj]
C:\Users\Masoud\source\repos\BloodConnectAPI\BloodConnectAPI.Services\Interfaces\IPatientService.cs(20,26): error CS0246: The type or namespace name 'PatientDto' could not be found (are you missing a using directive or an assembly reference?) [C:\Users\Masoud\source\repos\BloodConnectAPI\BloodConnectAPI.Services\BloodConnectAPI.Services.csproj]
C:\Users\Masoud\source\repos\BloodConnectAPI\BloodConnectAPI.Services\Implementations\UserService.cs(34,39): error CS0246: The type or namespace name 'ApplicationUserDto' could not be found (are you missing a using directive or an assembly reference?) [C:\Users\Masoud\source\repos\BloodConnectAPI\BloodConnectAPI.Services\BloodConnectAPI.Services.csproj]
C:\Users\Masoud\source\repos\BloodConnectAPI\BloodConnectAPI.Services\Interfaces\IReportService.cs(60,85): error CS0246: The type or namespace name 'DateFilterDto' could not be found (are you missing a using directive or an assembly reference?) [C:\Users\Masoud\source\repos\BloodConnectAPI\BloodConnectAPI.Services\BloodConnectAPI.Services.csproj]
C:\Users\Masoud\source\repos\BloodConnectAPI\BloodConnectAPI.Services\Interfaces\IReportService.cs(60,31): error CS0246: The type or namespace name 'DonationsByPeriodDto' could not be found (are you missing a using directive or an assembly reference?) [C:\Users\Masoud\source\repos\BloodConnectAPI\BloodConnectAPI.Services\BloodConnectAPI.Services.csproj]
C:\Users\Masoud\source\repos\BloodConnectAPI\BloodConnectAPI.Services\Implementations\ReportService.cs(35,39): error CS0246: The type or namespace name 'DonorStatisticsDto' could not be found (are you missing a using directive or an assembly reference?) [C:\Users\Masoud\source\repos\BloodConnectAPI\BloodConnectAPI.Services\BloodConnectAPI.Services.csproj]
C:\Users\Masoud\source\repos\BloodConnectAPI\BloodConnectAPI.Services\Interfaces\IDonorService.cs(49,68): error CS0246: The type or namespace name 'ApproveDonorDto' could not be found (are you missing a using directive or an assembly reference?) [C:\Users\Masoud\source\repos\BloodConnectAPI\BloodConnectAPI.Services\BloodConnectAPI.Services.csproj]
C:\Users\Masoud\source\repos\BloodConnectAPI\BloodConnectAPI.Services\Interfaces\IDonorService.cs(49,26): error CS0246: The type or namespace name 'DonorDto' could not be found (are you missing a using directive or an assembly reference?) [C:\Users\Masoud\source\repos\BloodConnectAPI\BloodConnectAPI.Services\BloodConnectAPI.Services.csproj]
C:\Users\Masoud\source\repos\BloodConnectAPI\BloodConnectAPI.Services\Implementations\InventoryService.cs(19,29): error CS0246: The type or namespace name 'IUnitOfWork' could not be found (are you missing a using directive or an assembly reference?) [C:\Users\Masoud\source\repos\BloodConnectAPI\BloodConnectAPI.Services\BloodConnectAPI.Services.csproj]
C:\Users\Masoud\source\repos\BloodConnectAPI\BloodConnectAPI.Services\Implementations\InventoryService.cs(19,53): error CS0246: The type or namespace name 'IMapper' could not be found (are you missing a using directive or an assembly reference?) [C:\Users\Masoud\source\repos\BloodConnectAPI\BloodConnectAPI.Services\BloodConnectAPI.Services.csproj]
C:\Users\Masoud\source\repos\BloodConnectAPI\BloodConnectAPI.Services\Implementations\DonorService.cs(368,51): error CS0246: The type or namespace name 'DonorMedicalDocumentDto' could not be found (are you missing a using directive or an assembly reference?) [C:\Users\Masoud\source\repos\BloodConnectAPI\BloodConnectAPI.Services\BloodConnectAPI.Services.csproj]
C:\Users\Masoud\source\repos\BloodConnectAPI\BloodConnectAPI.Services\Interfaces\IPatientService.cs(21,26): error CS0246: The type or namespace name 'PatientDto' could not be found (are you missing a using directive or an assembly reference?) [C:\Users\Masoud\source\repos\BloodConnectAPI\BloodConnectAPI.Services\BloodConnectAPI.Services.csproj]
C:\Users\Masoud\source\repos\BloodConnectAPI\BloodConnectAPI.Services\Implementations\PatientService.cs(108,39): error CS0246: The type or namespace name 'PatientDto' could not be found (are you missing a using directive or an assembly reference?) [C:\Users\Masoud\source\repos\BloodConnectAPI\BloodConnectAPI.Services\BloodConnectAPI.Services.csproj]
C:\Users\Masoud\source\repos\BloodConnectAPI\BloodConnectAPI.Services\Implementations\UserService.cs(58,51): error CS0246: The type or namespace name 'ApplicationUserDto' could not be found (are you missing a using directive or an assembly reference?) [C:\Users\Masoud\source\repos\BloodConnectAPI\BloodConnectAPI.Services\BloodConnectAPI.Services.csproj]
C:\Users\Masoud\source\repos\BloodConnectAPI\BloodConnectAPI.Services\Interfaces\IUserService.cs(14,70): error CS0246: The type or namespace name 'UpdateApplicationUserDto' could not be found (are you missing a using directive or an assembly reference?) [C:\Users\Masoud\source\repos\BloodConnectAPI\BloodConnectAPI.Services\BloodConnectAPI.Services.csproj]
C:\Users\Masoud\source\repos\BloodConnectAPI\BloodConnectAPI.Services\Interfaces\IUserService.cs(14,26): error CS0246: The type or namespace name 'ApplicationUserDto' could not be found (are you missing a using directive or an assembly reference?) [C:\Users\Masoud\source\repos\BloodConnectAPI\BloodConnectAPI.Services\BloodConnectAPI.Services.csproj]
C:\Users\Masoud\source\repos\BloodConnectAPI\BloodConnectAPI.Services\Implementations\ReportService.cs(67,39): error CS0246: The type or namespace name 'ActiveVsInactiveDonorsDto' could not be found (are you missing a using directive or an assembly reference?) [C:\Users\Masoud\source\repos\BloodConnectAPI\BloodConnectAPI.Services\BloodConnectAPI.Services.csproj]
C:\Users\Masoud\source\repos\BloodConnectAPI\BloodConnectAPI.Services\Implementations\PatientService.cs(119,39): error CS0246: The type or namespace name 'PatientDto' could not be found (are you missing a using directive or an assembly reference?) [C:\Users\Masoud\source\repos\BloodConnectAPI\BloodConnectAPI.Services\BloodConnectAPI.Services.csproj]
C:\Users\Masoud\source\repos\BloodConnectAPI\BloodConnectAPI.Services\Interfaces\IReportService.cs(68,80): error CS0246: The type or namespace name 'DateFilterDto' could not be found (are you missing a using directive or an assembly reference?) [C:\Users\Masoud\source\repos\BloodConnectAPI\BloodConnectAPI.Services\BloodConnectAPI.Services.csproj]
C:\Users\Masoud\source\repos\BloodConnectAPI\BloodConnectAPI.Services\Interfaces\IReportService.cs(68,31): error CS0246: The type or namespace name 'BloodQuantityDto' could not be found (are you missing a using directive or an assembly reference?) [C:\Users\Masoud\source\repos\BloodConnectAPI\BloodConnectAPI.Services\BloodConnectAPI.Services.csproj]
C:\Users\Masoud\source\repos\BloodConnectAPI\BloodConnectAPI.Services\Interfaces\IDonorService.cs(50,75): error CS0246: The type or namespace name 'DonorApprovalStatus' could not be found (are you missing a using directive or an assembly reference?) [C:\Users\Masoud\source\repos\BloodConnectAPI\BloodConnectAPI.Services\BloodConnectAPI.Services.csproj]
C:\Users\Masoud\source\repos\BloodConnectAPI\BloodConnectAPI.Services\Interfaces\IDonorService.cs(50,38): error CS0246: The type or namespace name 'DonorDto' could not be found (are you missing a using directive or an assembly reference?) [C:\Users\Masoud\source\repos\BloodConnectAPI\BloodConnectAPI.Services\BloodConnectAPI.Services.csproj]
C:\Users\Masoud\source\repos\BloodConnectAPI\BloodConnectAPI.Services\Implementations\ReportService.cs(94,107): error CS0234: The type or namespace name 'Models' does not exist in the namespace 'BloodConnectAPI' (are you missing an assembly reference?) [C:\Users\Masoud\source\repos\BloodConnectAPI\BloodConnectAPI.Services\BloodConnectAPI.Services.csproj]
C:\Users\Masoud\source\repos\BloodConnectAPI\BloodConnectAPI.Services\Implementations\ReportService.cs(94,51): error CS0246: The type or namespace name 'DonorsByCityDto' could not be found (are you missing a using directive or an assembly reference?) [C:\Users\Masoud\source\repos\BloodConnectAPI\BloodConnectAPI.Services\BloodConnectAPI.Services.csproj]
C:\Users\Masoud\source\repos\BloodConnectAPI\BloodConnectAPI.Services\Interfaces\IUserService.cs(28,26): error CS0246: The type or namespace name 'ApplicationUserDto' could not be found (are you missing a using directive or an assembly reference?) [C:\Users\Masoud\source\repos\BloodConnectAPI\BloodConnectAPI.Services\BloodConnectAPI.Services.csproj]
C:\Users\Masoud\source\repos\BloodConnectAPI\BloodConnectAPI.Services\Implementations\UserService.cs(109,83): error CS0246: The type or namespace name 'UpdateApplicationUserDto' could not be found (are you missing a using directive or an assembly reference?) [C:\Users\Masoud\source\repos\BloodConnectAPI\BloodConnectAPI.Services\BloodConnectAPI.Services.csproj]
C:\Users\Masoud\source\repos\BloodConnectAPI\BloodConnectAPI.Services\Implementations\UserService.cs(109,39): error CS0246: The type or namespace name 'ApplicationUserDto' could not be found (are you missing a using directive or an assembly reference?) [C:\Users\Masoud\source\repos\BloodConnectAPI\BloodConnectAPI.Services\BloodConnectAPI.Services.csproj]
C:\Users\Masoud\source\repos\BloodConnectAPI\BloodConnectAPI.Services\Implementations\PatientService.cs(15,22): error CS0246: The type or namespace name 'IUnitOfWork' could not be found (are you missing a using directive or an assembly reference?) [C:\Users\Masoud\source\repos\BloodConnectAPI\BloodConnectAPI.Services\BloodConnectAPI.Services.csproj]
C:\Users\Masoud\source\repos\BloodConnectAPI\BloodConnectAPI.Services\Interfaces\IDonorService.cs(53,38): error CS0246: The type or namespace name 'DonorMedicalDocumentDto' could not be found (are you missing a using directive or an assembly reference?) [C:\Users\Masoud\source\repos\BloodConnectAPI\BloodConnectAPI.Services\BloodConnectAPI.Services.csproj]
C:\Users\Masoud\source\repos\BloodConnectAPI\BloodConnectAPI.Services\Implementations\ReportService.cs(130,44): error CS0246: The type or namespace name 'EligibleDonorsByBloodTypeDto' could not be found (are you missing a using directive or an assembly reference?) [C:\Users\Masoud\source\repos\BloodConnectAPI\BloodConnectAPI.Services\BloodConnectAPI.Services.csproj]
C:\Users\Masoud\source\repos\BloodConnectAPI\BloodConnectAPI.Services\Interfaces\IReportService.cs(76,79): error CS0246: The type or namespace name 'DateFilterDto' could not be found (are you missing a using directive or an assembly reference?) [C:\Users\Masoud\source\repos\BloodConnectAPI\BloodConnectAPI.Services\BloodConnectAPI.Services.csproj]
C:\Users\Masoud\source\repos\BloodConnectAPI\BloodConnectAPI.Services\Interfaces\IReportService.cs(76,26): error CS0246: The type or namespace name 'DonationTestResultsDto' could not be found (are you missing a using directive or an assembly reference?) [C:\Users\Masoud\source\repos\BloodConnectAPI\BloodConnectAPI.Services\BloodConnectAPI.Services.csproj]
C:\Users\Masoud\source\repos\BloodConnectAPI\BloodConnectAPI.Services\Implementations\PatientService.cs(16,22): error CS0246: The type or namespace name 'IMapper' could not be found (are you missing a using directive or an assembly reference?) [C:\Users\Masoud\source\repos\BloodConnectAPI\BloodConnectAPI.Services\BloodConnectAPI.Services.csproj]
C:\Users\Masoud\source\repos\BloodConnectAPI\BloodConnectAPI.Services\Implementations\DonorService.cs(17,22): error CS0246: The type or namespace name 'IUnitOfWork' could not be found (are you missing a using directive or an assembly reference?) [C:\Users\Masoud\source\repos\BloodConnectAPI\BloodConnectAPI.Services\BloodConnectAPI.Services.csproj]
C:\Users\Masoud\source\repos\BloodConnectAPI\BloodConnectAPI.Services\Implementations\UserService.cs(226,39): error CS0246: The type or namespace name 'ApplicationUserDto' could not be found (are you missing a using directive or an assembly reference?) [C:\Users\Masoud\source\repos\BloodConnectAPI\BloodConnectAPI.Services\BloodConnectAPI.Services.csproj]
C:\Users\Masoud\source\repos\BloodConnectAPI\BloodConnectAPI.Services\Implementations\DonorService.cs(18,22): error CS0246: The type or namespace name 'IMapper' could not be found (are you missing a using directive or an assembly reference?) [C:\Users\Masoud\source\repos\BloodConnectAPI\BloodConnectAPI.Services\BloodConnectAPI.Services.csproj]
C:\Users\Masoud\source\repos\BloodConnectAPI\BloodConnectAPI.Services\Implementations\ReportService.cs(163,98): error CS0246: The type or namespace name 'DateFilterDto' could not be found (are you missing a using directive or an assembly reference?) [C:\Users\Masoud\source\repos\BloodConnectAPI\BloodConnectAPI.Services\BloodConnectAPI.Services.csproj]
C:\Users\Masoud\source\repos\BloodConnectAPI\BloodConnectAPI.Services\Implementations\ReportService.cs(163,44): error CS0246: The type or namespace name 'DonationsByPeriodDto' could not be found (are you missing a using directive or an assembly reference?) [C:\Users\Masoud\source\repos\BloodConnectAPI\BloodConnectAPI.Services\BloodConnectAPI.Services.csproj]
C:\Users\Masoud\source\repos\BloodConnectAPI\BloodConnectAPI.Services\Interfaces\IReportService.cs(84,87): error CS0246: The type or namespace name 'DateFilterDto' could not be found (are you missing a using directive or an assembly reference?) [C:\Users\Masoud\source\repos\BloodConnectAPI\BloodConnectAPI.Services\BloodConnectAPI.Services.csproj]
C:\Users\Masoud\source\repos\BloodConnectAPI\BloodConnectAPI.Services\Interfaces\IReportService.cs(84,31): error CS0246: The type or namespace name 'DonationsByBloodTypeDto' could not be found (are you missing a using directive or an assembly reference?) [C:\Users\Masoud\source\repos\BloodConnectAPI\BloodConnectAPI.Services\BloodConnectAPI.Services.csproj]
C:\Users\Masoud\source\repos\BloodConnectAPI\BloodConnectAPI.Services\Implementations\PatientService.cs(18,27): error CS0246: The type or namespace name 'IUnitOfWork' could not be found (are you missing a using directive or an assembly reference?) [C:\Users\Masoud\source\repos\BloodConnectAPI\BloodConnectAPI.Services\BloodConnectAPI.Services.csproj]
C:\Users\Masoud\source\repos\BloodConnectAPI\BloodConnectAPI.Services\Implementations\PatientService.cs(18,51): error CS0246: The type or namespace name 'IMapper' could not be found (are you missing a using directive or an assembly reference?) [C:\Users\Masoud\source\repos\BloodConnectAPI\BloodConnectAPI.Services\BloodConnectAPI.Services.csproj]
C:\Users\Masoud\source\repos\BloodConnectAPI\BloodConnectAPI.Services\Implementations\UserService.cs(17,22): error CS0246: The type or namespace name 'UserManager<>' could not be found (are you missing a using directive or an assembly reference?) [C:\Users\Masoud\source\repos\BloodConnectAPI\BloodConnectAPI.Services\BloodConnectAPI.Services.csproj]
C:\Users\Masoud\source\repos\BloodConnectAPI\BloodConnectAPI.Services\Implementations\UserService.cs(17,34): error CS0246: The type or namespace name 'ApplicationUser' could not be found (are you missing a using directive or an assembly reference?) [C:\Users\Masoud\source\repos\BloodConnectAPI\BloodConnectAPI.Services\BloodConnectAPI.Services.csproj]
C:\Users\Masoud\source\repos\BloodConnectAPI\BloodConnectAPI.Services\Implementations\DonorService.cs(19,22): error CS0246: The type or namespace name 'UserManager<>' could not be found (are you missing a using directive or an assembly reference?) [C:\Users\Masoud\source\repos\BloodConnectAPI\BloodConnectAPI.Services\BloodConnectAPI.Services.csproj]
C:\Users\Masoud\source\repos\BloodConnectAPI\BloodConnectAPI.Services\Implementations\DonorService.cs(19,34): error CS0246: The type or namespace name 'ApplicationUser' could not be found (are you missing a using directive or an assembly reference?) [C:\Users\Masoud\source\repos\BloodConnectAPI\BloodConnectAPI.Services\BloodConnectAPI.Services.csproj]
C:\Users\Masoud\source\repos\BloodConnectAPI\BloodConnectAPI.Services\Implementations\ReportService.cs(201,56): error CS0246: The type or namespace name 'Donation' could not be found (are you missing a using directive or an assembly reference?) [C:\Users\Masoud\source\repos\BloodConnectAPI\BloodConnectAPI.Services\BloodConnectAPI.Services.csproj]
C:\Users\Masoud\source\repos\BloodConnectAPI\BloodConnectAPI.Services\Implementations\ReportService.cs(201,18): error CS0246: The type or namespace name 'DonationsByPeriodDto' could not be found (are you missing a using directive or an assembly reference?) [C:\Users\Masoud\source\repos\BloodConnectAPI\BloodConnectAPI.Services\BloodConnectAPI.Services.csproj]
C:\Users\Masoud\source\repos\BloodConnectAPI\BloodConnectAPI.Services\Interfaces\IReportService.cs(93,78): error CS0246: The type or namespace name 'DateFilterDto' could not be found (are you missing a using directive or an assembly reference?) [C:\Users\Masoud\source\repos\BloodConnectAPI\BloodConnectAPI.Services\BloodConnectAPI.Services.csproj]
C:\Users\Masoud\source\repos\BloodConnectAPI\BloodConnectAPI.Services\Interfaces\IReportService.cs(93,31): error CS0246: The type or namespace name 'MostActiveDonorDto' could not be found (are you missing a using directive or an assembly reference?) [C:\Users\Masoud\source\repos\BloodConnectAPI\BloodConnectAPI.Services\BloodConnectAPI.Services.csproj]
C:\Users\Masoud\source\repos\BloodConnectAPI\BloodConnectAPI.Services\Interfaces\IReportService.cs(104,31): error CS0246: The type or namespace name 'InventoryAvailabilityDto' could not be found (are you missing a using directive or an assembly reference?) [C:\Users\Masoud\source\repos\BloodConnectAPI\BloodConnectAPI.Services\BloodConnectAPI.Services.csproj]
C:\Users\Masoud\source\repos\BloodConnectAPI\BloodConnectAPI.Services\Implementations\UserService.cs(18,22): error CS0246: The type or namespace name 'RoleManager<>' could not be found (are you missing a using directive or an assembly reference?) [C:\Users\Masoud\source\repos\BloodConnectAPI\BloodConnectAPI.Services\BloodConnectAPI.Services.csproj]
C:\Users\Masoud\source\repos\BloodConnectAPI\BloodConnectAPI.Services\Implementations\UserService.cs(18,34): error CS0246: The type or namespace name 'IdentityRole' could not be found (are you missing a using directive or an assembly reference?) [C:\Users\Masoud\source\repos\BloodConnectAPI\BloodConnectAPI.Services\BloodConnectAPI.Services.csproj]
C:\Users\Masoud\source\repos\BloodConnectAPI\BloodConnectAPI.Services\Implementations\ReportService.cs(216,57): error CS0246: The type or namespace name 'Donation' could not be found (are you missing a using directive or an assembly reference?) [C:\Users\Masoud\source\repos\BloodConnectAPI\BloodConnectAPI.Services\BloodConnectAPI.Services.csproj]
C:\Users\Masoud\source\repos\BloodConnectAPI\BloodConnectAPI.Services\Implementations\ReportService.cs(216,18): error CS0246: The type or namespace name 'DonationsByPeriodDto' could not be found (are you missing a using directive or an assembly reference?) [C:\Users\Masoud\source\repos\BloodConnectAPI\BloodConnectAPI.Services\BloodConnectAPI.Services.csproj]
C:\Users\Masoud\source\repos\BloodConnectAPI\BloodConnectAPI.Services\Implementations\UserService.cs(19,22): error CS0246: The type or namespace name 'IUnitOfWork' could not be found (are you missing a using directive or an assembly reference?) [C:\Users\Masoud\source\repos\BloodConnectAPI\BloodConnectAPI.Services\BloodConnectAPI.Services.csproj]
C:\Users\Masoud\source\repos\BloodConnectAPI\BloodConnectAPI.Services\Interfaces\IReportService.cs(111,31): error CS0246: The type or namespace name 'ExpiringBloodUnitsDto' could not be found (are you missing a using directive or an assembly reference?) [C:\Users\Masoud\source\repos\BloodConnectAPI\BloodConnectAPI.Services\BloodConnectAPI.Services.csproj]
C:\Users\Masoud\source\repos\BloodConnectAPI\BloodConnectAPI.Services\Implementations\DonorService.cs(21,25): error CS0246: The type or namespace name 'IUnitOfWork' could not be found (are you missing a using directive or an assembly reference?) [C:\Users\Masoud\source\repos\BloodConnectAPI\BloodConnectAPI.Services\BloodConnectAPI.Services.csproj]
C:\Users\Masoud\source\repos\BloodConnectAPI\BloodConnectAPI.Services\Implementations\DonorService.cs(21,49): error CS0246: The type or namespace name 'IMapper' could not be found (are you missing a using directive or an assembly reference?) [C:\Users\Masoud\source\repos\BloodConnectAPI\BloodConnectAPI.Services\BloodConnectAPI.Services.csproj]
C:\Users\Masoud\source\repos\BloodConnectAPI\BloodConnectAPI.Services\Implementations\DonorService.cs(21,65): error CS0246: The type or namespace name 'UserManager<>' could not be found (are you missing a using directive or an assembly reference?) [C:\Users\Masoud\source\repos\BloodConnectAPI\BloodConnectAPI.Services\BloodConnectAPI.Services.csproj]
C:\Users\Masoud\source\repos\BloodConnectAPI\BloodConnectAPI.Services\Implementations\DonorService.cs(21,77): error CS0246: The type or namespace name 'ApplicationUser' could not be found (are you missing a using directive or an assembly reference?) [C:\Users\Masoud\source\repos\BloodConnectAPI\BloodConnectAPI.Services\BloodConnectAPI.Services.csproj]
C:\Users\Masoud\source\repos\BloodConnectAPI\BloodConnectAPI.Services\Implementations\ReportService.cs(242,58): error CS0246: The type or namespace name 'Donation' could not be found (are you missing a using directive or an assembly reference?) [C:\Users\Masoud\source\repos\BloodConnectAPI\BloodConnectAPI.Services\BloodConnectAPI.Services.csproj]
C:\Users\Masoud\source\repos\BloodConnectAPI\BloodConnectAPI.Services\Implementations\ReportService.cs(242,18): error CS0246: The type or namespace name 'DonationsByPeriodDto' could not be found (are you missing a using directive or an assembly reference?) [C:\Users\Masoud\source\repos\BloodConnectAPI\BloodConnectAPI.Services\BloodConnectAPI.Services.csproj]
C:\Users\Masoud\source\repos\BloodConnectAPI\BloodConnectAPI.Services\Implementations\UserService.cs(20,22): error CS0246: The type or namespace name 'IMapper' could not be found (are you missing a using directive or an assembly reference?) [C:\Users\Masoud\source\repos\BloodConnectAPI\BloodConnectAPI.Services\BloodConnectAPI.Services.csproj]
C:\Users\Masoud\source\repos\BloodConnectAPI\BloodConnectAPI.Services\Interfaces\IReportService.cs(119,81): error CS0246: The type or namespace name 'DateFilterDto' could not be found (are you missing a using directive or an assembly reference?) [C:\Users\Masoud\source\repos\BloodConnectAPI\BloodConnectAPI.Services\BloodConnectAPI.Services.csproj]
C:\Users\Masoud\source\repos\BloodConnectAPI\BloodConnectAPI.Services\Interfaces\IReportService.cs(119,31): error CS0246: The type or namespace name 'ExpiredBloodUnitsDto' could not be found (are you missing a using directive or an assembly reference?) [C:\Users\Masoud\source\repos\BloodConnectAPI\BloodConnectAPI.Services\BloodConnectAPI.Services.csproj]
C:\Users\Masoud\source\repos\BloodConnectAPI\BloodConnectAPI.Services\Implementations\ReportService.cs(257,57): error CS0246: The type or namespace name 'Donation' could not be found (are you missing a using directive or an assembly reference?) [C:\Users\Masoud\source\repos\BloodConnectAPI\BloodConnectAPI.Services\BloodConnectAPI.Services.csproj]
C:\Users\Masoud\source\repos\BloodConnectAPI\BloodConnectAPI.Services\Implementations\ReportService.cs(257,18): error CS0246: The type or namespace name 'DonationsByPeriodDto' could not be found (are you missing a using directive or an assembly reference?) [C:\Users\Masoud\source\repos\BloodConnectAPI\BloodConnectAPI.Services\BloodConnectAPI.Services.csproj]
C:\Users\Masoud\source\repos\BloodConnectAPI\BloodConnectAPI.Services\Interfaces\IReportService.cs(127,86): error CS0246: The type or namespace name 'DateFilterDto' could not be found (are you missing a using directive or an assembly reference?) [C:\Users\Masoud\source\repos\BloodConnectAPI\BloodConnectAPI.Services\BloodConnectAPI.Services.csproj]
C:\Users\Masoud\source\repos\BloodConnectAPI\BloodConnectAPI.Services\Interfaces\IReportService.cs(127,31): error CS0246: The type or namespace name 'ConsumptionRateDto' could not be found (are you missing a using directive or an assembly reference?) [C:\Users\Masoud\source\repos\BloodConnectAPI\BloodConnectAPI.Services\BloodConnectAPI.Services.csproj]
C:\Users\Masoud\source\repos\BloodConnectAPI\BloodConnectAPI.Services\Implementations\ReportService.cs(291,93): error CS0246: The type or namespace name 'DateFilterDto' could not be found (are you missing a using directive or an assembly reference?) [C:\Users\Masoud\source\repos\BloodConnectAPI\BloodConnectAPI.Services\BloodConnectAPI.Services.csproj]
C:\Users\Masoud\source\repos\BloodConnectAPI\BloodConnectAPI.Services\Implementations\ReportService.cs(291,44): error CS0246: The type or namespace name 'BloodQuantityDto' could not be found (are you missing a using directive or an assembly reference?) [C:\Users\Masoud\source\repos\BloodConnectAPI\BloodConnectAPI.Services\BloodConnectAPI.Services.csproj]
C:\Users\Masoud\source\repos\BloodConnectAPI\BloodConnectAPI.Services\Interfaces\IReportService.cs(135,31): error CS0246: The type or namespace name 'LowInventoryAlertDto' could not be found (are you missing a using directive or an assembly reference?) [C:\Users\Masoud\source\repos\BloodConnectAPI\BloodConnectAPI.Services\BloodConnectAPI.Services.csproj]
C:\Users\Masoud\source\repos\BloodConnectAPI\BloodConnectAPI.Services\Implementations\ReportService.cs(335,92): error CS0246: The type or namespace name 'DateFilterDto' could not be found (are you missing a using directive or an assembly reference?) [C:\Users\Masoud\source\repos\BloodConnectAPI\BloodConnectAPI.Services\BloodConnectAPI.Services.csproj]
C:\Users\Masoud\source\repos\BloodConnectAPI\BloodConnectAPI.Services\Implementations\ReportService.cs(335,39): error CS0246: The type or namespace name 'DonationTestResultsDto' could not be found (are you missing a using directive or an assembly reference?) [C:\Users\Masoud\source\repos\BloodConnectAPI\BloodConnectAPI.Services\BloodConnectAPI.Services.csproj]
C:\Users\Masoud\source\repos\BloodConnectAPI\BloodConnectAPI.Services\Implementations\UserService.cs(23,9): error CS0246: The type or namespace name 'UserManager<>' could not be found (are you missing a using directive or an assembly reference?) [C:\Users\Masoud\source\repos\BloodConnectAPI\BloodConnectAPI.Services\BloodConnectAPI.Services.csproj]
C:\Users\Masoud\source\repos\BloodConnectAPI\BloodConnectAPI.Services\Implementations\UserService.cs(23,21): error CS0246: The type or namespace name 'ApplicationUser' could not be found (are you missing a using directive or an assembly reference?) [C:\Users\Masoud\source\repos\BloodConnectAPI\BloodConnectAPI.Services\BloodConnectAPI.Services.csproj]
C:\Users\Masoud\source\repos\BloodConnectAPI\BloodConnectAPI.Services\Implementations\UserService.cs(24,9): error CS0246: The type or namespace name 'RoleManager<>' could not be found (are you missing a using directive or an assembly reference?) [C:\Users\Masoud\source\repos\BloodConnectAPI\BloodConnectAPI.Services\BloodConnectAPI.Services.csproj]
C:\Users\Masoud\source\repos\BloodConnectAPI\BloodConnectAPI.Services\Implementations\UserService.cs(24,21): error CS0246: The type or namespace name 'IdentityRole' could not be found (are you missing a using directive or an assembly reference?) [C:\Users\Masoud\source\repos\BloodConnectAPI\BloodConnectAPI.Services\BloodConnectAPI.Services.csproj]
C:\Users\Masoud\source\repos\BloodConnectAPI\BloodConnectAPI.Services\Implementations\UserService.cs(25,9): error CS0246: The type or namespace name 'IUnitOfWork' could not be found (are you missing a using directive or an assembly reference?) [C:\Users\Masoud\source\repos\BloodConnectAPI\BloodConnectAPI.Services\BloodConnectAPI.Services.csproj]
C:\Users\Masoud\source\repos\BloodConnectAPI\BloodConnectAPI.Services\Implementations\UserService.cs(26,9): error CS0246: The type or namespace name 'IMapper' could not be found (are you missing a using directive or an assembly reference?) [C:\Users\Masoud\source\repos\BloodConnectAPI\BloodConnectAPI.Services\BloodConnectAPI.Services.csproj]
C:\Users\Masoud\source\repos\BloodConnectAPI\BloodConnectAPI.Services\Interfaces\IReportService.cs(147,73): error CS0246: The type or namespace name 'DateFilterDto' could not be found (are you missing a using directive or an assembly reference?) [C:\Users\Masoud\source\repos\BloodConnectAPI\BloodConnectAPI.Services\BloodConnectAPI.Services.csproj]
C:\Users\Masoud\source\repos\BloodConnectAPI\BloodConnectAPI.Services\Interfaces\IReportService.cs(147,26): error CS0246: The type or namespace name 'RequestsByStatusDto' could not be found (are you missing a using directive or an assembly reference?) [C:\Users\Masoud\source\repos\BloodConnectAPI\BloodConnectAPI.Services\BloodConnectAPI.Services.csproj]
C:\Users\Masoud\source\repos\BloodConnectAPI\BloodConnectAPI.Services\Implementations\ReportService.cs(369,100): error CS0246: The type or namespace name 'DateFilterDto' could not be found (are you missing a using directive or an assembly reference?) [C:\Users\Masoud\source\repos\BloodConnectAPI\BloodConnectAPI.Services\BloodConnectAPI.Services.csproj]
C:\Users\Masoud\source\repos\BloodConnectAPI\BloodConnectAPI.Services\Implementations\ReportService.cs(369,44): error CS0246: The type or namespace name 'DonationsByBloodTypeDto' could not be found (are you missing a using directive or an assembly reference?) [C:\Users\Masoud\source\repos\BloodConnectAPI\BloodConnectAPI.Services\BloodConnectAPI.Services.csproj]
C:\Users\Masoud\source\repos\BloodConnectAPI\BloodConnectAPI.Services\Interfaces\IReportService.cs(155,81): error CS0246: The type or namespace name 'DateFilterDto' could not be found (are you missing a using directive or an assembly reference?) [C:\Users\Masoud\source\repos\BloodConnectAPI\BloodConnectAPI.Services\BloodConnectAPI.Services.csproj]
C:\Users\Masoud\source\repos\BloodConnectAPI\BloodConnectAPI.Services\Interfaces\IReportService.cs(155,31): error CS0246: The type or namespace name 'RequestsByUrgencyDto' could not be found (are you missing a using directive or an assembly reference?) [C:\Users\Masoud\source\repos\BloodConnectAPI\BloodConnectAPI.Services\BloodConnectAPI.Services.csproj]
C:\Users\Masoud\source\repos\BloodConnectAPI\BloodConnectAPI.Services\Implementations\ReportService.cs(411,91): error CS0246: The type or namespace name 'DateFilterDto' could not be found (are you missing a using directive or an assembly reference?) [C:\Users\Masoud\source\repos\BloodConnectAPI\BloodConnectAPI.Services\BloodConnectAPI.Services.csproj]
C:\Users\Masoud\source\repos\BloodConnectAPI\BloodConnectAPI.Services\Implementations\ReportService.cs(411,44): error CS0246: The type or namespace name 'MostActiveDonorDto' could not be found (are you missing a using directive or an assembly reference?) [C:\Users\Masoud\source\repos\BloodConnectAPI\BloodConnectAPI.Services\BloodConnectAPI.Services.csproj]
C:\Users\Masoud\source\repos\BloodConnectAPI\BloodConnectAPI.Services\Interfaces\IReportService.cs(163,84): error CS0246: The type or namespace name 'DateFilterDto' could not be found (are you missing a using directive or an assembly reference?) [C:\Users\Masoud\source\repos\BloodConnectAPI\BloodConnectAPI.Services\BloodConnectAPI.Services.csproj]
C:\Users\Masoud\source\repos\BloodConnectAPI\BloodConnectAPI.Services\Interfaces\IReportService.cs(163,31): error CS0246: The type or namespace name 'FulfillmentRateDto' could not be found (are you missing a using directive or an assembly reference?) [C:\Users\Masoud\source\repos\BloodConnectAPI\BloodConnectAPI.Services\BloodConnectAPI.Services.csproj]
C:\Users\Masoud\source\repos\BloodConnectAPI\BloodConnectAPI.Services\Implementations\ReportService.cs(467,44): error CS0246: The type or namespace name 'InventoryAvailabilityDto' could not be found (are you missing a using directive or an assembly reference?) [C:\Users\Masoud\source\repos\BloodConnectAPI\BloodConnectAPI.Services\BloodConnectAPI.Services.csproj]
C:\Users\Masoud\source\repos\BloodConnectAPI\BloodConnectAPI.Services\Implementations\ReportService.cs(501,44): error CS0246: The type or namespace name 'ExpiringBloodUnitsDto' could not be found (are you missing a using directive or an assembly reference?) [C:\Users\Masoud\source\repos\BloodConnectAPI\BloodConnectAPI.Services\BloodConnectAPI.Services.csproj]
C:\Users\Masoud\source\repos\BloodConnectAPI\BloodConnectAPI.Services\Interfaces\IReportService.cs(171,85): error CS0246: The type or namespace name 'DateFilterDto' could not be found (are you missing a using directive or an assembly reference?) [C:\Users\Masoud\source\repos\BloodConnectAPI\BloodConnectAPI.Services\BloodConnectAPI.Services.csproj]
C:\Users\Masoud\source\repos\BloodConnectAPI\BloodConnectAPI.Services\Interfaces\IReportService.cs(171,31): error CS0246: The type or namespace name 'RequestsByBloodTypeDto' could not be found (are you missing a using directive or an assembly reference?) [C:\Users\Masoud\source\repos\BloodConnectAPI\BloodConnectAPI.Services\BloodConnectAPI.Services.csproj]
C:\Users\Masoud\source\repos\BloodConnectAPI\BloodConnectAPI.Services\Implementations\ReportService.cs(534,94): error CS0246: The type or namespace name 'DateFilterDto' could not be found (are you missing a using directive or an assembly reference?) [C:\Users\Masoud\source\repos\BloodConnectAPI\BloodConnectAPI.Services\BloodConnectAPI.Services.csproj]
C:\Users\Masoud\source\repos\BloodConnectAPI\BloodConnectAPI.Services\Implementations\ReportService.cs(534,44): error CS0246: The type or namespace name 'ExpiredBloodUnitsDto' could not be found (are you missing a using directive or an assembly reference?) [C:\Users\Masoud\source\repos\BloodConnectAPI\BloodConnectAPI.Services\BloodConnectAPI.Services.csproj]
C:\Users\Masoud\source\repos\BloodConnectAPI\BloodConnectAPI.Services\Interfaces\IReportService.cs(179,87): error CS0246: The type or namespace name 'DateFilterDto' could not be found (are you missing a using directive or an assembly reference?) [C:\Users\Masoud\source\repos\BloodConnectAPI\BloodConnectAPI.Services\BloodConnectAPI.Services.csproj]
C:\Users\Masoud\source\repos\BloodConnectAPI\BloodConnectAPI.Services\Interfaces\IReportService.cs(179,31): error CS0246: The type or namespace name 'AvgFulfillmentTimeDto' could not be found (are you missing a using directive or an assembly reference?) [C:\Users\Masoud\source\repos\BloodConnectAPI\BloodConnectAPI.Services\BloodConnectAPI.Services.csproj]
C:\Users\Masoud\source\repos\BloodConnectAPI\BloodConnectAPI.Services\Implementations\ReportService.cs(580,99): error CS0246: The type or namespace name 'DateFilterDto' could not be found (are you missing a using directive or an assembly reference?) [C:\Users\Masoud\source\repos\BloodConnectAPI\BloodConnectAPI.Services\BloodConnectAPI.Services.csproj]
C:\Users\Masoud\source\repos\BloodConnectAPI\BloodConnectAPI.Services\Implementations\ReportService.cs(580,44): error CS0246: The type or namespace name 'ConsumptionRateDto' could not be found (are you missing a using directive or an assembly reference?) [C:\Users\Masoud\source\repos\BloodConnectAPI\BloodConnectAPI.Services\BloodConnectAPI.Services.csproj]
C:\Users\Masoud\source\repos\BloodConnectAPI\BloodConnectAPI.Services\Interfaces\IReportService.cs(191,76): error CS0246: The type or namespace name 'DateFilterDto' could not be found (are you missing a using directive or an assembly reference?) [C:\Users\Masoud\source\repos\BloodConnectAPI\BloodConnectAPI.Services\BloodConnectAPI.Services.csproj]
C:\Users\Masoud\source\repos\BloodConnectAPI\BloodConnectAPI.Services\Interfaces\IReportService.cs(191,26): error CS0246: The type or namespace name 'PatientCountDto' could not be found (are you missing a using directive or an assembly reference?) [C:\Users\Masoud\source\repos\BloodConnectAPI\BloodConnectAPI.Services\BloodConnectAPI.Services.csproj]
C:\Users\Masoud\source\repos\BloodConnectAPI\BloodConnectAPI.Services\Implementations\ReportService.cs(634,44): error CS0246: The type or namespace name 'LowInventoryAlertDto' could not be found (are you missing a using directive or an assembly reference?) [C:\Users\Masoud\source\repos\BloodConnectAPI\BloodConnectAPI.Services\BloodConnectAPI.Services.csproj]
C:\Users\Masoud\source\repos\BloodConnectAPI\BloodConnectAPI.Services\Interfaces\IReportService.cs(198,31): error CS0246: The type or namespace name 'PatientsByBloodTypeDto' could not be found (are you missing a using directive or an assembly reference?) [C:\Users\Masoud\source\repos\BloodConnectAPI\BloodConnectAPI.Services\BloodConnectAPI.Services.csproj]
C:\Users\Masoud\source\repos\BloodConnectAPI\BloodConnectAPI.Services\Interfaces\IReportService.cs(205,31): error CS0246: The type or namespace name 'PatientsWithActiveRequestsDto' could not be found (are you missing a using directive or an assembly reference?) [C:\Users\Masoud\source\repos\BloodConnectAPI\BloodConnectAPI.Services\BloodConnectAPI.Services.csproj]
C:\Users\Masoud\source\repos\BloodConnectAPI\BloodConnectAPI.Services\Implementations\ReportService.cs(667,86): error CS0246: The type or namespace name 'DateFilterDto' could not be found (are you missing a using directive or an assembly reference?) [C:\Users\Masoud\source\repos\BloodConnectAPI\BloodConnectAPI.Services\BloodConnectAPI.Services.csproj]
C:\Users\Masoud\source\repos\BloodConnectAPI\BloodConnectAPI.Services\Implementations\ReportService.cs(667,39): error CS0246: The type or namespace name 'RequestsByStatusDto' could not be found (are you missing a using directive or an assembly reference?) [C:\Users\Masoud\source\repos\BloodConnectAPI\BloodConnectAPI.Services\BloodConnectAPI.Services.csproj]
C:\Users\Masoud\source\repos\BloodConnectAPI\BloodConnectAPI.Services\Interfaces\IReportService.cs(216,26): error CS0246: The type or namespace name 'DashboardSummaryDto' could not be found (are you missing a using directive or an assembly reference?) [C:\Users\Masoud\source\repos\BloodConnectAPI\BloodConnectAPI.Services\BloodConnectAPI.Services.csproj]
C:\Users\Masoud\source\repos\BloodConnectAPI\BloodConnectAPI.Services\Implementations\ReportService.cs(706,94): error CS0246: The type or namespace name 'DateFilterDto' could not be found (are you missing a using directive or an assembly reference?) [C:\Users\Masoud\source\repos\BloodConnectAPI\BloodConnectAPI.Services\BloodConnectAPI.Services.csproj]
C:\Users\Masoud\source\repos\BloodConnectAPI\BloodConnectAPI.Services\Implementations\ReportService.cs(706,44): error CS0246: The type or namespace name 'RequestsByUrgencyDto' could not be found (are you missing a using directive or an assembly reference?) [C:\Users\Masoud\source\repos\BloodConnectAPI\BloodConnectAPI.Services\BloodConnectAPI.Services.csproj]
C:\Users\Masoud\source\repos\BloodConnectAPI\BloodConnectAPI.Services\Implementations\ReportService.cs(742,97): error CS0246: The type or namespace name 'DateFilterDto' could not be found (are you missing a using directive or an assembly reference?) [C:\Users\Masoud\source\repos\BloodConnectAPI\BloodConnectAPI.Services\BloodConnectAPI.Services.csproj]
C:\Users\Masoud\source\repos\BloodConnectAPI\BloodConnectAPI.Services\Implementations\ReportService.cs(742,44): error CS0246: The type or namespace name 'FulfillmentRateDto' could not be found (are you missing a using directive or an assembly reference?) [C:\Users\Masoud\source\repos\BloodConnectAPI\BloodConnectAPI.Services\BloodConnectAPI.Services.csproj]
C:\Users\Masoud\source\repos\BloodConnectAPI\BloodConnectAPI.Services\Implementations\ReportService.cs(793,98): error CS0246: The type or namespace name 'DateFilterDto' could not be found (are you missing a using directive or an assembly reference?) [C:\Users\Masoud\source\repos\BloodConnectAPI\BloodConnectAPI.Services\BloodConnectAPI.Services.csproj]
C:\Users\Masoud\source\repos\BloodConnectAPI\BloodConnectAPI.Services\Implementations\ReportService.cs(793,44): error CS0246: The type or namespace name 'RequestsByBloodTypeDto' could not be found (are you missing a using directive or an assembly reference?) [C:\Users\Masoud\source\repos\BloodConnectAPI\BloodConnectAPI.Services\BloodConnectAPI.Services.csproj]
C:\Users\Masoud\source\repos\BloodConnectAPI\BloodConnectAPI.Services\Implementations\ReportService.cs(837,100): error CS0246: The type or namespace name 'DateFilterDto' could not be found (are you missing a using directive or an assembly reference?) [C:\Users\Masoud\source\repos\BloodConnectAPI\BloodConnectAPI.Services\BloodConnectAPI.Services.csproj]
C:\Users\Masoud\source\repos\BloodConnectAPI\BloodConnectAPI.Services\Implementations\ReportService.cs(837,44): error CS0246: The type or namespace name 'AvgFulfillmentTimeDto' could not be found (are you missing a using directive or an assembly reference?) [C:\Users\Masoud\source\repos\BloodConnectAPI\BloodConnectAPI.Services\BloodConnectAPI.Services.csproj]
C:\Users\Masoud\source\repos\BloodConnectAPI\BloodConnectAPI.Services\Implementations\ReportService.cs(890,89): error CS0246: The type or namespace name 'DateFilterDto' could not be found (are you missing a using directive or an assembly reference?) [C:\Users\Masoud\source\repos\BloodConnectAPI\BloodConnectAPI.Services\BloodConnectAPI.Services.csproj]
C:\Users\Masoud\source\repos\BloodConnectAPI\BloodConnectAPI.Services\Implementations\ReportService.cs(890,39): error CS0246: The type or namespace name 'PatientCountDto' could not be found (are you missing a using directive or an assembly reference?) [C:\Users\Masoud\source\repos\BloodConnectAPI\BloodConnectAPI.Services\BloodConnectAPI.Services.csproj]
C:\Users\Masoud\source\repos\BloodConnectAPI\BloodConnectAPI.Services\Implementations\ReportService.cs(944,44): error CS0246: The type or namespace name 'PatientsByBloodTypeDto' could not be found (are you missing a using directive or an assembly reference?) [C:\Users\Masoud\source\repos\BloodConnectAPI\BloodConnectAPI.Services\BloodConnectAPI.Services.csproj]
C:\Users\Masoud\source\repos\BloodConnectAPI\BloodConnectAPI.Services\Implementations\ReportService.cs(979,44): error CS0246: The type or namespace name 'PatientsWithActiveRequestsDto' could not be found (are you missing a using directive or an assembly reference?) [C:\Users\Masoud\source\repos\BloodConnectAPI\BloodConnectAPI.Services\BloodConnectAPI.Services.csproj]
C:\Users\Masoud\source\repos\BloodConnectAPI\BloodConnectAPI.Services\Implementations\ReportService.cs(1030,39): error CS0246: The type or namespace name 'DashboardSummaryDto' could not be found (are you missing a using directive or an assembly reference?) [C:\Users\Masoud\source\repos\BloodConnectAPI\BloodConnectAPI.Services\BloodConnectAPI.Services.csproj]
C:\Users\Masoud\source\repos\BloodConnectAPI\BloodConnectAPI.Services\Implementations\ReportService.cs(1094,76): error CS0246: The type or namespace name 'DateFilterDto' could not be found (are you missing a using directive or an assembly reference?) [C:\Users\Masoud\source\repos\BloodConnectAPI\BloodConnectAPI.Services\BloodConnectAPI.Services.csproj]
C:\Users\Masoud\source\repos\BloodConnectAPI\BloodConnectAPI.Services\Implementations\ReportService.cs(1108,29): error CS0246: The type or namespace name 'BloodType' could not be found (are you missing a using directive or an assembly reference?) [C:\Users\Masoud\source\repos\BloodConnectAPI\BloodConnectAPI.Services\BloodConnectAPI.Services.csproj]
C:\Users\Masoud\source\repos\BloodConnectAPI\BloodConnectAPI.Services\Implementations\ReportService.cs(1125,41): error CS0246: The type or namespace name 'RequestStatus' could not be found (are you missing a using directive or an assembly reference?) [C:\Users\Masoud\source\repos\BloodConnectAPI\BloodConnectAPI.Services\BloodConnectAPI.Services.csproj]
C:\Users\Masoud\source\repos\BloodConnectAPI\BloodConnectAPI.Services\Implementations\ReportService.cs(1130,44): error CS0246: The type or namespace name 'UrgencyLevel' could not be found (are you missing a using directive or an assembly reference?) [C:\Users\Masoud\source\repos\BloodConnectAPI\BloodConnectAPI.Services\BloodConnectAPI.Services.csproj]
C:\Users\Masoud\source\repos\BloodConnectAPI\BloodConnectAPI.Services\Implementations\ReportService.cs(1141,54): error CS0246: The type or namespace name 'BloodRequest' could not be found (are you missing a using directive or an assembly reference?) [C:\Users\Masoud\source\repos\BloodConnectAPI\BloodConnectAPI.Services\BloodConnectAPI.Services.csproj]
C:\Users\Masoud\source\repos\BloodConnectAPI\BloodConnectAPI.Services\Implementations\ReportService.cs(22,22): error CS0246: The type or namespace name 'IUnitOfWork' could not be found (are you missing a using directive or an assembly reference?) [C:\Users\Masoud\source\repos\BloodConnectAPI\BloodConnectAPI.Services\BloodConnectAPI.Services.csproj]
C:\Users\Masoud\source\repos\BloodConnectAPI\BloodConnectAPI.Services\Implementations\ReportService.cs(23,22): error CS0246: The type or namespace name 'IMapper' could not be found (are you missing a using directive or an assembly reference?) [C:\Users\Masoud\source\repos\BloodConnectAPI\BloodConnectAPI.Services\BloodConnectAPI.Services.csproj]
C:\Users\Masoud\source\repos\BloodConnectAPI\BloodConnectAPI.Services\Implementations\ReportService.cs(24,22): error CS0246: The type or namespace name 'ILogger<>' could not be found (are you missing a using directive or an assembly reference?) [C:\Users\Masoud\source\repos\BloodConnectAPI\BloodConnectAPI.Services\BloodConnectAPI.Services.csproj]
C:\Users\Masoud\source\repos\BloodConnectAPI\BloodConnectAPI.Services\Implementations\ReportService.cs(26,26): error CS0246: The type or namespace name 'IUnitOfWork' could not be found (are you missing a using directive or an assembly reference?) [C:\Users\Masoud\source\repos\BloodConnectAPI\BloodConnectAPI.Services\BloodConnectAPI.Services.csproj]
C:\Users\Masoud\source\repos\BloodConnectAPI\BloodConnectAPI.Services\Implementations\ReportService.cs(26,50): error CS0246: The type or namespace name 'IMapper' could not be found (are you missing a using directive or an assembly reference?) [C:\Users\Masoud\source\repos\BloodConnectAPI\BloodConnectAPI.Services\BloodConnectAPI.Services.csproj]
C:\Users\Masoud\source\repos\BloodConnectAPI\BloodConnectAPI.Services\Implementations\ReportService.cs(26,66): error CS0246: The type or namespace name 'ILogger<>' could not be found (are you missing a using directive or an assembly reference?) [C:\Users\Masoud\source\repos\BloodConnectAPI\BloodConnectAPI.Services\BloodConnectAPI.Services.csproj]

Build FAILED.

C:\Users\Masoud\source\repos\BloodConnectAPI\BloodConnectAPI.Services\Common\DonationBusinessRules.cs(1,23): error CS0234: The type or namespace name 'Models' does not exist in the namespace 'BloodConnectAPI' (are you missing an assembly reference?) [C:\Users\Masoud\source\repos\BloodConnectAPI\BloodConnectAPI.Services\BloodConnectAPI.Services.csproj]
C:\Users\Masoud\source\repos\BloodConnectAPI\BloodConnectAPI.Services\Implementations\AuthService.cs(1,17): error CS0234: The type or namespace name 'AspNetCore' does not exist in the namespace 'Microsoft' (are you missing an assembly reference?) [C:\Users\Masoud\source\repos\BloodConnectAPI\BloodConnectAPI.Services\BloodConnectAPI.Services.csproj]
C:\Users\Masoud\source\repos\BloodConnectAPI\BloodConnectAPI.Services\Implementations\AuthService.cs(2,17): error CS0234: The type or namespace name 'Extensions' does not exist in the namespace 'Microsoft' (are you missing an assembly reference?) [C:\Users\Masoud\source\repos\BloodConnectAPI\BloodConnectAPI.Services\BloodConnectAPI.Services.csproj]
C:\Users\Masoud\source\repos\BloodConnectAPI\BloodConnectAPI.Services\Implementations\AuthService.cs(3,17): error CS0234: The type or namespace name 'IdentityModel' does not exist in the namespace 'Microsoft' (are you missing an assembly reference?) [C:\Users\Masoud\source\repos\BloodConnectAPI\BloodConnectAPI.Services\BloodConnectAPI.Services.csproj]
C:\Users\Masoud\source\repos\BloodConnectAPI\BloodConnectAPI.Services\Implementations\AuthService.cs(4,14): error CS0234: The type or namespace name 'IdentityModel' does not exist in the namespace 'System' (are you missing an assembly reference?) [C:\Users\Masoud\source\repos\BloodConnectAPI\BloodConnectAPI.Services\BloodConnectAPI.Services.csproj]
C:\Users\Masoud\source\repos\BloodConnectAPI\BloodConnectAPI.Services\Implementations\AuthService.cs(7,23): error CS0234: The type or namespace name 'Models' does not exist in the namespace 'BloodConnectAPI' (are you missing an assembly reference?) [C:\Users\Masoud\source\repos\BloodConnectAPI\BloodConnectAPI.Services\BloodConnectAPI.Services.csproj]
C:\Users\Masoud\source\repos\BloodConnectAPI\BloodConnectAPI.Services\Implementations\AuthService.cs(8,23): error CS0234: The type or namespace name 'Models' does not exist in the namespace 'BloodConnectAPI' (are you missing an assembly reference?) [C:\Users\Masoud\source\repos\BloodConnectAPI\BloodConnectAPI.Services\BloodConnectAPI.Services.csproj]
C:\Users\Masoud\source\repos\BloodConnectAPI\BloodConnectAPI.Services\Implementations\BloodRequestService.cs(1,7): error CS0246: The type or namespace name 'AutoMapper' could not be found (are you missing a using directive or an assembly reference?) [C:\Users\Masoud\source\repos\BloodConnectAPI\BloodConnectAPI.Services\BloodConnectAPI.Services.csproj]
C:\Users\Masoud\source\repos\BloodConnectAPI\BloodConnectAPI.Services\Implementations\BloodRequestService.cs(2,23): error CS0234: The type or namespace name 'DataAccess' does not exist in the namespace 'BloodConnectAPI' (are you missing an assembly reference?) [C:\Users\Masoud\source\repos\BloodConnectAPI\BloodConnectAPI.Services\BloodConnectAPI.Services.csproj]
C:\Users\Masoud\source\repos\BloodConnectAPI\BloodConnectAPI.Services\Implementations\BloodRequestService.cs(3,23): error CS0234: The type or namespace name 'Models' does not exist in the namespace 'BloodConnectAPI' (are you missing an assembly reference?) [C:\Users\Masoud\source\repos\BloodConnectAPI\BloodConnectAPI.Services\BloodConnectAPI.Services.csproj]
C:\Users\Masoud\source\repos\BloodConnectAPI\BloodConnectAPI.Services\Implementations\BloodRequestService.cs(4,23): error CS0234: The type or namespace name 'Models' does not exist in the namespace 'BloodConnectAPI' (are you missing an assembly reference?) [C:\Users\Masoud\source\repos\BloodConnectAPI\BloodConnectAPI.Services\BloodConnectAPI.Services.csproj]
C:\Users\Masoud\source\repos\BloodConnectAPI\BloodConnectAPI.Services\Implementations\BloodRequestService.cs(5,23): error CS0234: The type or namespace name 'Models' does not exist in the namespace 'BloodConnectAPI' (are you missing an assembly reference?) [C:\Users\Masoud\source\repos\BloodConnectAPI\BloodConnectAPI.Services\BloodConnectAPI.Services.csproj]
C:\Users\Masoud\source\repos\BloodConnectAPI\BloodConnectAPI.Services\Implementations\BloodRequestService.cs(6,23): error CS0234: The type or namespace name 'Models' does not exist in the namespace 'BloodConnectAPI' (are you missing an assembly reference?) [C:\Users\Masoud\source\repos\BloodConnectAPI\BloodConnectAPI.Services\BloodConnectAPI.Services.csproj]
C:\Users\Masoud\source\repos\BloodConnectAPI\BloodConnectAPI.Services\Implementations\DonationService.cs(1,7): error CS0246: The type or namespace name 'AutoMapper' could not be found (are you missing a using directive or an assembly reference?) [C:\Users\Masoud\source\repos\BloodConnectAPI\BloodConnectAPI.Services\BloodConnectAPI.Services.csproj]
C:\Users\Masoud\source\repos\BloodConnectAPI\BloodConnectAPI.Services\Implementations\DonationService.cs(2,23): error CS0234: The type or namespace name 'DataAccess' does not exist in the namespace 'BloodConnectAPI' (are you missing an assembly reference?) [C:\Users\Masoud\source\repos\BloodConnectAPI\BloodConnectAPI.Services\BloodConnectAPI.Services.csproj]
C:\Users\Masoud\source\repos\BloodConnectAPI\BloodConnectAPI.Services\Implementations\DonationService.cs(3,23): error CS0234: The type or namespace name 'Models' does not exist in the namespace 'BloodConnectAPI' (are you missing an assembly reference?) [C:\Users\Masoud\source\repos\BloodConnectAPI\BloodConnectAPI.Services\BloodConnectAPI.Services.csproj]
C:\Users\Masoud\source\repos\BloodConnectAPI\BloodConnectAPI.Services\Implementations\DonationService.cs(4,23): error CS0234: The type or namespace name 'Models' does not exist in the namespace 'BloodConnectAPI' (are you missing an assembly reference?) [C:\Users\Masoud\source\repos\BloodConnectAPI\BloodConnectAPI.Services\BloodConnectAPI.Services.csproj]
C:\Users\Masoud\source\repos\BloodConnectAPI\BloodConnectAPI.Services\Implementations\DonationService.cs(5,23): error CS0234: The type or namespace name 'Models' does not exist in the namespace 'BloodConnectAPI' (are you missing an assembly reference?) [C:\Users\Masoud\source\repos\BloodConnectAPI\BloodConnectAPI.Services\BloodConnectAPI.Services.csproj]
C:\Users\Masoud\source\repos\BloodConnectAPI\BloodConnectAPI.Services\Implementations\DonorMedicalDocumentService.cs(1,7): error CS0246: The type or namespace name 'AutoMapper' could not be found (are you missing a using directive or an assembly reference?) [C:\Users\Masoud\source\repos\BloodConnectAPI\BloodConnectAPI.Services\BloodConnectAPI.Services.csproj]
C:\Users\Masoud\source\repos\BloodConnectAPI\BloodConnectAPI.Services\Implementations\DonorMedicalDocumentService.cs(2,23): error CS0234: The type or namespace name 'DataAccess' does not exist in the namespace 'BloodConnectAPI' (are you missing an assembly reference?) [C:\Users\Masoud\source\repos\BloodConnectAPI\BloodConnectAPI.Services\BloodConnectAPI.Services.csproj]
C:\Users\Masoud\source\repos\BloodConnectAPI\BloodConnectAPI.Services\Implementations\DonorMedicalDocumentService.cs(3,23): error CS0234: The type or namespace name 'Models' does not exist in the namespace 'BloodConnectAPI' (are you missing an assembly reference?) [C:\Users\Masoud\source\repos\BloodConnectAPI\BloodConnectAPI.Services\BloodConnectAPI.Services.csproj]
C:\Users\Masoud\source\repos\BloodConnectAPI\BloodConnectAPI.Services\Implementations\DonorMedicalDocumentService.cs(4,23): error CS0234: The type or namespace name 'Models' does not exist in the namespace 'BloodConnectAPI' (are you missing an assembly reference?) [C:\Users\Masoud\source\repos\BloodConnectAPI\BloodConnectAPI.Services\BloodConnectAPI.Services.csproj]
C:\Users\Masoud\source\repos\BloodConnectAPI\BloodConnectAPI.Services\Implementations\DonorMedicalDocumentService.cs(5,23): error CS0234: The type or namespace name 'Models' does not exist in the namespace 'BloodConnectAPI' (are you missing an assembly reference?) [C:\Users\Masoud\source\repos\BloodConnectAPI\BloodConnectAPI.Services\BloodConnectAPI.Services.csproj]
C:\Users\Masoud\source\repos\BloodConnectAPI\BloodConnectAPI.Services\Implementations\DonorMedicalDocumentService.cs(8,17): error CS0234: The type or namespace name 'AspNetCore' does not exist in the namespace 'Microsoft' (are you missing an assembly reference?) [C:\Users\Masoud\source\repos\BloodConnectAPI\BloodConnectAPI.Services\BloodConnectAPI.Services.csproj]
C:\Users\Masoud\source\repos\BloodConnectAPI\BloodConnectAPI.Services\Implementations\DonorResponseService.cs(1,7): error CS0246: The type or namespace name 'AutoMapper' could not be found (are you missing a using directive or an assembly reference?) [C:\Users\Masoud\source\repos\BloodConnectAPI\BloodConnectAPI.Services\BloodConnectAPI.Services.csproj]
C:\Users\Masoud\source\repos\BloodConnectAPI\BloodConnectAPI.Services\Implementations\DonorResponseService.cs(2,23): error CS0234: The type or namespace name 'DataAccess' does not exist in the namespace 'BloodConnectAPI' (are you missing an assembly reference?) [C:\Users\Masoud\source\repos\BloodConnectAPI\BloodConnectAPI.Services\BloodConnectAPI.Services.csproj]
C:\Users\Masoud\source\repos\BloodConnectAPI\BloodConnectAPI.Services\Implementations\DonorResponseService.cs(3,23): error CS0234: The type or namespace name 'Models' does not exist in the namespace 'BloodConnectAPI' (are you missing an assembly reference?) [C:\Users\Masoud\source\repos\BloodConnectAPI\BloodConnectAPI.Services\BloodConnectAPI.Services.csproj]
C:\Users\Masoud\source\repos\BloodConnectAPI\BloodConnectAPI.Services\Implementations\DonorResponseService.cs(4,23): error CS0234: The type or namespace name 'Models' does not exist in the namespace 'BloodConnectAPI' (are you missing an assembly reference?) [C:\Users\Masoud\source\repos\BloodConnectAPI\BloodConnectAPI.Services\BloodConnectAPI.Services.csproj]
C:\Users\Masoud\source\repos\BloodConnectAPI\BloodConnectAPI.Services\Implementations\DonorResponseService.cs(5,23): error CS0234: The type or namespace name 'Models' does not exist in the namespace 'BloodConnectAPI' (are you missing an assembly reference?) [C:\Users\Masoud\source\repos\BloodConnectAPI\BloodConnectAPI.Services\BloodConnectAPI.Services.csproj]
C:\Users\Masoud\source\repos\BloodConnectAPI\BloodConnectAPI.Services\Implementations\DonorResponseService.cs(6,23): error CS0234: The type or namespace name 'Models' does not exist in the namespace 'BloodConnectAPI' (are you missing an assembly reference?) [C:\Users\Masoud\source\repos\BloodConnectAPI\BloodConnectAPI.Services\BloodConnectAPI.Services.csproj]
C:\Users\Masoud\source\repos\BloodConnectAPI\BloodConnectAPI.Services\Implementations\DonorService.cs(1,7): error CS0246: The type or namespace name 'AutoMapper' could not be found (are you missing a using directive or an assembly reference?) [C:\Users\Masoud\source\repos\BloodConnectAPI\BloodConnectAPI.Services\BloodConnectAPI.Services.csproj]
C:\Users\Masoud\source\repos\BloodConnectAPI\BloodConnectAPI.Services\Implementations\DonorService.cs(2,17): error CS0234: The type or namespace name 'AspNetCore' does not exist in the namespace 'Microsoft' (are you missing an assembly reference?) [C:\Users\Masoud\source\repos\BloodConnectAPI\BloodConnectAPI.Services\BloodConnectAPI.Services.csproj]
C:\Users\Masoud\source\repos\BloodConnectAPI\BloodConnectAPI.Services\Implementations\DonorService.cs(3,23): error CS0234: The type or namespace name 'DataAccess' does not exist in the namespace 'BloodConnectAPI' (are you missing an assembly reference?) [C:\Users\Masoud\source\repos\BloodConnectAPI\BloodConnectAPI.Services\BloodConnectAPI.Services.csproj]
C:\Users\Masoud\source\repos\BloodConnectAPI\BloodConnectAPI.Services\Implementations\DonorService.cs(4,23): error CS0234: The type or namespace name 'Models' does not exist in the namespace 'BloodConnectAPI' (are you missing an assembly reference?) [C:\Users\Masoud\source\repos\BloodConnectAPI\BloodConnectAPI.Services\BloodConnectAPI.Services.csproj]
C:\Users\Masoud\source\repos\BloodConnectAPI\BloodConnectAPI.Services\Implementations\DonorService.cs(5,23): error CS0234: The type or namespace name 'Models' does not exist in the namespace 'BloodConnectAPI' (are you missing an assembly reference?) [C:\Users\Masoud\source\repos\BloodConnectAPI\BloodConnectAPI.Services\BloodConnectAPI.Services.csproj]
C:\Users\Masoud\source\repos\BloodConnectAPI\BloodConnectAPI.Services\Implementations\DonorService.cs(6,23): error CS0234: The type or namespace name 'Models' does not exist in the namespace 'BloodConnectAPI' (are you missing an assembly reference?) [C:\Users\Masoud\source\repos\BloodConnectAPI\BloodConnectAPI.Services\BloodConnectAPI.Services.csproj]
C:\Users\Masoud\source\repos\BloodConnectAPI\BloodConnectAPI.Services\Implementations\InventoryService.cs(1,7): error CS0246: The type or namespace name 'AutoMapper' could not be found (are you missing a using directive or an assembly reference?) [C:\Users\Masoud\source\repos\BloodConnectAPI\BloodConnectAPI.Services\BloodConnectAPI.Services.csproj]
C:\Users\Masoud\source\repos\BloodConnectAPI\BloodConnectAPI.Services\Implementations\InventoryService.cs(2,23): error CS0234: The type or namespace name 'DataAccess' does not exist in the namespace 'BloodConnectAPI' (are you missing an assembly reference?) [C:\Users\Masoud\source\repos\BloodConnectAPI\BloodConnectAPI.Services\BloodConnectAPI.Services.csproj]
C:\Users\Masoud\source\repos\BloodConnectAPI\BloodConnectAPI.Services\Implementations\InventoryService.cs(3,23): error CS0234: The type or namespace name 'Models' does not exist in the namespace 'BloodConnectAPI' (are you missing an assembly reference?) [C:\Users\Masoud\source\repos\BloodConnectAPI\BloodConnectAPI.Services\BloodConnectAPI.Services.csproj]
C:\Users\Masoud\source\repos\BloodConnectAPI\BloodConnectAPI.Services\Implementations\InventoryService.cs(4,23): error CS0234: The type or namespace name 'Models' does not exist in the namespace 'BloodConnectAPI' (are you missing an assembly reference?) [C:\Users\Masoud\source\repos\BloodConnectAPI\BloodConnectAPI.Services\BloodConnectAPI.Services.csproj]
C:\Users\Masoud\source\repos\BloodConnectAPI\BloodConnectAPI.Services\Implementations\InventoryService.cs(5,23): error CS0234: The type or namespace name 'Models' does not exist in the namespace 'BloodConnectAPI' (are you missing an assembly reference?) [C:\Users\Masoud\source\repos\BloodConnectAPI\BloodConnectAPI.Services\BloodConnectAPI.Services.csproj]
C:\Users\Masoud\source\repos\BloodConnectAPI\BloodConnectAPI.Services\Implementations\PatientService.cs(1,7): error CS0246: The type or namespace name 'AutoMapper' could not be found (are you missing a using directive or an assembly reference?) [C:\Users\Masoud\source\repos\BloodConnectAPI\BloodConnectAPI.Services\BloodConnectAPI.Services.csproj]
C:\Users\Masoud\source\repos\BloodConnectAPI\BloodConnectAPI.Services\Implementations\PatientService.cs(2,23): error CS0234: The type or namespace name 'DataAccess' does not exist in the namespace 'BloodConnectAPI' (are you missing an assembly reference?) [C:\Users\Masoud\source\repos\BloodConnectAPI\BloodConnectAPI.Services\BloodConnectAPI.Services.csproj]
C:\Users\Masoud\source\repos\BloodConnectAPI\BloodConnectAPI.Services\Implementations\PatientService.cs(3,23): error CS0234: The type or namespace name 'Models' does not exist in the namespace 'BloodConnectAPI' (are you missing an assembly reference?) [C:\Users\Masoud\source\repos\BloodConnectAPI\BloodConnectAPI.Services\BloodConnectAPI.Services.csproj]
C:\Users\Masoud\source\repos\BloodConnectAPI\BloodConnectAPI.Services\Implementations\PatientService.cs(4,23): error CS0234: The type or namespace name 'Models' does not exist in the namespace 'BloodConnectAPI' (are you missing an assembly reference?) [C:\Users\Masoud\source\repos\BloodConnectAPI\BloodConnectAPI.Services\BloodConnectAPI.Services.csproj]
C:\Users\Masoud\source\repos\BloodConnectAPI\BloodConnectAPI.Services\Implementations\ReportService.cs(1,7): error CS0246: The type or namespace name 'AutoMapper' could not be found (are you missing a using directive or an assembly reference?) [C:\Users\Masoud\source\repos\BloodConnectAPI\BloodConnectAPI.Services\BloodConnectAPI.Services.csproj]
C:\Users\Masoud\source\repos\BloodConnectAPI\BloodConnectAPI.Services\Implementations\ReportService.cs(2,23): error CS0234: The type or namespace name 'DataAccess' does not exist in the namespace 'BloodConnectAPI' (are you missing an assembly reference?) [C:\Users\Masoud\source\repos\BloodConnectAPI\BloodConnectAPI.Services\BloodConnectAPI.Services.csproj]
C:\Users\Masoud\source\repos\BloodConnectAPI\BloodConnectAPI.Services\Implementations\ReportService.cs(3,23): error CS0234: The type or namespace name 'Models' does not exist in the namespace 'BloodConnectAPI' (are you missing an assembly reference?) [C:\Users\Masoud\source\repos\BloodConnectAPI\BloodConnectAPI.Services\BloodConnectAPI.Services.csproj]
C:\Users\Masoud\source\repos\BloodConnectAPI\BloodConnectAPI.Services\Implementations\ReportService.cs(4,23): error CS0234: The type or namespace name 'Models' does not exist in the namespace 'BloodConnectAPI' (are you missing an assembly reference?) [C:\Users\Masoud\source\repos\BloodConnectAPI\BloodConnectAPI.Services\BloodConnectAPI.Services.csproj]
C:\Users\Masoud\source\repos\BloodConnectAPI\BloodConnectAPI.Services\Implementations\ReportService.cs(5,23): error CS0234: The type or namespace name 'Models' does not exist in the namespace 'BloodConnectAPI' (are you missing an assembly reference?) [C:\Users\Masoud\source\repos\BloodConnectAPI\BloodConnectAPI.Services\BloodConnectAPI.Services.csproj]
C:\Users\Masoud\source\repos\BloodConnectAPI\BloodConnectAPI.Services\Implementations\ReportService.cs(6,23): error CS0234: The type or namespace name 'Models' does not exist in the namespace 'BloodConnectAPI' (are you missing an assembly reference?) [C:\Users\Masoud\source\repos\BloodConnectAPI\BloodConnectAPI.Services\BloodConnectAPI.Services.csproj]
C:\Users\Masoud\source\repos\BloodConnectAPI\BloodConnectAPI.Services\Implementations\ReportService.cs(7,23): error CS0234: The type or namespace name 'Models' does not exist in the namespace 'BloodConnectAPI' (are you missing an assembly reference?) [C:\Users\Masoud\source\repos\BloodConnectAPI\BloodConnectAPI.Services\BloodConnectAPI.Services.csproj]
C:\Users\Masoud\source\repos\BloodConnectAPI\BloodConnectAPI.Services\Implementations\ReportService.cs(8,23): error CS0234: The type or namespace name 'Models' does not exist in the namespace 'BloodConnectAPI' (are you missing an assembly reference?) [C:\Users\Masoud\source\repos\BloodConnectAPI\BloodConnectAPI.Services\BloodConnectAPI.Services.csproj]
C:\Users\Masoud\source\repos\BloodConnectAPI\BloodConnectAPI.Services\Implementations\ReportService.cs(9,23): error CS0234: The type or namespace name 'Models' does not exist in the namespace 'BloodConnectAPI' (are you missing an assembly reference?) [C:\Users\Masoud\source\repos\BloodConnectAPI\BloodConnectAPI.Services\BloodConnectAPI.Services.csproj]
C:\Users\Masoud\source\repos\BloodConnectAPI\BloodConnectAPI.Services\Implementations\ReportService.cs(10,23): error CS0234: The type or namespace name 'Models' does not exist in the namespace 'BloodConnectAPI' (are you missing an assembly reference?) [C:\Users\Masoud\source\repos\BloodConnectAPI\BloodConnectAPI.Services\BloodConnectAPI.Services.csproj]
C:\Users\Masoud\source\repos\BloodConnectAPI\BloodConnectAPI.Services\Implementations\ReportService.cs(11,23): error CS0234: The type or namespace name 'Models' does not exist in the namespace 'BloodConnectAPI' (are you missing an assembly reference?) [C:\Users\Masoud\source\repos\BloodConnectAPI\BloodConnectAPI.Services\BloodConnectAPI.Services.csproj]
C:\Users\Masoud\source\repos\BloodConnectAPI\BloodConnectAPI.Services\Implementations\ReportService.cs(14,17): error CS0234: The type or namespace name 'Extensions' does not exist in the namespace 'Microsoft' (are you missing an assembly reference?) [C:\Users\Masoud\source\repos\BloodConnectAPI\BloodConnectAPI.Services\BloodConnectAPI.Services.csproj]
C:\Users\Masoud\source\repos\BloodConnectAPI\BloodConnectAPI.Services\Implementations\UserService.cs(1,7): error CS0246: The type or namespace name 'AutoMapper' could not be found (are you missing a using directive or an assembly reference?) [C:\Users\Masoud\source\repos\BloodConnectAPI\BloodConnectAPI.Services\BloodConnectAPI.Services.csproj]
C:\Users\Masoud\source\repos\BloodConnectAPI\BloodConnectAPI.Services\Implementations\UserService.cs(2,17): error CS0234: The type or namespace name 'AspNetCore' does not exist in the namespace 'Microsoft' (are you missing an assembly reference?) [C:\Users\Masoud\source\repos\BloodConnectAPI\BloodConnectAPI.Services\BloodConnectAPI.Services.csproj]
C:\Users\Masoud\source\repos\BloodConnectAPI\BloodConnectAPI.Services\Implementations\UserService.cs(3,17): error CS0234: The type or namespace name 'EntityFrameworkCore' does not exist in the namespace 'Microsoft' (are you missing an assembly reference?) [C:\Users\Masoud\source\repos\BloodConnectAPI\BloodConnectAPI.Services\BloodConnectAPI.Services.csproj]
C:\Users\Masoud\source\repos\BloodConnectAPI\BloodConnectAPI.Services\Implementations\UserService.cs(4,23): error CS0234: The type or namespace name 'DataAccess' does not exist in the namespace 'BloodConnectAPI' (are you missing an assembly reference?) [C:\Users\Masoud\source\repos\BloodConnectAPI\BloodConnectAPI.Services\BloodConnectAPI.Services.csproj]
C:\Users\Masoud\source\repos\BloodConnectAPI\BloodConnectAPI.Services\Implementations\UserService.cs(5,23): error CS0234: The type or namespace name 'Models' does not exist in the namespace 'BloodConnectAPI' (are you missing an assembly reference?) [C:\Users\Masoud\source\repos\BloodConnectAPI\BloodConnectAPI.Services\BloodConnectAPI.Services.csproj]
C:\Users\Masoud\source\repos\BloodConnectAPI\BloodConnectAPI.Services\Implementations\UserService.cs(6,23): error CS0234: The type or namespace name 'Models' does not exist in the namespace 'BloodConnectAPI' (are you missing an assembly reference?) [C:\Users\Masoud\source\repos\BloodConnectAPI\BloodConnectAPI.Services\BloodConnectAPI.Services.csproj]
C:\Users\Masoud\source\repos\BloodConnectAPI\BloodConnectAPI.Services\Interfaces\IAuthService.cs(1,23): error CS0234: The type or namespace name 'Models' does not exist in the namespace 'BloodConnectAPI' (are you missing an assembly reference?) [C:\Users\Masoud\source\repos\BloodConnectAPI\BloodConnectAPI.Services\BloodConnectAPI.Services.csproj]
C:\Users\Masoud\source\repos\BloodConnectAPI\BloodConnectAPI.Services\Interfaces\IAuthService.cs(2,23): error CS0234: The type or namespace name 'Models' does not exist in the namespace 'BloodConnectAPI' (are you missing an assembly reference?) [C:\Users\Masoud\source\repos\BloodConnectAPI\BloodConnectAPI.Services\BloodConnectAPI.Services.csproj]
C:\Users\Masoud\source\repos\BloodConnectAPI\BloodConnectAPI.Services\Interfaces\IBloodRequestService.cs(1,23): error CS0234: The type or namespace name 'Models' does not exist in the namespace 'BloodConnectAPI' (are you missing an assembly reference?) [C:\Users\Masoud\source\repos\BloodConnectAPI\BloodConnectAPI.Services\BloodConnectAPI.Services.csproj]
C:\Users\Masoud\source\repos\BloodConnectAPI\BloodConnectAPI.Services\Interfaces\IBloodRequestService.cs(2,23): error CS0234: The type or namespace name 'Models' does not exist in the namespace 'BloodConnectAPI' (are you missing an assembly reference?) [C:\Users\Masoud\source\repos\BloodConnectAPI\BloodConnectAPI.Services\BloodConnectAPI.Services.csproj]
C:\Users\Masoud\source\repos\BloodConnectAPI\BloodConnectAPI.Services\Interfaces\IBloodRequestService.cs(3,23): error CS0234: The type or namespace name 'Models' does not exist in the namespace 'BloodConnectAPI' (are you missing an assembly reference?) [C:\Users\Masoud\source\repos\BloodConnectAPI\BloodConnectAPI.Services\BloodConnectAPI.Services.csproj]
C:\Users\Masoud\source\repos\BloodConnectAPI\BloodConnectAPI.Services\Interfaces\IBloodRequestService.cs(4,23): error CS0234: The type or namespace name 'Models' does not exist in the namespace 'BloodConnectAPI' (are you missing an assembly reference?) [C:\Users\Masoud\source\repos\BloodConnectAPI\BloodConnectAPI.Services\BloodConnectAPI.Services.csproj]
C:\Users\Masoud\source\repos\BloodConnectAPI\BloodConnectAPI.Services\Interfaces\IDonationService.cs(1,23): error CS0234: The type or namespace name 'Models' does not exist in the namespace 'BloodConnectAPI' (are you missing an assembly reference?) [C:\Users\Masoud\source\repos\BloodConnectAPI\BloodConnectAPI.Services\BloodConnectAPI.Services.csproj]
C:\Users\Masoud\source\repos\BloodConnectAPI\BloodConnectAPI.Services\Interfaces\IDonationService.cs(2,23): error CS0234: The type or namespace name 'Models' does not exist in the namespace 'BloodConnectAPI' (are you missing an assembly reference?) [C:\Users\Masoud\source\repos\BloodConnectAPI\BloodConnectAPI.Services\BloodConnectAPI.Services.csproj]
C:\Users\Masoud\source\repos\BloodConnectAPI\BloodConnectAPI.Services\Interfaces\IDonorMedicalDocumentService.cs(1,23): error CS0234: The type or namespace name 'Models' does not exist in the namespace 'BloodConnectAPI' (are you missing an assembly reference?) [C:\Users\Masoud\source\repos\BloodConnectAPI\BloodConnectAPI.Services\BloodConnectAPI.Services.csproj]
C:\Users\Masoud\source\repos\BloodConnectAPI\BloodConnectAPI.Services\Interfaces\IDonorResponseService.cs(1,23): error CS0234: The type or namespace name 'Models' does not exist in the namespace 'BloodConnectAPI' (are you missing an assembly reference?) [C:\Users\Masoud\source\repos\BloodConnectAPI\BloodConnectAPI.Services\BloodConnectAPI.Services.csproj]
C:\Users\Masoud\source\repos\BloodConnectAPI\BloodConnectAPI.Services\Interfaces\IDonorResponseService.cs(2,23): error CS0234: The type or namespace name 'Models' does not exist in the namespace 'BloodConnectAPI' (are you missing an assembly reference?) [C:\Users\Masoud\source\repos\BloodConnectAPI\BloodConnectAPI.Services\BloodConnectAPI.Services.csproj]
C:\Users\Masoud\source\repos\BloodConnectAPI\BloodConnectAPI.Services\Interfaces\IDonorResponseService.cs(3,23): error CS0234: The type or namespace name 'Models' does not exist in the namespace 'BloodConnectAPI' (are you missing an assembly reference?) [C:\Users\Masoud\source\repos\BloodConnectAPI\BloodConnectAPI.Services\BloodConnectAPI.Services.csproj]
C:\Users\Masoud\source\repos\BloodConnectAPI\BloodConnectAPI.Services\Interfaces\IDonorService.cs(1,23): error CS0234: The type or namespace name 'Models' does not exist in the namespace 'BloodConnectAPI' (are you missing an assembly reference?) [C:\Users\Masoud\source\repos\BloodConnectAPI\BloodConnectAPI.Services\BloodConnectAPI.Services.csproj]
C:\Users\Masoud\source\repos\BloodConnectAPI\BloodConnectAPI.Services\Interfaces\IDonorService.cs(2,23): error CS0234: The type or namespace name 'Models' does not exist in the namespace 'BloodConnectAPI' (are you missing an assembly reference?) [C:\Users\Masoud\source\repos\BloodConnectAPI\BloodConnectAPI.Services\BloodConnectAPI.Services.csproj]
C:\Users\Masoud\source\repos\BloodConnectAPI\BloodConnectAPI.Services\Interfaces\IDonorService.cs(3,23): error CS0234: The type or namespace name 'Models' does not exist in the namespace 'BloodConnectAPI' (are you missing an assembly reference?) [C:\Users\Masoud\source\repos\BloodConnectAPI\BloodConnectAPI.Services\BloodConnectAPI.Services.csproj]
C:\Users\Masoud\source\repos\BloodConnectAPI\BloodConnectAPI.Services\Interfaces\IInventoryService.cs(1,23): error CS0234: The type or namespace name 'Models' does not exist in the namespace 'BloodConnectAPI' (are you missing an assembly reference?) [C:\Users\Masoud\source\repos\BloodConnectAPI\BloodConnectAPI.Services\BloodConnectAPI.Services.csproj]
C:\Users\Masoud\source\repos\BloodConnectAPI\BloodConnectAPI.Services\Interfaces\IInventoryService.cs(2,23): error CS0234: The type or namespace name 'Models' does not exist in the namespace 'BloodConnectAPI' (are you missing an assembly reference?) [C:\Users\Masoud\source\repos\BloodConnectAPI\BloodConnectAPI.Services\BloodConnectAPI.Services.csproj]
C:\Users\Masoud\source\repos\BloodConnectAPI\BloodConnectAPI.Services\Interfaces\IInventoryService.cs(3,23): error CS0234: The type or namespace name 'Models' does not exist in the namespace 'BloodConnectAPI' (are you missing an assembly reference?) [C:\Users\Masoud\source\repos\BloodConnectAPI\BloodConnectAPI.Services\BloodConnectAPI.Services.csproj]
C:\Users\Masoud\source\repos\BloodConnectAPI\BloodConnectAPI.Services\Interfaces\IPatientService.cs(1,23): error CS0234: The type or namespace name 'Models' does not exist in the namespace 'BloodConnectAPI' (are you missing an assembly reference?) [C:\Users\Masoud\source\repos\BloodConnectAPI\BloodConnectAPI.Services\BloodConnectAPI.Services.csproj]
C:\Users\Masoud\source\repos\BloodConnectAPI\BloodConnectAPI.Services\Interfaces\IPatientService.cs(2,23): error CS0234: The type or namespace name 'Models' does not exist in the namespace 'BloodConnectAPI' (are you missing an assembly reference?) [C:\Users\Masoud\source\repos\BloodConnectAPI\BloodConnectAPI.Services\BloodConnectAPI.Services.csproj]
C:\Users\Masoud\source\repos\BloodConnectAPI\BloodConnectAPI.Services\Interfaces\IReportService.cs(1,23): error CS0234: The type or namespace name 'Models' does not exist in the namespace 'BloodConnectAPI' (are you missing an assembly reference?) [C:\Users\Masoud\source\repos\BloodConnectAPI\BloodConnectAPI.Services\BloodConnectAPI.Services.csproj]
C:\Users\Masoud\source\repos\BloodConnectAPI\BloodConnectAPI.Services\Interfaces\IReportService.cs(2,23): error CS0234: The type or namespace name 'Models' does not exist in the namespace 'BloodConnectAPI' (are you missing an assembly reference?) [C:\Users\Masoud\source\repos\BloodConnectAPI\BloodConnectAPI.Services\BloodConnectAPI.Services.csproj]
C:\Users\Masoud\source\repos\BloodConnectAPI\BloodConnectAPI.Services\Interfaces\IReportService.cs(3,23): error CS0234: The type or namespace name 'Models' does not exist in the namespace 'BloodConnectAPI' (are you missing an assembly reference?) [C:\Users\Masoud\source\repos\BloodConnectAPI\BloodConnectAPI.Services\BloodConnectAPI.Services.csproj]
C:\Users\Masoud\source\repos\BloodConnectAPI\BloodConnectAPI.Services\Interfaces\IReportService.cs(4,23): error CS0234: The type or namespace name 'Models' does not exist in the namespace 'BloodConnectAPI' (are you missing an assembly reference?) [C:\Users\Masoud\source\repos\BloodConnectAPI\BloodConnectAPI.Services\BloodConnectAPI.Services.csproj]
C:\Users\Masoud\source\repos\BloodConnectAPI\BloodConnectAPI.Services\Interfaces\IReportService.cs(5,23): error CS0234: The type or namespace name 'Models' does not exist in the namespace 'BloodConnectAPI' (are you missing an assembly reference?) [C:\Users\Masoud\source\repos\BloodConnectAPI\BloodConnectAPI.Services\BloodConnectAPI.Services.csproj]
C:\Users\Masoud\source\repos\BloodConnectAPI\BloodConnectAPI.Services\Interfaces\IReportService.cs(6,23): error CS0234: The type or namespace name 'Models' does not exist in the namespace 'BloodConnectAPI' (are you missing an assembly reference?) [C:\Users\Masoud\source\repos\BloodConnectAPI\BloodConnectAPI.Services\BloodConnectAPI.Services.csproj]
C:\Users\Masoud\source\repos\BloodConnectAPI\BloodConnectAPI.Services\Interfaces\IReportService.cs(7,23): error CS0234: The type or namespace name 'Models' does not exist in the namespace 'BloodConnectAPI' (are you missing an assembly reference?) [C:\Users\Masoud\source\repos\BloodConnectAPI\BloodConnectAPI.Services\BloodConnectAPI.Services.csproj]
C:\Users\Masoud\source\repos\BloodConnectAPI\BloodConnectAPI.Services\Interfaces\IUserService.cs(1,23): error CS0234: The type or namespace name 'Models' does not exist in the namespace 'BloodConnectAPI' (are you missing an assembly reference?) [C:\Users\Masoud\source\repos\BloodConnectAPI\BloodConnectAPI.Services\BloodConnectAPI.Services.csproj]
C:\Users\Masoud\source\repos\BloodConnectAPI\BloodConnectAPI.Services\Common\DonationBusinessRules.cs(66,9): error CS0246: The type or namespace name 'Gender' could not be found (are you missing a using directive or an assembly reference?) [C:\Users\Masoud\source\repos\BloodConnectAPI\BloodConnectAPI.Services\BloodConnectAPI.Services.csproj]
C:\Users\Masoud\source\repos\BloodConnectAPI\BloodConnectAPI.Services\Interfaces\IDonationService.cs(13,26): error CS0246: The type or namespace name 'DonationDto' could not be found (are you missing a using directive or an assembly reference?) [C:\Users\Masoud\source\repos\BloodConnectAPI\BloodConnectAPI.Services\BloodConnectAPI.Services.csproj]
C:\Users\Masoud\source\repos\BloodConnectAPI\BloodConnectAPI.Services\Interfaces\IBloodRequestService.cs(15,26): error CS0246: The type or namespace name 'BloodRequestResponseDto' could not be found (are you missing a using directive or an assembly reference?) [C:\Users\Masoud\source\repos\BloodConnectAPI\BloodConnectAPI.Services\BloodConnectAPI.Services.csproj]
C:\Users\Masoud\source\repos\BloodConnectAPI\BloodConnectAPI.Services\Implementations\DonationService.cs(27,39): error CS0246: The type or namespace name 'DonationDto' could not be found (are you missing a using directive or an assembly reference?) [C:\Users\Masoud\source\repos\BloodConnectAPI\BloodConnectAPI.Services\BloodConnectAPI.Services.csproj]
C:\Users\Masoud\source\repos\BloodConnectAPI\BloodConnectAPI.Services\Implementations\BloodRequestService.cs(27,39): error CS0246: The type or namespace name 'BloodRequestResponseDto' could not be found (are you missing a using directive or an assembly reference?) [C:\Users\Masoud\source\repos\BloodConnectAPI\BloodConnectAPI.Services\BloodConnectAPI.Services.csproj]
C:\Users\Masoud\source\repos\BloodConnectAPI\BloodConnectAPI.Services\Interfaces\IAuthService.cs(15,56): error CS0246: The type or namespace name 'LoginDto' could not be found (are you missing a using directive or an assembly reference?) [C:\Users\Masoud\source\repos\BloodConnectAPI\BloodConnectAPI.Services\BloodConnectAPI.Services.csproj]
C:\Users\Masoud\source\repos\BloodConnectAPI\BloodConnectAPI.Services\Interfaces\IAuthService.cs(15,26): error CS0246: The type or namespace name 'LoginResponseDto' could not be found (are you missing a using directive or an assembly reference?) [C:\Users\Masoud\source\repos\BloodConnectAPI\BloodConnectAPI.Services\BloodConnectAPI.Services.csproj]
C:\Users\Masoud\source\repos\BloodConnectAPI\BloodConnectAPI.Services\Implementations\AuthService.cs(33,69): error CS0246: The type or namespace name 'LoginDto' could not be found (are you missing a using directive or an assembly reference?) [C:\Users\Masoud\source\repos\BloodConnectAPI\BloodConnectAPI.Services\BloodConnectAPI.Services.csproj]
C:\Users\Masoud\source\repos\BloodConnectAPI\BloodConnectAPI.Services\Implementations\AuthService.cs(33,39): error CS0246: The type or namespace name 'LoginResponseDto' could not be found (are you missing a using directive or an assembly reference?) [C:\Users\Masoud\source\repos\BloodConnectAPI\BloodConnectAPI.Services\BloodConnectAPI.Services.csproj]
C:\Users\Masoud\source\repos\BloodConnectAPI\BloodConnectAPI.Services\Interfaces\IDonorMedicalDocumentService.cs(11,72): error CS0246: The type or namespace name 'SubmitMedicalDocumentDto' could not be found (are you missing a using directive or an assembly reference?) [C:\Users\Masoud\source\repos\BloodConnectAPI\BloodConnectAPI.Services\BloodConnectAPI.Services.csproj]
C:\Users\Masoud\source\repos\BloodConnectAPI\BloodConnectAPI.Services\Interfaces\IDonorMedicalDocumentService.cs(11,26): error CS0246: The type or namespace name 'DonorMedicalDocumentDto' could not be found (are you missing a using directive or an assembly reference?) [C:\Users\Masoud\source\repos\BloodConnectAPI\BloodConnectAPI.Services\BloodConnectAPI.Services.csproj]
C:\Users\Masoud\source\repos\BloodConnectAPI\BloodConnectAPI.Services\Interfaces\IDonationService.cs(14,38): error CS0246: The type or namespace name 'DonationDto' could not be found (are you missing a using directive or an assembly reference?) [C:\Users\Masoud\source\repos\BloodConnectAPI\BloodConnectAPI.Services\BloodConnectAPI.Services.csproj]
C:\Users\Masoud\source\repos\BloodConnectAPI\BloodConnectAPI.Services\Implementations\DonorMedicalDocumentService.cs(23,85): error CS0246: The type or namespace name 'SubmitMedicalDocumentDto' could not be found (are you missing a using directive or an assembly reference?) [C:\Users\Masoud\source\repos\BloodConnectAPI\BloodConnectAPI.Services\BloodConnectAPI.Services.csproj]
C:\Users\Masoud\source\repos\BloodConnectAPI\BloodConnectAPI.Services\Implementations\DonorMedicalDocumentService.cs(23,39): error CS0246: The type or namespace name 'DonorMedicalDocumentDto' could not be found (are you missing a using directive or an assembly reference?) [C:\Users\Masoud\source\repos\BloodConnectAPI\BloodConnectAPI.Services\BloodConnectAPI.Services.csproj]
C:\Users\Masoud\source\repos\BloodConnectAPI\BloodConnectAPI.Services\Implementations\DonationService.cs(38,51): error CS0246: The type or namespace name 'DonationDto' could not be found (are you missing a using directive or an assembly reference?) [C:\Users\Masoud\source\repos\BloodConnectAPI\BloodConnectAPI.Services\BloodConnectAPI.Services.csproj]
C:\Users\Masoud\source\repos\BloodConnectAPI\BloodConnectAPI.Services\Implementations\InventoryService.cs(25,51): error CS0246: The type or namespace name 'BloodInventoryDto' could not be found (are you missing a using directive or an assembly reference?) [C:\Users\Masoud\source\repos\BloodConnectAPI\BloodConnectAPI.Services\BloodConnectAPI.Services.csproj]
C:\Users\Masoud\source\repos\BloodConnectAPI\BloodConnectAPI.Services\Implementations\DonorService.cs(28,39): error CS0246: The type or namespace name 'DonorDto' could not be found (are you missing a using directive or an assembly reference?) [C:\Users\Masoud\source\repos\BloodConnectAPI\BloodConnectAPI.Services\BloodConnectAPI.Services.csproj]
C:\Users\Masoud\source\repos\BloodConnectAPI\BloodConnectAPI.Services\Implementations\DonorResponseService.cs(29,80): error CS0246: The type or namespace name 'CreateDonorResponseDto' could not be found (are you missing a using directive or an assembly reference?) [C:\Users\Masoud\source\repos\BloodConnectAPI\BloodConnectAPI.Services\BloodConnectAPI.Services.csproj]
C:\Users\Masoud\source\repos\BloodConnectAPI\BloodConnectAPI.Services\Implementations\DonorResponseService.cs(29,39): error CS0246: The type or namespace name 'DonorResponseDto' could not be found (are you missing a using directive or an assembly reference?) [C:\Users\Masoud\source\repos\BloodConnectAPI\BloodConnectAPI.Services\BloodConnectAPI.Services.csproj]
C:\Users\Masoud\source\repos\BloodConnectAPI\BloodConnectAPI.Services\Interfaces\IDonorMedicalDocumentService.cs(12,26): error CS0246: The type or namespace name 'DonorMedicalDocumentDto' could not be found (are you missing a using directive or an assembly reference?) [C:\Users\Masoud\source\repos\BloodConnectAPI\BloodConnectAPI.Services\BloodConnectAPI.Services.csproj]
C:\Users\Masoud\source\repos\BloodConnectAPI\BloodConnectAPI.Services\Implementations\DonorMedicalDocumentService.cs(84,39): error CS0246: The type or namespace name 'DonorMedicalDocumentDto' could not be found (are you missing a using directive or an assembly reference?) [C:\Users\Masoud\source\repos\BloodConnectAPI\BloodConnectAPI.Services\BloodConnectAPI.Services.csproj]
C:\Users\Masoud\source\repos\BloodConnectAPI\BloodConnectAPI.Services\Interfaces\IBloodRequestService.cs(16,26): error CS0246: The type or namespace name 'PagedResultDto<>' could not be found (are you missing a using directive or an assembly reference?) [C:\Users\Masoud\source\repos\BloodConnectAPI\BloodConnectAPI.Services\BloodConnectAPI.Services.csproj]
C:\Users\Masoud\source\repos\BloodConnectAPI\BloodConnectAPI.Services\Interfaces\IBloodRequestService.cs(16,41): error CS0246: The type or namespace name 'BloodRequestListDto' could not be found (are you missing a using directive or an assembly reference?) [C:\Users\Masoud\source\repos\BloodConnectAPI\BloodConnectAPI.Services\BloodConnectAPI.Services.csproj]
C:\Users\Masoud\source\repos\BloodConnectAPI\BloodConnectAPI.Services\Interfaces\IAuthService.cs(20,61): error CS0246: The type or namespace name 'RegisterDto' could not be found (are you missing a using directive or an assembly reference?) [C:\Users\Masoud\source\repos\BloodConnectAPI\BloodConnectAPI.Services\BloodConnectAPI.Services.csproj]
C:\Users\Masoud\source\repos\BloodConnectAPI\BloodConnectAPI.Services\Interfaces\IAuthService.cs(20,26): error CS0246: The type or namespace name 'ApplicationUserDto' could not be found (are you missing a using directive or an assembly reference?) [C:\Users\Masoud\source\repos\BloodConnectAPI\BloodConnectAPI.Services\BloodConnectAPI.Services.csproj]
C:\Users\Masoud\source\repos\BloodConnectAPI\BloodConnectAPI.Services\Implementations\BloodRequestService.cs(38,39): error CS0246: The type or namespace name 'PagedResultDto<>' could not be found (are you missing a using directive or an assembly reference?) [C:\Users\Masoud\source\repos\BloodConnectAPI\BloodConnectAPI.Services\BloodConnectAPI.Services.csproj]
C:\Users\Masoud\source\repos\BloodConnectAPI\BloodConnectAPI.Services\Implementations\BloodRequestService.cs(38,54): error CS0246: The type or namespace name 'BloodRequestListDto' could not be found (are you missing a using directive or an assembly reference?) [C:\Users\Masoud\source\repos\BloodConnectAPI\BloodConnectAPI.Services\BloodConnectAPI.Services.csproj]
C:\Users\Masoud\source\repos\BloodConnectAPI\BloodConnectAPI.Services\Implementations\InventoryService.cs(32,39): error CS0246: The type or namespace name 'BloodInventoryDto' could not be found (are you missing a using directive or an assembly reference?) [C:\Users\Masoud\source\repos\BloodConnectAPI\BloodConnectAPI.Services\BloodConnectAPI.Services.csproj]
C:\Users\Masoud\source\repos\BloodConnectAPI\BloodConnectAPI.Services\Implementations\DonorService.cs(39,51): error CS0246: The type or namespace name 'DonorDto' could not be found (are you missing a using directive or an assembly reference?) [C:\Users\Masoud\source\repos\BloodConnectAPI\BloodConnectAPI.Services\BloodConnectAPI.Services.csproj]
C:\Users\Masoud\source\repos\BloodConnectAPI\BloodConnectAPI.Services\Implementations\AuthService.cs(78,74): error CS0246: The type or namespace name 'RegisterDto' could not be found (are you missing a using directive or an assembly reference?) [C:\Users\Masoud\source\repos\BloodConnectAPI\BloodConnectAPI.Services\BloodConnectAPI.Services.csproj]
C:\Users\Masoud\source\repos\BloodConnectAPI\BloodConnectAPI.Services\Implementations\AuthService.cs(78,39): error CS0246: The type or namespace name 'ApplicationUserDto' could not be found (are you missing a using directive or an assembly reference?) [C:\Users\Masoud\source\repos\BloodConnectAPI\BloodConnectAPI.Services\BloodConnectAPI.Services.csproj]
C:\Users\Masoud\source\repos\BloodConnectAPI\BloodConnectAPI.Services\Interfaces\IDonorMedicalDocumentService.cs(13,38): error CS0246: The type or namespace name 'DonorMedicalDocumentDto' could not be found (are you missing a using directive or an assembly reference?) [C:\Users\Masoud\source\repos\BloodConnectAPI\BloodConnectAPI.Services\BloodConnectAPI.Services.csproj]
C:\Users\Masoud\source\repos\BloodConnectAPI\BloodConnectAPI.Services\Interfaces\IDonationService.cs(15,52): error CS0246: The type or namespace name 'CreateDonationDto' could not be found (are you missing a using directive or an assembly reference?) [C:\Users\Masoud\source\repos\BloodConnectAPI\BloodConnectAPI.Services\BloodConnectAPI.Services.csproj]
C:\Users\Masoud\source\repos\BloodConnectAPI\BloodConnectAPI.Services\Interfaces\IDonationService.cs(15,26): error CS0246: The type or namespace name 'DonationDto' could not be found (are you missing a using directive or an assembly reference?) [C:\Users\Masoud\source\repos\BloodConnectAPI\BloodConnectAPI.Services\BloodConnectAPI.Services.csproj]
C:\Users\Masoud\source\repos\BloodConnectAPI\BloodConnectAPI.Services\Implementations\DonorMedicalDocumentService.cs(94,51): error CS0246: The type or namespace name 'DonorMedicalDocumentDto' could not be found (are you missing a using directive or an assembly reference?) [C:\Users\Masoud\source\repos\BloodConnectAPI\BloodConnectAPI.Services\BloodConnectAPI.Services.csproj]
C:\Users\Masoud\source\repos\BloodConnectAPI\BloodConnectAPI.Services\Implementations\DonationService.cs(60,65): error CS0246: The type or namespace name 'CreateDonationDto' could not be found (are you missing a using directive or an assembly reference?) [C:\Users\Masoud\source\repos\BloodConnectAPI\BloodConnectAPI.Services\BloodConnectAPI.Services.csproj]
C:\Users\Masoud\source\repos\BloodConnectAPI\BloodConnectAPI.Services\Implementations\DonationService.cs(60,39): error CS0246: The type or namespace name 'DonationDto' could not be found (are you missing a using directive or an assembly reference?) [C:\Users\Masoud\source\repos\BloodConnectAPI\BloodConnectAPI.Services\BloodConnectAPI.Services.csproj]
C:\Users\Masoud\source\repos\BloodConnectAPI\BloodConnectAPI.Services\Implementations\InventoryService.cs(43,51): error CS0246: The type or namespace name 'BloodInventoryDto' could not be found (are you missing a using directive or an assembly reference?) [C:\Users\Masoud\source\repos\BloodConnectAPI\BloodConnectAPI.Services\BloodConnectAPI.Services.csproj]
C:\Users\Masoud\source\repos\BloodConnectAPI\BloodConnectAPI.Services\Implementations\DonorResponseService.cs(84,100): error CS0246: The type or namespace name 'UpdateResponseStatusDto' could not be found (are you missing a using directive or an assembly reference?) [C:\Users\Masoud\source\repos\BloodConnectAPI\BloodConnectAPI.Services\BloodConnectAPI.Services.csproj]
C:\Users\Masoud\source\repos\BloodConnectAPI\BloodConnectAPI.Services\Implementations\DonorResponseService.cs(84,39): error CS0246: The type or namespace name 'DonorResponseDto' could not be found (are you missing a using directive or an assembly reference?) [C:\Users\Masoud\source\repos\BloodConnectAPI\BloodConnectAPI.Services\BloodConnectAPI.Services.csproj]
C:\Users\Masoud\source\repos\BloodConnectAPI\BloodConnectAPI.Services\Interfaces\IBloodRequestService.cs(17,64): error CS0246: The type or namespace name 'CreateBloodRequestDto' could not be found (are you missing a using directive or an assembly reference?) [C:\Users\Masoud\source\repos\BloodConnectAPI\BloodConnectAPI.Services\BloodConnectAPI.Services.csproj]
C:\Users\Masoud\source\repos\BloodConnectAPI\BloodConnectAPI.Services\Interfaces\IBloodRequestService.cs(17,26): error CS0246: The type or namespace name 'BloodRequestResponseDto' could not be found (are you missing a using directive or an assembly reference?) [C:\Users\Masoud\source\repos\BloodConnectAPI\BloodConnectAPI.Services\BloodConnectAPI.Services.csproj]
C:\Users\Masoud\source\repos\BloodConnectAPI\BloodConnectAPI.Services\Interfaces\IDonorResponseService.cs(16,67): error CS0246: The type or namespace name 'CreateDonorResponseDto' could not be found (are you missing a using directive or an assembly reference?) [C:\Users\Masoud\source\repos\BloodConnectAPI\BloodConnectAPI.Services\BloodConnectAPI.Services.csproj]
C:\Users\Masoud\source\repos\BloodConnectAPI\BloodConnectAPI.Services\Interfaces\IDonorResponseService.cs(16,26): error CS0246: The type or namespace name 'DonorResponseDto' could not be found (are you missing a using directive or an assembly reference?) [C:\Users\Masoud\source\repos\BloodConnectAPI\BloodConnectAPI.Services\BloodConnectAPI.Services.csproj]
C:\Users\Masoud\source\repos\BloodConnectAPI\BloodConnectAPI.Services\Implementations\AuthService.cs(135,72): error CS0246: The type or namespace name 'ApplicationUser' could not be found (are you missing a using directive or an assembly reference?) [C:\Users\Masoud\source\repos\BloodConnectAPI\BloodConnectAPI.Services\BloodConnectAPI.Services.csproj]
C:\Users\Masoud\source\repos\BloodConnectAPI\BloodConnectAPI.Services\Implementations\BloodRequestService.cs(61,77): error CS0246: The type or namespace name 'CreateBloodRequestDto' could not be found (are you missing a using directive or an assembly reference?) [C:\Users\Masoud\source\repos\BloodConnectAPI\BloodConnectAPI.Services\BloodConnectAPI.Services.csproj]
C:\Users\Masoud\source\repos\BloodConnectAPI\BloodConnectAPI.Services\Implementations\BloodRequestService.cs(61,39): error CS0246: The type or namespace name 'BloodRequestResponseDto' could not be found (are you missing a using directive or an assembly reference?) [C:\Users\Masoud\source\repos\BloodConnectAPI\BloodConnectAPI.Services\BloodConnectAPI.Services.csproj]
C:\Users\Masoud\source\repos\BloodConnectAPI\BloodConnectAPI.Services\Implementations\DonorService.cs(65,62): error CS0246: The type or namespace name 'CreateDonorDto' could not be found (are you missing a using directive or an assembly reference?) [C:\Users\Masoud\source\repos\BloodConnectAPI\BloodConnectAPI.Services\BloodConnectAPI.Services.csproj]
C:\Users\Masoud\source\repos\BloodConnectAPI\BloodConnectAPI.Services\Implementations\DonorService.cs(65,39): error CS0246: The type or namespace name 'DonorDto' could not be found (are you missing a using directive or an assembly reference?) [C:\Users\Masoud\source\repos\BloodConnectAPI\BloodConnectAPI.Services\BloodConnectAPI.Services.csproj]
C:\Users\Masoud\source\repos\BloodConnectAPI\BloodConnectAPI.Services\Implementations\DonorResponseService.cs(111,51): error CS0246: The type or namespace name 'DonorResponseDto' could not be found (are you missing a using directive or an assembly reference?) [C:\Users\Masoud\source\repos\BloodConnectAPI\BloodConnectAPI.Services\BloodConnectAPI.Services.csproj]
C:\Users\Masoud\source\repos\BloodConnectAPI\BloodConnectAPI.Services\Interfaces\IDonorMedicalDocumentService.cs(14,88): error CS0246: The type or namespace name 'VerifyMedicalDocumentDto' could not be found (are you missing a using directive or an assembly reference?) [C:\Users\Masoud\source\repos\BloodConnectAPI\BloodConnectAPI.Services\BloodConnectAPI.Services.csproj]
C:\Users\Masoud\source\repos\BloodConnectAPI\BloodConnectAPI.Services\Interfaces\IDonorMedicalDocumentService.cs(14,26): error CS0246: The type or namespace name 'DonorMedicalDocumentDto' could not be found (are you missing a using directive or an assembly reference?) [C:\Users\Masoud\source\repos\BloodConnectAPI\BloodConnectAPI.Services\BloodConnectAPI.Services.csproj]
C:\Users\Masoud\source\repos\BloodConnectAPI\BloodConnectAPI.Services\Interfaces\IDonationService.cs(16,60): error CS0246: The type or namespace name 'UpdateDonationDto' could not be found (are you missing a using directive or an assembly reference?) [C:\Users\Masoud\source\repos\BloodConnectAPI\BloodConnectAPI.Services\BloodConnectAPI.Services.csproj]
C:\Users\Masoud\source\repos\BloodConnectAPI\BloodConnectAPI.Services\Interfaces\IDonationService.cs(16,26): error CS0246: The type or namespace name 'DonationDto' could not be found (are you missing a using directive or an assembly reference?) [C:\Users\Masoud\source\repos\BloodConnectAPI\BloodConnectAPI.Services\BloodConnectAPI.Services.csproj]
C:\Users\Masoud\source\repos\BloodConnectAPI\BloodConnectAPI.Services\Implementations\DonationService.cs(120,73): error CS0246: The type or namespace name 'UpdateDonationDto' could not be found (are you missing a using directive or an assembly reference?) [C:\Users\Masoud\source\repos\BloodConnectAPI\BloodConnectAPI.Services\BloodConnectAPI.Services.csproj]
C:\Users\Masoud\source\repos\BloodConnectAPI\BloodConnectAPI.Services\Implementations\DonationService.cs(120,39): error CS0246: The type or namespace name 'DonationDto' could not be found (are you missing a using directive or an assembly reference?) [C:\Users\Masoud\source\repos\BloodConnectAPI\BloodConnectAPI.Services\BloodConnectAPI.Services.csproj]
C:\Users\Masoud\source\repos\BloodConnectAPI\BloodConnectAPI.Services\Implementations\DonorMedicalDocumentService.cs(106,101): error CS0246: The type or namespace name 'VerifyMedicalDocumentDto' could not be found (are you missing a using directive or an assembly reference?) [C:\Users\Masoud\source\repos\BloodConnectAPI\BloodConnectAPI.Services\BloodConnectAPI.Services.csproj]
C:\Users\Masoud\source\repos\BloodConnectAPI\BloodConnectAPI.Services\Implementations\DonorMedicalDocumentService.cs(106,39): error CS0246: The type or namespace name 'DonorMedicalDocumentDto' could not be found (are you missing a using directive or an assembly reference?) [C:\Users\Masoud\source\repos\BloodConnectAPI\BloodConnectAPI.Services\BloodConnectAPI.Services.csproj]
C:\Users\Masoud\source\repos\BloodConnectAPI\BloodConnectAPI.Services\Implementations\InventoryService.cs(249,51): error CS0246: The type or namespace name 'BloodInventoryItemDto' could not be found (are you missing a using directive or an assembly reference?) [C:\Users\Masoud\source\repos\BloodConnectAPI\BloodConnectAPI.Services\BloodConnectAPI.Services.csproj]
C:\Users\Masoud\source\repos\BloodConnectAPI\BloodConnectAPI.Services\Implementations\DonorResponseService.cs(126,51): error CS0246: The type or namespace name 'DonorResponseDto' could not be found (are you missing a using directive or an assembly reference?) [C:\Users\Masoud\source\repos\BloodConnectAPI\BloodConnectAPI.Services\BloodConnectAPI.Services.csproj]
C:\Users\Masoud\source\repos\BloodConnectAPI\BloodConnectAPI.Services\Interfaces\IDonationService.cs(20,38): error CS0246: The type or namespace name 'DonationDto' could not be found (are you missing a using directive or an assembly reference?) [C:\Users\Masoud\source\repos\BloodConnectAPI\BloodConnectAPI.Services\BloodConnectAPI.Services.csproj]
C:\Users\Masoud\source\repos\BloodConnectAPI\BloodConnectAPI.Services\Interfaces\IBloodRequestService.cs(18,78): error CS0246: The type or namespace name 'RequestStatus' could not be found (are you missing a using directive or an assembly reference?) [C:\Users\Masoud\source\repos\BloodConnectAPI\BloodConnectAPI.Services\BloodConnectAPI.Services.csproj]
C:\Users\Masoud\source\repos\BloodConnectAPI\BloodConnectAPI.Services\Interfaces\IBloodRequestService.cs(18,26): error CS0246: The type or namespace name 'BloodRequestResponseDto' could not be found (are you missing a using directive or an assembly reference?) [C:\Users\Masoud\source\repos\BloodConnectAPI\BloodConnectAPI.Services\BloodConnectAPI.Services.csproj]
C:\Users\Masoud\source\repos\BloodConnectAPI\BloodConnectAPI.Services\Interfaces\IDonorResponseService.cs(21,87): error CS0246: The type or namespace name 'UpdateResponseStatusDto' could not be found (are you missing a using directive or an assembly reference?) [C:\Users\Masoud\source\repos\BloodConnectAPI\BloodConnectAPI.Services\BloodConnectAPI.Services.csproj]
C:\Users\Masoud\source\repos\BloodConnectAPI\BloodConnectAPI.Services\Interfaces\IDonorResponseService.cs(21,26): error CS0246: The type or namespace name 'DonorResponseDto' could not be found (are you missing a using directive or an assembly reference?) [C:\Users\Masoud\source\repos\BloodConnectAPI\BloodConnectAPI.Services\BloodConnectAPI.Services.csproj]
C:\Users\Masoud\source\repos\BloodConnectAPI\BloodConnectAPI.Services\Interfaces\IDonorService.cs(14,26): error CS0246: The type or namespace name 'DonorDto' could not be found (are you missing a using directive or an assembly reference?) [C:\Users\Masoud\source\repos\BloodConnectAPI\BloodConnectAPI.Services\BloodConnectAPI.Services.csproj]
C:\Users\Masoud\source\repos\BloodConnectAPI\BloodConnectAPI.Services\Implementations\BloodRequestService.cs(84,91): error CS0246: The type or namespace name 'RequestStatus' could not be found (are you missing a using directive or an assembly reference?) [C:\Users\Masoud\source\repos\BloodConnectAPI\BloodConnectAPI.Services\BloodConnectAPI.Services.csproj]
C:\Users\Masoud\source\repos\BloodConnectAPI\BloodConnectAPI.Services\Implementations\BloodRequestService.cs(84,39): error CS0246: The type or namespace name 'BloodRequestResponseDto' could not be found (are you missing a using directive or an assembly reference?) [C:\Users\Masoud\source\repos\BloodConnectAPI\BloodConnectAPI.Services\BloodConnectAPI.Services.csproj]
C:\Users\Masoud\source\repos\BloodConnectAPI\BloodConnectAPI.Services\Implementations\DonorService.cs(114,70): error CS0246: The type or namespace name 'UpdateDonorDto' could not be found (are you missing a using directive or an assembly reference?) [C:\Users\Masoud\source\repos\BloodConnectAPI\BloodConnectAPI.Services\BloodConnectAPI.Services.csproj]
C:\Users\Masoud\source\repos\BloodConnectAPI\BloodConnectAPI.Services\Implementations\DonorService.cs(114,39): error CS0246: The type or namespace name 'DonorDto' could not be found (are you missing a using directive or an assembly reference?) [C:\Users\Masoud\source\repos\BloodConnectAPI\BloodConnectAPI.Services\BloodConnectAPI.Services.csproj]
C:\Users\Masoud\source\repos\BloodConnectAPI\BloodConnectAPI.Services\Implementations\DonorResponseService.cs(141,39): error CS0246: The type or namespace name 'DonorResponseDto' could not be found (are you missing a using directive or an assembly reference?) [C:\Users\Masoud\source\repos\BloodConnectAPI\BloodConnectAPI.Services\BloodConnectAPI.Services.csproj]
C:\Users\Masoud\source\repos\BloodConnectAPI\BloodConnectAPI.Services\Interfaces\IDonationService.cs(21,38): error CS0246: The type or namespace name 'DonationDto' could not be found (are you missing a using directive or an assembly reference?) [C:\Users\Masoud\source\repos\BloodConnectAPI\BloodConnectAPI.Services\BloodConnectAPI.Services.csproj]
C:\Users\Masoud\source\repos\BloodConnectAPI\BloodConnectAPI.Services\Interfaces\IDonorResponseService.cs(26,38): error CS0246: The type or namespace name 'DonorResponseDto' could not be found (are you missing a using directive or an assembly reference?) [C:\Users\Masoud\source\repos\BloodConnectAPI\BloodConnectAPI.Services\BloodConnectAPI.Services.csproj]
C:\Users\Masoud\source\repos\BloodConnectAPI\BloodConnectAPI.Services\Interfaces\IBloodRequestService.cs(22,38): error CS0246: The type or namespace name 'BloodRequestListDto' could not be found (are you missing a using directive or an assembly reference?) [C:\Users\Masoud\source\repos\BloodConnectAPI\BloodConnectAPI.Services\BloodConnectAPI.Services.csproj]
C:\Users\Masoud\source\repos\BloodConnectAPI\BloodConnectAPI.Services\Implementations\DonorMedicalDocumentService.cs(14,22): error CS0246: The type or namespace name 'IUnitOfWork' could not be found (are you missing a using directive or an assembly reference?) [C:\Users\Masoud\source\repos\BloodConnectAPI\BloodConnectAPI.Services\BloodConnectAPI.Services.csproj]
C:\Users\Masoud\source\repos\BloodConnectAPI\BloodConnectAPI.Services\Interfaces\IDonorService.cs(15,38): error CS0246: The type or namespace name 'DonorDto' could not be found (are you missing a using directive or an assembly reference?) [C:\Users\Masoud\source\repos\BloodConnectAPI\BloodConnectAPI.Services\BloodConnectAPI.Services.csproj]
C:\Users\Masoud\source\repos\BloodConnectAPI\BloodConnectAPI.Services\Implementations\AuthService.cs(19,22): error CS0246: The type or namespace name 'UserManager<>' could not be found (are you missing a using directive or an assembly reference?) [C:\Users\Masoud\source\repos\BloodConnectAPI\BloodConnectAPI.Services\BloodConnectAPI.Services.csproj]
C:\Users\Masoud\source\repos\BloodConnectAPI\BloodConnectAPI.Services\Implementations\AuthService.cs(19,34): error CS0246: The type or namespace name 'ApplicationUser' could not be found (are you missing a using directive or an assembly reference?) [C:\Users\Masoud\source\repos\BloodConnectAPI\BloodConnectAPI.Services\BloodConnectAPI.Services.csproj]
C:\Users\Masoud\source\repos\BloodConnectAPI\BloodConnectAPI.Services\Implementations\DonationService.cs(144,83): error CS0246: The type or namespace name 'TestResult' could not be found (are you missing a using directive or an assembly reference?) [C:\Users\Masoud\source\repos\BloodConnectAPI\BloodConnectAPI.Services\BloodConnectAPI.Services.csproj]
C:\Users\Masoud\source\repos\BloodConnectAPI\BloodConnectAPI.Services\Implementations\DonationService.cs(144,39): error CS0246: The type or namespace name 'DonationDto' could not be found (are you missing a using directive or an assembly reference?) [C:\Users\Masoud\source\repos\BloodConnectAPI\BloodConnectAPI.Services\BloodConnectAPI.Services.csproj]
C:\Users\Masoud\source\repos\BloodConnectAPI\BloodConnectAPI.Services\Implementations\InventoryService.cs(265,97): error CS0246: The type or namespace name 'BloodUnitStatus' could not be found (are you missing a using directive or an assembly reference?) [C:\Users\Masoud\source\repos\BloodConnectAPI\BloodConnectAPI.Services\BloodConnectAPI.Services.csproj]
C:\Users\Masoud\source\repos\BloodConnectAPI\BloodConnectAPI.Services\Implementations\InventoryService.cs(265,39): error CS0246: The type or namespace name 'BloodInventoryItemDto' could not be found (are you missing a using directive or an assembly reference?) [C:\Users\Masoud\source\repos\BloodConnectAPI\BloodConnectAPI.Services\BloodConnectAPI.Services.csproj]
C:\Users\Masoud\source\repos\BloodConnectAPI\BloodConnectAPI.Services\Implementations\BloodRequestService.cs(118,51): error CS0246: The type or namespace name 'BloodRequestListDto' could not be found (are you missing a using directive or an assembly reference?) [C:\Users\Masoud\source\repos\BloodConnectAPI\BloodConnectAPI.Services\BloodConnectAPI.Services.csproj]
C:\Users\Masoud\source\repos\BloodConnectAPI\BloodConnectAPI.Services\Implementations\DonorService.cs(185,39): error CS0246: The type or namespace name 'DonorDto' could not be found (are you missing a using directive or an assembly reference?) [C:\Users\Masoud\source\repos\BloodConnectAPI\BloodConnectAPI.Services\BloodConnectAPI.Services.csproj]
C:\Users\Masoud\source\repos\BloodConnectAPI\BloodConnectAPI.Services\Interfaces\IDonorResponseService.cs(31,38): error CS0246: The type or namespace name 'DonorResponseDto' could not be found (are you missing a using directive or an assembly reference?) [C:\Users\Masoud\source\repos\BloodConnectAPI\BloodConnectAPI.Services\BloodConnectAPI.Services.csproj]
C:\Users\Masoud\source\repos\BloodConnectAPI\BloodConnectAPI.Services\Interfaces\IBloodRequestService.cs(23,38): error CS0246: The type or namespace name 'BloodRequestListDto' could not be found (are you missing a using directive or an assembly reference?) [C:\Users\Masoud\source\repos\BloodConnectAPI\BloodConnectAPI.Services\BloodConnectAPI.Services.csproj]
C:\Users\Masoud\source\repos\BloodConnectAPI\BloodConnectAPI.Services\Interfaces\IDonationService.cs(22,86): error CS0234: The type or namespace name 'Models' does not exist in the namespace 'BloodConnectAPI' (are you missing an assembly reference?) [C:\Users\Masoud\source\repos\BloodConnectAPI\BloodConnectAPI.Services\BloodConnectAPI.Services.csproj]
C:\Users\Masoud\source\repos\BloodConnectAPI\BloodConnectAPI.Services\Interfaces\IDonationService.cs(22,26): error CS0246: The type or namespace name 'DonationDto' could not be found (are you missing a using directive or an assembly reference?) [C:\Users\Masoud\source\repos\BloodConnectAPI\BloodConnectAPI.Services\BloodConnectAPI.Services.csproj]
C:\Users\Masoud\source\repos\BloodConnectAPI\BloodConnectAPI.Services\Implementations\DonorMedicalDocumentService.cs(15,22): error CS0246: The type or namespace name 'IMapper' could not be found (are you missing a using directive or an assembly reference?) [C:\Users\Masoud\source\repos\BloodConnectAPI\BloodConnectAPI.Services\BloodConnectAPI.Services.csproj]
C:\Users\Masoud\source\repos\BloodConnectAPI\BloodConnectAPI.Services\Interfaces\IInventoryService.cs(13,38): error CS0246: The type or namespace name 'BloodInventoryDto' could not be found (are you missing a using directive or an assembly reference?) [C:\Users\Masoud\source\repos\BloodConnectAPI\BloodConnectAPI.Services\BloodConnectAPI.Services.csproj]
C:\Users\Masoud\source\repos\BloodConnectAPI\BloodConnectAPI.Services\Implementations\DonationService.cs(197,51): error CS0246: The type or namespace name 'DonationDto' could not be found (are you missing a using directive or an assembly reference?) [C:\Users\Masoud\source\repos\BloodConnectAPI\BloodConnectAPI.Services\BloodConnectAPI.Services.csproj]
C:\Users\Masoud\source\repos\BloodConnectAPI\BloodConnectAPI.Services\Implementations\DonorService.cs(196,51): error CS0246: The type or namespace name 'DonorDto' could not be found (are you missing a using directive or an assembly reference?) [C:\Users\Masoud\source\repos\BloodConnectAPI\BloodConnectAPI.Services\BloodConnectAPI.Services.csproj]
C:\Users\Masoud\source\repos\BloodConnectAPI\BloodConnectAPI.Services\Implementations\BloodRequestService.cs(125,51): error CS0246: The type or namespace name 'BloodRequestListDto' could not be found (are you missing a using directive or an assembly reference?) [C:\Users\Masoud\source\repos\BloodConnectAPI\BloodConnectAPI.Services\BloodConnectAPI.Services.csproj]
C:\Users\Masoud\source\repos\BloodConnectAPI\BloodConnectAPI.Services\Interfaces\IDonorResponseService.cs(36,26): error CS0246: The type or namespace name 'DonorResponseDto' could not be found (are you missing a using directive or an assembly reference?) [C:\Users\Masoud\source\repos\BloodConnectAPI\BloodConnectAPI.Services\BloodConnectAPI.Services.csproj]
C:\Users\Masoud\source\repos\BloodConnectAPI\BloodConnectAPI.Services\Interfaces\IDonorService.cs(16,49): error CS0246: The type or namespace name 'CreateDonorDto' could not be found (are you missing a using directive or an assembly reference?) [C:\Users\Masoud\source\repos\BloodConnectAPI\BloodConnectAPI.Services\BloodConnectAPI.Services.csproj]
C:\Users\Masoud\source\repos\BloodConnectAPI\BloodConnectAPI.Services\Interfaces\IDonorService.cs(16,26): error CS0246: The type or namespace name 'DonorDto' could not be found (are you missing a using directive or an assembly reference?) [C:\Users\Masoud\source\repos\BloodConnectAPI\BloodConnectAPI.Services\BloodConnectAPI.Services.csproj]
C:\Users\Masoud\source\repos\BloodConnectAPI\BloodConnectAPI.Services\Implementations\DonorResponseService.cs(180,53): error CS0246: The type or namespace name 'ResponseStatus' could not be found (are you missing a using directive or an assembly reference?) [C:\Users\Masoud\source\repos\BloodConnectAPI\BloodConnectAPI.Services\BloodConnectAPI.Services.csproj]
C:\Users\Masoud\source\repos\BloodConnectAPI\BloodConnectAPI.Services\Implementations\DonorResponseService.cs(180,77): error CS0246: The type or namespace name 'ResponseStatus' could not be found (are you missing a using directive or an assembly reference?) [C:\Users\Masoud\source\repos\BloodConnectAPI\BloodConnectAPI.Services\BloodConnectAPI.Services.csproj]
C:\Users\Masoud\source\repos\BloodConnectAPI\BloodConnectAPI.Services\Interfaces\IInventoryService.cs(14,26): error CS0246: The type or namespace name 'BloodInventoryDto' could not be found (are you missing a using directive or an assembly reference?) [C:\Users\Masoud\source\repos\BloodConnectAPI\BloodConnectAPI.Services\BloodConnectAPI.Services.csproj]
C:\Users\Masoud\source\repos\BloodConnectAPI\BloodConnectAPI.Services\Implementations\DonationService.cs(204,51): error CS0246: The type or namespace name 'DonationDto' could not be found (are you missing a using directive or an assembly reference?) [C:\Users\Masoud\source\repos\BloodConnectAPI\BloodConnectAPI.Services\BloodConnectAPI.Services.csproj]
C:\Users\Masoud\source\repos\BloodConnectAPI\BloodConnectAPI.Services\Implementations\AuthService.cs(20,22): error CS0246: The type or namespace name 'SignInManager<>' could not be found (are you missing a using directive or an assembly reference?) [C:\Users\Masoud\source\repos\BloodConnectAPI\BloodConnectAPI.Services\BloodConnectAPI.Services.csproj]
C:\Users\Masoud\source\repos\BloodConnectAPI\BloodConnectAPI.Services\Implementations\AuthService.cs(20,36): error CS0246: The type or namespace name 'ApplicationUser' could not be found (are you missing a using directive or an assembly reference?) [C:\Users\Masoud\source\repos\BloodConnectAPI\BloodConnectAPI.Services\BloodConnectAPI.Services.csproj]
C:\Users\Masoud\source\repos\BloodConnectAPI\BloodConnectAPI.Services\Interfaces\IDonationService.cs(25,77): error CS0246: The type or namespace name 'LabTestDonationDto' could not be found (are you missing a using directive or an assembly reference?) [C:\Users\Masoud\source\repos\BloodConnectAPI\BloodConnectAPI.Services\BloodConnectAPI.Services.csproj]
C:\Users\Masoud\source\repos\BloodConnectAPI\BloodConnectAPI.Services\Interfaces\IDonationService.cs(25,26): error CS0246: The type or namespace name 'DonationDto' could not be found (are you missing a using directive or an assembly reference?) [C:\Users\Masoud\source\repos\BloodConnectAPI\BloodConnectAPI.Services\BloodConnectAPI.Services.csproj]
C:\Users\Masoud\source\repos\BloodConnectAPI\BloodConnectAPI.Services\Interfaces\IBloodRequestService.cs(24,87): error CS0246: The type or namespace name 'FulfillBloodRequestDto' could not be found (are you missing a using directive or an assembly reference?) [C:\Users\Masoud\source\repos\BloodConnectAPI\BloodConnectAPI.Services\BloodConnectAPI.Services.csproj]
C:\Users\Masoud\source\repos\BloodConnectAPI\BloodConnectAPI.Services\Interfaces\IBloodRequestService.cs(24,26): error CS0246: The type or namespace name 'BloodRequestResponseDto' could not be found (are you missing a using directive or an assembly reference?) [C:\Users\Masoud\source\repos\BloodConnectAPI\BloodConnectAPI.Services\BloodConnectAPI.Services.csproj]
C:\Users\Masoud\source\repos\BloodConnectAPI\BloodConnectAPI.Services\Implementations\DonorService.cs(234,39): error CS0246: The type or namespace name 'DonorDto' could not be found (are you missing a using directive or an assembly reference?) [C:\Users\Masoud\source\repos\BloodConnectAPI\BloodConnectAPI.Services\BloodConnectAPI.Services.csproj]
C:\Users\Masoud\source\repos\BloodConnectAPI\BloodConnectAPI.Services\Implementations\DonorMedicalDocumentService.cs(17,40): error CS0246: The type or namespace name 'IUnitOfWork' could not be found (are you missing a using directive or an assembly reference?) [C:\Users\Masoud\source\repos\BloodConnectAPI\BloodConnectAPI.Services\BloodConnectAPI.Services.csproj]
C:\Users\Masoud\source\repos\BloodConnectAPI\BloodConnectAPI.Services\Implementations\DonorMedicalDocumentService.cs(17,64): error CS0246: The type or namespace name 'IMapper' could not be found (are you missing a using directive or an assembly reference?) [C:\Users\Masoud\source\repos\BloodConnectAPI\BloodConnectAPI.Services\BloodConnectAPI.Services.csproj]
C:\Users\Masoud\source\repos\BloodConnectAPI\BloodConnectAPI.Services\Interfaces\IDonorService.cs(17,57): error CS0246: The type or namespace name 'UpdateDonorDto' could not be found (are you missing a using directive or an assembly reference?) [C:\Users\Masoud\source\repos\BloodConnectAPI\BloodConnectAPI.Services\BloodConnectAPI.Services.csproj]
C:\Users\Masoud\source\repos\BloodConnectAPI\BloodConnectAPI.Services\Interfaces\IDonorService.cs(17,26): error CS0246: The type or namespace name 'DonorDto' could not be found (are you missing a using directive or an assembly reference?) [C:\Users\Masoud\source\repos\BloodConnectAPI\BloodConnectAPI.Services\BloodConnectAPI.Services.csproj]
C:\Users\Masoud\source\repos\BloodConnectAPI\BloodConnectAPI.Services\Interfaces\IInventoryService.cs(15,38): error CS0246: The type or namespace name 'BloodInventoryDto' could not be found (are you missing a using directive or an assembly reference?) [C:\Users\Masoud\source\repos\BloodConnectAPI\BloodConnectAPI.Services\BloodConnectAPI.Services.csproj]
C:\Users\Masoud\source\repos\BloodConnectAPI\BloodConnectAPI.Services\Interfaces\IBloodRequestService.cs(25,26): error CS0246: The type or namespace name 'BloodRequestResponseDto' could not be found (are you missing a using directive or an assembly reference?) [C:\Users\Masoud\source\repos\BloodConnectAPI\BloodConnectAPI.Services\BloodConnectAPI.Services.csproj]
C:\Users\Masoud\source\repos\BloodConnectAPI\BloodConnectAPI.Services\Implementations\AuthService.cs(21,22): error CS0246: The type or namespace name 'IConfiguration' could not be found (are you missing a using directive or an assembly reference?) [C:\Users\Masoud\source\repos\BloodConnectAPI\BloodConnectAPI.Services\BloodConnectAPI.Services.csproj]
C:\Users\Masoud\source\repos\BloodConnectAPI\BloodConnectAPI.Services\Implementations\DonorService.cs(245,39): error CS0246: The type or namespace name 'DonorDto' could not be found (are you missing a using directive or an assembly reference?) [C:\Users\Masoud\source\repos\BloodConnectAPI\BloodConnectAPI.Services\BloodConnectAPI.Services.csproj]
C:\Users\Masoud\source\repos\BloodConnectAPI\BloodConnectAPI.Services\Implementations\DonationService.cs(211,90): error CS0246: The type or namespace name 'LabTestDonationDto' could not be found (are you missing a using directive or an assembly reference?) [C:\Users\Masoud\source\repos\BloodConnectAPI\BloodConnectAPI.Services\BloodConnectAPI.Services.csproj]
C:\Users\Masoud\source\repos\BloodConnectAPI\BloodConnectAPI.Services\Implementations\DonationService.cs(211,39): error CS0246: The type or namespace name 'DonationDto' could not be found (are you missing a using directive or an assembly reference?) [C:\Users\Masoud\source\repos\BloodConnectAPI\BloodConnectAPI.Services\BloodConnectAPI.Services.csproj]
C:\Users\Masoud\source\repos\BloodConnectAPI\BloodConnectAPI.Services\Implementations\DonorResponseService.cs(207,47): error CS0246: The type or namespace name 'DonorRequestResponse' could not be found (are you missing a using directive or an assembly reference?) [C:\Users\Masoud\source\repos\BloodConnectAPI\BloodConnectAPI.Services\BloodConnectAPI.Services.csproj]
C:\Users\Masoud\source\repos\BloodConnectAPI\BloodConnectAPI.Services\Implementations\DonorResponseService.cs(207,78): error CS0246: The type or namespace name 'UpdateResponseStatusDto' could not be found (are you missing a using directive or an assembly reference?) [C:\Users\Masoud\source\repos\BloodConnectAPI\BloodConnectAPI.Services\BloodConnectAPI.Services.csproj]
C:\Users\Masoud\source\repos\BloodConnectAPI\BloodConnectAPI.Services\Implementations\BloodRequestService.cs(132,100): error CS0246: The type or namespace name 'FulfillBloodRequestDto' could not be found (are you missing a using directive or an assembly reference?) [C:\Users\Masoud\source\repos\BloodConnectAPI\BloodConnectAPI.Services\BloodConnectAPI.Services.csproj]
C:\Users\Masoud\source\repos\BloodConnectAPI\BloodConnectAPI.Services\Implementations\BloodRequestService.cs(132,39): error CS0246: The type or namespace name 'BloodRequestResponseDto' could not be found (are you missing a using directive or an assembly reference?) [C:\Users\Masoud\source\repos\BloodConnectAPI\BloodConnectAPI.Services\BloodConnectAPI.Services.csproj]
C:\Users\Masoud\source\repos\BloodConnectAPI\BloodConnectAPI.Services\Interfaces\IDonorService.cs(21,26): error CS0246: The type or namespace name 'DonorDto' could not be found (are you missing a using directive or an assembly reference?) [C:\Users\Masoud\source\repos\BloodConnectAPI\BloodConnectAPI.Services\BloodConnectAPI.Services.csproj]
C:\Users\Masoud\source\repos\BloodConnectAPI\BloodConnectAPI.Services\Interfaces\IPatientService.cs(13,26): error CS0246: The type or namespace name 'PatientDto' could not be found (are you missing a using directive or an assembly reference?) [C:\Users\Masoud\source\repos\BloodConnectAPI\BloodConnectAPI.Services\BloodConnectAPI.Services.csproj]
C:\Users\Masoud\source\repos\BloodConnectAPI\BloodConnectAPI.Services\Implementations\DonationService.cs(14,32): error CS0535: 'DonationService' does not implement interface member 'IDonationService.UpdateTestResultAsync(int, Models.Enums.TestResult)' [C:\Users\Masoud\source\repos\BloodConnectAPI\BloodConnectAPI.Services\BloodConnectAPI.Services.csproj]
C:\Users\Masoud\source\repos\BloodConnectAPI\BloodConnectAPI.Services\Implementations\DonorService.cs(282,39): error CS0246: The type or namespace name 'DonorDto' could not be found (are you missing a using directive or an assembly reference?) [C:\Users\Masoud\source\repos\BloodConnectAPI\BloodConnectAPI.Services\BloodConnectAPI.Services.csproj]
C:\Users\Masoud\source\repos\BloodConnectAPI\BloodConnectAPI.Services\Interfaces\IInventoryService.cs(23,38): error CS0246: The type or namespace name 'BloodInventoryItemDto' could not be found (are you missing a using directive or an assembly reference?) [C:\Users\Masoud\source\repos\BloodConnectAPI\BloodConnectAPI.Services\BloodConnectAPI.Services.csproj]
C:\Users\Masoud\source\repos\BloodConnectAPI\BloodConnectAPI.Services\Implementations\PatientService.cs(24,39): error CS0246: The type or namespace name 'PatientDto' could not be found (are you missing a using directive or an assembly reference?) [C:\Users\Masoud\source\repos\BloodConnectAPI\BloodConnectAPI.Services\BloodConnectAPI.Services.csproj]
C:\Users\Masoud\source\repos\BloodConnectAPI\BloodConnectAPI.Services\Interfaces\IReportService.cs(25,26): error CS0246: The type or namespace name 'DonorStatisticsDto' could not be found (are you missing a using directive or an assembly reference?) [C:\Users\Masoud\source\repos\BloodConnectAPI\BloodConnectAPI.Services\BloodConnectAPI.Services.csproj]
C:\Users\Masoud\source\repos\BloodConnectAPI\BloodConnectAPI.Services\Interfaces\IDonorService.cs(22,38): error CS0246: The type or namespace name 'DonorDto' could not be found (are you missing a using directive or an assembly reference?) [C:\Users\Masoud\source\repos\BloodConnectAPI\BloodConnectAPI.Services\BloodConnectAPI.Services.csproj]
C:\Users\Masoud\source\repos\BloodConnectAPI\BloodConnectAPI.Services\Interfaces\IPatientService.cs(14,38): error CS0246: The type or namespace name 'PatientDto' could not be found (are you missing a using directive or an assembly reference?) [C:\Users\Masoud\source\repos\BloodConnectAPI\BloodConnectAPI.Services\BloodConnectAPI.Services.csproj]
C:\Users\Masoud\source\repos\BloodConnectAPI\BloodConnectAPI.Services\Implementations\BloodRequestService.cs(197,39): error CS0246: The type or namespace name 'BloodRequestResponseDto' could not be found (are you missing a using directive or an assembly reference?) [C:\Users\Masoud\source\repos\BloodConnectAPI\BloodConnectAPI.Services\BloodConnectAPI.Services.csproj]
C:\Users\Masoud\source\repos\BloodConnectAPI\BloodConnectAPI.Services\Implementations\DonorResponseService.cs(17,22): error CS0246: The type or namespace name 'IUnitOfWork' could not be found (are you missing a using directive or an assembly reference?) [C:\Users\Masoud\source\repos\BloodConnectAPI\BloodConnectAPI.Services\BloodConnectAPI.Services.csproj]
C:\Users\Masoud\source\repos\BloodConnectAPI\BloodConnectAPI.Services\Implementations\DonationService.cs(16,22): error CS0246: The type or namespace name 'IUnitOfWork' could not be found (are you missing a using directive or an assembly reference?) [C:\Users\Masoud\source\repos\BloodConnectAPI\BloodConnectAPI.Services\BloodConnectAPI.Services.csproj]
C:\Users\Masoud\source\repos\BloodConnectAPI\BloodConnectAPI.Services\Implementations\DonorService.cs(301,39): error CS0246: The type or namespace name 'DonorDto' could not be found (are you missing a using directive or an assembly reference?) [C:\Users\Masoud\source\repos\BloodConnectAPI\BloodConnectAPI.Services\BloodConnectAPI.Services.csproj]
C:\Users\Masoud\source\repos\BloodConnectAPI\BloodConnectAPI.Services\Implementations\PatientService.cs(35,51): error CS0246: The type or namespace name 'PatientDto' could not be found (are you missing a using directive or an assembly reference?) [C:\Users\Masoud\source\repos\BloodConnectAPI\BloodConnectAPI.Services\BloodConnectAPI.Services.csproj]
C:\Users\Masoud\source\repos\BloodConnectAPI\BloodConnectAPI.Services\Interfaces\IReportService.cs(32,26): error CS0246: The type or namespace name 'ActiveVsInactiveDonorsDto' could not be found (are you missing a using directive or an assembly reference?) [C:\Users\Masoud\source\repos\BloodConnectAPI\BloodConnectAPI.Services\BloodConnectAPI.Services.csproj]
C:\Users\Masoud\source\repos\BloodConnectAPI\BloodConnectAPI.Services\Interfaces\IDonorService.cs(24,26): error CS0246: The type or namespace name 'DonorDto' could not be found (are you missing a using directive or an assembly reference?) [C:\Users\Masoud\source\repos\BloodConnectAPI\BloodConnectAPI.Services\BloodConnectAPI.Services.csproj]
C:\Users\Masoud\source\repos\BloodConnectAPI\BloodConnectAPI.Services\Implementations\DonorResponseService.cs(18,22): error CS0246: The type or namespace name 'IMapper' could not be found (are you missing a using directive or an assembly reference?) [C:\Users\Masoud\source\repos\BloodConnectAPI\BloodConnectAPI.Services\BloodConnectAPI.Services.csproj]
C:\Users\Masoud\source\repos\BloodConnectAPI\BloodConnectAPI.Services\Implementations\DonationService.cs(18,22): error CS0246: The type or namespace name 'IMapper' could not be found (are you missing a using directive or an assembly reference?) [C:\Users\Masoud\source\repos\BloodConnectAPI\BloodConnectAPI.Services\BloodConnectAPI.Services.csproj]
C:\Users\Masoud\source\repos\BloodConnectAPI\BloodConnectAPI.Services\Implementations\BloodRequestService.cs(18,22): error CS0246: The type or namespace name 'IUnitOfWork' could not be found (are you missing a using directive or an assembly reference?) [C:\Users\Masoud\source\repos\BloodConnectAPI\BloodConnectAPI.Services\BloodConnectAPI.Services.csproj]
C:\Users\Masoud\source\repos\BloodConnectAPI\BloodConnectAPI.Services\Interfaces\IInventoryService.cs(26,84): error CS0246: The type or namespace name 'BloodUnitStatus' could not be found (are you missing a using directive or an assembly reference?) [C:\Users\Masoud\source\repos\BloodConnectAPI\BloodConnectAPI.Services\BloodConnectAPI.Services.csproj]
C:\Users\Masoud\source\repos\BloodConnectAPI\BloodConnectAPI.Services\Interfaces\IInventoryService.cs(26,26): error CS0246: The type or namespace name 'BloodInventoryItemDto' could not be found (are you missing a using directive or an assembly reference?) [C:\Users\Masoud\source\repos\BloodConnectAPI\BloodConnectAPI.Services\BloodConnectAPI.Services.csproj]
C:\Users\Masoud\source\repos\BloodConnectAPI\BloodConnectAPI.Services\Interfaces\IDonorService.cs(32,26): error CS0246: The type or namespace name 'DonorDto' could not be found (are you missing a using directive or an assembly reference?) [C:\Users\Masoud\source\repos\BloodConnectAPI\BloodConnectAPI.Services\BloodConnectAPI.Services.csproj]
C:\Users\Masoud\source\repos\BloodConnectAPI\BloodConnectAPI.Services\Interfaces\IPatientService.cs(15,51): error CS0246: The type or namespace name 'CreatePatientDto' could not be found (are you missing a using directive or an assembly reference?) [C:\Users\Masoud\source\repos\BloodConnectAPI\BloodConnectAPI.Services\BloodConnectAPI.Services.csproj]
C:\Users\Masoud\source\repos\BloodConnectAPI\BloodConnectAPI.Services\Interfaces\IPatientService.cs(15,26): error CS0246: The type or namespace name 'PatientDto' could not be found (are you missing a using directive or an assembly reference?) [C:\Users\Masoud\source\repos\BloodConnectAPI\BloodConnectAPI.Services\BloodConnectAPI.Services.csproj]
C:\Users\Masoud\source\repos\BloodConnectAPI\BloodConnectAPI.Services\Interfaces\IReportService.cs(40,94): error CS0234: The type or namespace name 'Models' does not exist in the namespace 'BloodConnectAPI' (are you missing an assembly reference?) [C:\Users\Masoud\source\repos\BloodConnectAPI\BloodConnectAPI.Services\BloodConnectAPI.Services.csproj]
C:\Users\Masoud\source\repos\BloodConnectAPI\BloodConnectAPI.Services\Interfaces\IReportService.cs(40,38): error CS0246: The type or namespace name 'DonorsByCityDto' could not be found (are you missing a using directive or an assembly reference?) [C:\Users\Masoud\source\repos\BloodConnectAPI\BloodConnectAPI.Services\BloodConnectAPI.Services.csproj]
C:\Users\Masoud\source\repos\BloodConnectAPI\BloodConnectAPI.Services\Implementations\DonorService.cs(313,81): error CS0246: The type or namespace name 'ApproveDonorDto' could not be found (are you missing a using directive or an assembly reference?) [C:\Users\Masoud\source\repos\BloodConnectAPI\BloodConnectAPI.Services\BloodConnectAPI.Services.csproj]
C:\Users\Masoud\source\repos\BloodConnectAPI\BloodConnectAPI.Services\Implementations\DonorService.cs(313,39): error CS0246: The type or namespace name 'DonorDto' could not be found (are you missing a using directive or an assembly reference?) [C:\Users\Masoud\source\repos\BloodConnectAPI\BloodConnectAPI.Services\BloodConnectAPI.Services.csproj]
C:\Users\Masoud\source\repos\BloodConnectAPI\BloodConnectAPI.Services\Implementations\BloodRequestService.cs(19,22): error CS0246: The type or namespace name 'IMapper' could not be found (are you missing a using directive or an assembly reference?) [C:\Users\Masoud\source\repos\BloodConnectAPI\BloodConnectAPI.Services\BloodConnectAPI.Services.csproj]
C:\Users\Masoud\source\repos\BloodConnectAPI\BloodConnectAPI.Services\Implementations\InventoryService.cs(16,22): error CS0246: The type or namespace name 'IUnitOfWork' could not be found (are you missing a using directive or an assembly reference?) [C:\Users\Masoud\source\repos\BloodConnectAPI\BloodConnectAPI.Services\BloodConnectAPI.Services.csproj]
C:\Users\Masoud\source\repos\BloodConnectAPI\BloodConnectAPI.Services\Implementations\PatientService.cs(61,64): error CS0246: The type or namespace name 'CreatePatientDto' could not be found (are you missing a using directive or an assembly reference?) [C:\Users\Masoud\source\repos\BloodConnectAPI\BloodConnectAPI.Services\BloodConnectAPI.Services.csproj]
C:\Users\Masoud\source\repos\BloodConnectAPI\BloodConnectAPI.Services\Implementations\PatientService.cs(61,39): error CS0246: The type or namespace name 'PatientDto' could not be found (are you missing a using directive or an assembly reference?) [C:\Users\Masoud\source\repos\BloodConnectAPI\BloodConnectAPI.Services\BloodConnectAPI.Services.csproj]
C:\Users\Masoud\source\repos\BloodConnectAPI\BloodConnectAPI.Services\Interfaces\IDonorService.cs(39,26): error CS0246: The type or namespace name 'DonorDto' could not be found (are you missing a using directive or an assembly reference?) [C:\Users\Masoud\source\repos\BloodConnectAPI\BloodConnectAPI.Services\BloodConnectAPI.Services.csproj]
C:\Users\Masoud\source\repos\BloodConnectAPI\BloodConnectAPI.Services\Implementations\DonorResponseService.cs(20,33): error CS0246: The type or namespace name 'IUnitOfWork' could not be found (are you missing a using directive or an assembly reference?) [C:\Users\Masoud\source\repos\BloodConnectAPI\BloodConnectAPI.Services\BloodConnectAPI.Services.csproj]
C:\Users\Masoud\source\repos\BloodConnectAPI\BloodConnectAPI.Services\Implementations\DonorResponseService.cs(20,57): error CS0246: The type or namespace name 'IMapper' could not be found (are you missing a using directive or an assembly reference?) [C:\Users\Masoud\source\repos\BloodConnectAPI\BloodConnectAPI.Services\BloodConnectAPI.Services.csproj]
C:\Users\Masoud\source\repos\BloodConnectAPI\BloodConnectAPI.Services\Interfaces\IReportService.cs(47,31): error CS0246: The type or namespace name 'EligibleDonorsByBloodTypeDto' could not be found (are you missing a using directive or an assembly reference?) [C:\Users\Masoud\source\repos\BloodConnectAPI\BloodConnectAPI.Services\BloodConnectAPI.Services.csproj]
C:\Users\Masoud\source\repos\BloodConnectAPI\BloodConnectAPI.Services\Implementations\DonationService.cs(20,28): error CS0246: The type or namespace name 'IUnitOfWork' could not be found (are you missing a using directive or an assembly reference?) [C:\Users\Masoud\source\repos\BloodConnectAPI\BloodConnectAPI.Services\BloodConnectAPI.Services.csproj]
C:\Users\Masoud\source\repos\BloodConnectAPI\BloodConnectAPI.Services\Implementations\DonationService.cs(20,88): error CS0246: The type or namespace name 'IMapper' could not be found (are you missing a using directive or an assembly reference?) [C:\Users\Masoud\source\repos\BloodConnectAPI\BloodConnectAPI.Services\BloodConnectAPI.Services.csproj]
C:\Users\Masoud\source\repos\BloodConnectAPI\BloodConnectAPI.Services\Interfaces\IUserService.cs(12,26): error CS0246: The type or namespace name 'ApplicationUserDto' could not be found (are you missing a using directive or an assembly reference?) [C:\Users\Masoud\source\repos\BloodConnectAPI\BloodConnectAPI.Services\BloodConnectAPI.Services.csproj]
C:\Users\Masoud\source\repos\BloodConnectAPI\BloodConnectAPI.Services\Implementations\InventoryService.cs(17,22): error CS0246: The type or namespace name 'IMapper' could not be found (are you missing a using directive or an assembly reference?) [C:\Users\Masoud\source\repos\BloodConnectAPI\BloodConnectAPI.Services\BloodConnectAPI.Services.csproj]
C:\Users\Masoud\source\repos\BloodConnectAPI\BloodConnectAPI.Services\Interfaces\IDonorService.cs(46,26): error CS0246: The type or namespace name 'DonorDto' could not be found (are you missing a using directive or an assembly reference?) [C:\Users\Masoud\source\repos\BloodConnectAPI\BloodConnectAPI.Services\BloodConnectAPI.Services.csproj]
C:\Users\Masoud\source\repos\BloodConnectAPI\BloodConnectAPI.Services\Interfaces\IPatientService.cs(16,59): error CS0246: The type or namespace name 'UpdatePatientDto' could not be found (are you missing a using directive or an assembly reference?) [C:\Users\Masoud\source\repos\BloodConnectAPI\BloodConnectAPI.Services\BloodConnectAPI.Services.csproj]
C:\Users\Masoud\source\repos\BloodConnectAPI\BloodConnectAPI.Services\Interfaces\IPatientService.cs(16,26): error CS0246: The type or namespace name 'PatientDto' could not be found (are you missing a using directive or an assembly reference?) [C:\Users\Masoud\source\repos\BloodConnectAPI\BloodConnectAPI.Services\BloodConnectAPI.Services.csproj]
C:\Users\Masoud\source\repos\BloodConnectAPI\BloodConnectAPI.Services\Implementations\AuthService.cs(24,9): error CS0246: The type or namespace name 'UserManager<>' could not be found (are you missing a using directive or an assembly reference?) [C:\Users\Masoud\source\repos\BloodConnectAPI\BloodConnectAPI.Services\BloodConnectAPI.Services.csproj]
C:\Users\Masoud\source\repos\BloodConnectAPI\BloodConnectAPI.Services\Implementations\AuthService.cs(24,21): error CS0246: The type or namespace name 'ApplicationUser' could not be found (are you missing a using directive or an assembly reference?) [C:\Users\Masoud\source\repos\BloodConnectAPI\BloodConnectAPI.Services\BloodConnectAPI.Services.csproj]
C:\Users\Masoud\source\repos\BloodConnectAPI\BloodConnectAPI.Services\Implementations\AuthService.cs(25,9): error CS0246: The type or namespace name 'SignInManager<>' could not be found (are you missing a using directive or an assembly reference?) [C:\Users\Masoud\source\repos\BloodConnectAPI\BloodConnectAPI.Services\BloodConnectAPI.Services.csproj]
C:\Users\Masoud\source\repos\BloodConnectAPI\BloodConnectAPI.Services\Implementations\AuthService.cs(25,23): error CS0246: The type or namespace name 'ApplicationUser' could not be found (are you missing a using directive or an assembly reference?) [C:\Users\Masoud\source\repos\BloodConnectAPI\BloodConnectAPI.Services\BloodConnectAPI.Services.csproj]
C:\Users\Masoud\source\repos\BloodConnectAPI\BloodConnectAPI.Services\Implementations\AuthService.cs(26,9): error CS0246: The type or namespace name 'IConfiguration' could not be found (are you missing a using directive or an assembly reference?) [C:\Users\Masoud\source\repos\BloodConnectAPI\BloodConnectAPI.Services\BloodConnectAPI.Services.csproj]
C:\Users\Masoud\source\repos\BloodConnectAPI\BloodConnectAPI.Services\Interfaces\IUserService.cs(13,38): error CS0246: The type or namespace name 'ApplicationUserDto' could not be found (are you missing a using directive or an assembly reference?) [C:\Users\Masoud\source\repos\BloodConnectAPI\BloodConnectAPI.Services\BloodConnectAPI.Services.csproj]
C:\Users\Masoud\source\repos\BloodConnectAPI\BloodConnectAPI.Services\Implementations\BloodRequestService.cs(21,32): error CS0246: The type or namespace name 'IUnitOfWork' could not be found (are you missing a using directive or an assembly reference?) [C:\Users\Masoud\source\repos\BloodConnectAPI\BloodConnectAPI.Services\BloodConnectAPI.Services.csproj]
C:\Users\Masoud\source\repos\BloodConnectAPI\BloodConnectAPI.Services\Implementations\BloodRequestService.cs(21,56): error CS0246: The type or namespace name 'IMapper' could not be found (are you missing a using directive or an assembly reference?) [C:\Users\Masoud\source\repos\BloodConnectAPI\BloodConnectAPI.Services\BloodConnectAPI.Services.csproj]
C:\Users\Masoud\source\repos\BloodConnectAPI\BloodConnectAPI.Services\Implementations\DonorService.cs(345,88): error CS0246: The type or namespace name 'DonorApprovalStatus' could not be found (are you missing a using directive or an assembly reference?) [C:\Users\Masoud\source\repos\BloodConnectAPI\BloodConnectAPI.Services\BloodConnectAPI.Services.csproj]
C:\Users\Masoud\source\repos\BloodConnectAPI\BloodConnectAPI.Services\Implementations\DonorService.cs(345,51): error CS0246: The type or namespace name 'DonorDto' could not be found (are you missing a using directive or an assembly reference?) [C:\Users\Masoud\source\repos\BloodConnectAPI\BloodConnectAPI.Services\BloodConnectAPI.Services.csproj]
C:\Users\Masoud\source\repos\BloodConnectAPI\BloodConnectAPI.Services\Implementations\PatientService.cs(77,72): error CS0246: The type or namespace name 'UpdatePatientDto' could not be found (are you missing a using directive or an assembly reference?) [C:\Users\Masoud\source\repos\BloodConnectAPI\BloodConnectAPI.Services\BloodConnectAPI.Services.csproj]
C:\Users\Masoud\source\repos\BloodConnectAPI\BloodConnectAPI.Services\Implementations\PatientService.cs(77,39): error CS0246: The type or namespace name 'PatientDto' could not be found (are you missing a using directive or an assembly reference?) [C:\Users\Masoud\source\repos\BloodConnectAPI\BloodConnectAPI.Services\BloodConnectAPI.Services.csproj]
C:\Users\Masoud\source\repos\BloodConnectAPI\BloodConnectAPI.Services\Interfaces\IPatientService.cs(20,26): error CS0246: The type or namespace name 'PatientDto' could not be found (are you missing a using directive or an assembly reference?) [C:\Users\Masoud\source\repos\BloodConnectAPI\BloodConnectAPI.Services\BloodConnectAPI.Services.csproj]
C:\Users\Masoud\source\repos\BloodConnectAPI\BloodConnectAPI.Services\Implementations\UserService.cs(34,39): error CS0246: The type or namespace name 'ApplicationUserDto' could not be found (are you missing a using directive or an assembly reference?) [C:\Users\Masoud\source\repos\BloodConnectAPI\BloodConnectAPI.Services\BloodConnectAPI.Services.csproj]
C:\Users\Masoud\source\repos\BloodConnectAPI\BloodConnectAPI.Services\Interfaces\IReportService.cs(60,85): error CS0246: The type or namespace name 'DateFilterDto' could not be found (are you missing a using directive or an assembly reference?) [C:\Users\Masoud\source\repos\BloodConnectAPI\BloodConnectAPI.Services\BloodConnectAPI.Services.csproj]
C:\Users\Masoud\source\repos\BloodConnectAPI\BloodConnectAPI.Services\Interfaces\IReportService.cs(60,31): error CS0246: The type or namespace name 'DonationsByPeriodDto' could not be found (are you missing a using directive or an assembly reference?) [C:\Users\Masoud\source\repos\BloodConnectAPI\BloodConnectAPI.Services\BloodConnectAPI.Services.csproj]
C:\Users\Masoud\source\repos\BloodConnectAPI\BloodConnectAPI.Services\Implementations\ReportService.cs(35,39): error CS0246: The type or namespace name 'DonorStatisticsDto' could not be found (are you missing a using directive or an assembly reference?) [C:\Users\Masoud\source\repos\BloodConnectAPI\BloodConnectAPI.Services\BloodConnectAPI.Services.csproj]
C:\Users\Masoud\source\repos\BloodConnectAPI\BloodConnectAPI.Services\Interfaces\IDonorService.cs(49,68): error CS0246: The type or namespace name 'ApproveDonorDto' could not be found (are you missing a using directive or an assembly reference?) [C:\Users\Masoud\source\repos\BloodConnectAPI\BloodConnectAPI.Services\BloodConnectAPI.Services.csproj]
C:\Users\Masoud\source\repos\BloodConnectAPI\BloodConnectAPI.Services\Interfaces\IDonorService.cs(49,26): error CS0246: The type or namespace name 'DonorDto' could not be found (are you missing a using directive or an assembly reference?) [C:\Users\Masoud\source\repos\BloodConnectAPI\BloodConnectAPI.Services\BloodConnectAPI.Services.csproj]
C:\Users\Masoud\source\repos\BloodConnectAPI\BloodConnectAPI.Services\Implementations\InventoryService.cs(19,29): error CS0246: The type or namespace name 'IUnitOfWork' could not be found (are you missing a using directive or an assembly reference?) [C:\Users\Masoud\source\repos\BloodConnectAPI\BloodConnectAPI.Services\BloodConnectAPI.Services.csproj]
C:\Users\Masoud\source\repos\BloodConnectAPI\BloodConnectAPI.Services\Implementations\InventoryService.cs(19,53): error CS0246: The type or namespace name 'IMapper' could not be found (are you missing a using directive or an assembly reference?) [C:\Users\Masoud\source\repos\BloodConnectAPI\BloodConnectAPI.Services\BloodConnectAPI.Services.csproj]
C:\Users\Masoud\source\repos\BloodConnectAPI\BloodConnectAPI.Services\Implementations\DonorService.cs(368,51): error CS0246: The type or namespace name 'DonorMedicalDocumentDto' could not be found (are you missing a using directive or an assembly reference?) [C:\Users\Masoud\source\repos\BloodConnectAPI\BloodConnectAPI.Services\BloodConnectAPI.Services.csproj]
C:\Users\Masoud\source\repos\BloodConnectAPI\BloodConnectAPI.Services\Interfaces\IPatientService.cs(21,26): error CS0246: The type or namespace name 'PatientDto' could not be found (are you missing a using directive or an assembly reference?) [C:\Users\Masoud\source\repos\BloodConnectAPI\BloodConnectAPI.Services\BloodConnectAPI.Services.csproj]
C:\Users\Masoud\source\repos\BloodConnectAPI\BloodConnectAPI.Services\Implementations\PatientService.cs(108,39): error CS0246: The type or namespace name 'PatientDto' could not be found (are you missing a using directive or an assembly reference?) [C:\Users\Masoud\source\repos\BloodConnectAPI\BloodConnectAPI.Services\BloodConnectAPI.Services.csproj]
C:\Users\Masoud\source\repos\BloodConnectAPI\BloodConnectAPI.Services\Implementations\UserService.cs(58,51): error CS0246: The type or namespace name 'ApplicationUserDto' could not be found (are you missing a using directive or an assembly reference?) [C:\Users\Masoud\source\repos\BloodConnectAPI\BloodConnectAPI.Services\BloodConnectAPI.Services.csproj]
C:\Users\Masoud\source\repos\BloodConnectAPI\BloodConnectAPI.Services\Interfaces\IUserService.cs(14,70): error CS0246: The type or namespace name 'UpdateApplicationUserDto' could not be found (are you missing a using directive or an assembly reference?) [C:\Users\Masoud\source\repos\BloodConnectAPI\BloodConnectAPI.Services\BloodConnectAPI.Services.csproj]
C:\Users\Masoud\source\repos\BloodConnectAPI\BloodConnectAPI.Services\Interfaces\IUserService.cs(14,26): error CS0246: The type or namespace name 'ApplicationUserDto' could not be found (are you missing a using directive or an assembly reference?) [C:\Users\Masoud\source\repos\BloodConnectAPI\BloodConnectAPI.Services\BloodConnectAPI.Services.csproj]
C:\Users\Masoud\source\repos\BloodConnectAPI\BloodConnectAPI.Services\Implementations\ReportService.cs(67,39): error CS0246: The type or namespace name 'ActiveVsInactiveDonorsDto' could not be found (are you missing a using directive or an assembly reference?) [C:\Users\Masoud\source\repos\BloodConnectAPI\BloodConnectAPI.Services\BloodConnectAPI.Services.csproj]
C:\Users\Masoud\source\repos\BloodConnectAPI\BloodConnectAPI.Services\Implementations\PatientService.cs(119,39): error CS0246: The type or namespace name 'PatientDto' could not be found (are you missing a using directive or an assembly reference?) [C:\Users\Masoud\source\repos\BloodConnectAPI\BloodConnectAPI.Services\BloodConnectAPI.Services.csproj]
C:\Users\Masoud\source\repos\BloodConnectAPI\BloodConnectAPI.Services\Interfaces\IReportService.cs(68,80): error CS0246: The type or namespace name 'DateFilterDto' could not be found (are you missing a using directive or an assembly reference?) [C:\Users\Masoud\source\repos\BloodConnectAPI\BloodConnectAPI.Services\BloodConnectAPI.Services.csproj]
C:\Users\Masoud\source\repos\BloodConnectAPI\BloodConnectAPI.Services\Interfaces\IReportService.cs(68,31): error CS0246: The type or namespace name 'BloodQuantityDto' could not be found (are you missing a using directive or an assembly reference?) [C:\Users\Masoud\source\repos\BloodConnectAPI\BloodConnectAPI.Services\BloodConnectAPI.Services.csproj]
C:\Users\Masoud\source\repos\BloodConnectAPI\BloodConnectAPI.Services\Interfaces\IDonorService.cs(50,75): error CS0246: The type or namespace name 'DonorApprovalStatus' could not be found (are you missing a using directive or an assembly reference?) [C:\Users\Masoud\source\repos\BloodConnectAPI\BloodConnectAPI.Services\BloodConnectAPI.Services.csproj]
C:\Users\Masoud\source\repos\BloodConnectAPI\BloodConnectAPI.Services\Interfaces\IDonorService.cs(50,38): error CS0246: The type or namespace name 'DonorDto' could not be found (are you missing a using directive or an assembly reference?) [C:\Users\Masoud\source\repos\BloodConnectAPI\BloodConnectAPI.Services\BloodConnectAPI.Services.csproj]
C:\Users\Masoud\source\repos\BloodConnectAPI\BloodConnectAPI.Services\Implementations\ReportService.cs(94,107): error CS0234: The type or namespace name 'Models' does not exist in the namespace 'BloodConnectAPI' (are you missing an assembly reference?) [C:\Users\Masoud\source\repos\BloodConnectAPI\BloodConnectAPI.Services\BloodConnectAPI.Services.csproj]
C:\Users\Masoud\source\repos\BloodConnectAPI\BloodConnectAPI.Services\Implementations\ReportService.cs(94,51): error CS0246: The type or namespace name 'DonorsByCityDto' could not be found (are you missing a using directive or an assembly reference?) [C:\Users\Masoud\source\repos\BloodConnectAPI\BloodConnectAPI.Services\BloodConnectAPI.Services.csproj]
C:\Users\Masoud\source\repos\BloodConnectAPI\BloodConnectAPI.Services\Interfaces\IUserService.cs(28,26): error CS0246: The type or namespace name 'ApplicationUserDto' could not be found (are you missing a using directive or an assembly reference?) [C:\Users\Masoud\source\repos\BloodConnectAPI\BloodConnectAPI.Services\BloodConnectAPI.Services.csproj]
C:\Users\Masoud\source\repos\BloodConnectAPI\BloodConnectAPI.Services\Implementations\UserService.cs(109,83): error CS0246: The type or namespace name 'UpdateApplicationUserDto' could not be found (are you missing a using directive or an assembly reference?) [C:\Users\Masoud\source\repos\BloodConnectAPI\BloodConnectAPI.Services\BloodConnectAPI.Services.csproj]
C:\Users\Masoud\source\repos\BloodConnectAPI\BloodConnectAPI.Services\Implementations\UserService.cs(109,39): error CS0246: The type or namespace name 'ApplicationUserDto' could not be found (are you missing a using directive or an assembly reference?) [C:\Users\Masoud\source\repos\BloodConnectAPI\BloodConnectAPI.Services\BloodConnectAPI.Services.csproj]
C:\Users\Masoud\source\repos\BloodConnectAPI\BloodConnectAPI.Services\Implementations\PatientService.cs(15,22): error CS0246: The type or namespace name 'IUnitOfWork' could not be found (are you missing a using directive or an assembly reference?) [C:\Users\Masoud\source\repos\BloodConnectAPI\BloodConnectAPI.Services\BloodConnectAPI.Services.csproj]
C:\Users\Masoud\source\repos\BloodConnectAPI\BloodConnectAPI.Services\Interfaces\IDonorService.cs(53,38): error CS0246: The type or namespace name 'DonorMedicalDocumentDto' could not be found (are you missing a using directive or an assembly reference?) [C:\Users\Masoud\source\repos\BloodConnectAPI\BloodConnectAPI.Services\BloodConnectAPI.Services.csproj]
C:\Users\Masoud\source\repos\BloodConnectAPI\BloodConnectAPI.Services\Implementations\ReportService.cs(130,44): error CS0246: The type or namespace name 'EligibleDonorsByBloodTypeDto' could not be found (are you missing a using directive or an assembly reference?) [C:\Users\Masoud\source\repos\BloodConnectAPI\BloodConnectAPI.Services\BloodConnectAPI.Services.csproj]
C:\Users\Masoud\source\repos\BloodConnectAPI\BloodConnectAPI.Services\Interfaces\IReportService.cs(76,79): error CS0246: The type or namespace name 'DateFilterDto' could not be found (are you missing a using directive or an assembly reference?) [C:\Users\Masoud\source\repos\BloodConnectAPI\BloodConnectAPI.Services\BloodConnectAPI.Services.csproj]
C:\Users\Masoud\source\repos\BloodConnectAPI\BloodConnectAPI.Services\Interfaces\IReportService.cs(76,26): error CS0246: The type or namespace name 'DonationTestResultsDto' could not be found (are you missing a using directive or an assembly reference?) [C:\Users\Masoud\source\repos\BloodConnectAPI\BloodConnectAPI.Services\BloodConnectAPI.Services.csproj]
C:\Users\Masoud\source\repos\BloodConnectAPI\BloodConnectAPI.Services\Implementations\PatientService.cs(16,22): error CS0246: The type or namespace name 'IMapper' could not be found (are you missing a using directive or an assembly reference?) [C:\Users\Masoud\source\repos\BloodConnectAPI\BloodConnectAPI.Services\BloodConnectAPI.Services.csproj]
C:\Users\Masoud\source\repos\BloodConnectAPI\BloodConnectAPI.Services\Implementations\DonorService.cs(17,22): error CS0246: The type or namespace name 'IUnitOfWork' could not be found (are you missing a using directive or an assembly reference?) [C:\Users\Masoud\source\repos\BloodConnectAPI\BloodConnectAPI.Services\BloodConnectAPI.Services.csproj]
C:\Users\Masoud\source\repos\BloodConnectAPI\BloodConnectAPI.Services\Implementations\UserService.cs(226,39): error CS0246: The type or namespace name 'ApplicationUserDto' could not be found (are you missing a using directive or an assembly reference?) [C:\Users\Masoud\source\repos\BloodConnectAPI\BloodConnectAPI.Services\BloodConnectAPI.Services.csproj]
C:\Users\Masoud\source\repos\BloodConnectAPI\BloodConnectAPI.Services\Implementations\DonorService.cs(18,22): error CS0246: The type or namespace name 'IMapper' could not be found (are you missing a using directive or an assembly reference?) [C:\Users\Masoud\source\repos\BloodConnectAPI\BloodConnectAPI.Services\BloodConnectAPI.Services.csproj]
C:\Users\Masoud\source\repos\BloodConnectAPI\BloodConnectAPI.Services\Implementations\ReportService.cs(163,98): error CS0246: The type or namespace name 'DateFilterDto' could not be found (are you missing a using directive or an assembly reference?) [C:\Users\Masoud\source\repos\BloodConnectAPI\BloodConnectAPI.Services\BloodConnectAPI.Services.csproj]
C:\Users\Masoud\source\repos\BloodConnectAPI\BloodConnectAPI.Services\Implementations\ReportService.cs(163,44): error CS0246: The type or namespace name 'DonationsByPeriodDto' could not be found (are you missing a using directive or an assembly reference?) [C:\Users\Masoud\source\repos\BloodConnectAPI\BloodConnectAPI.Services\BloodConnectAPI.Services.csproj]
C:\Users\Masoud\source\repos\BloodConnectAPI\BloodConnectAPI.Services\Interfaces\IReportService.cs(84,87): error CS0246: The type or namespace name 'DateFilterDto' could not be found (are you missing a using directive or an assembly reference?) [C:\Users\Masoud\source\repos\BloodConnectAPI\BloodConnectAPI.Services\BloodConnectAPI.Services.csproj]
C:\Users\Masoud\source\repos\BloodConnectAPI\BloodConnectAPI.Services\Interfaces\IReportService.cs(84,31): error CS0246: The type or namespace name 'DonationsByBloodTypeDto' could not be found (are you missing a using directive or an assembly reference?) [C:\Users\Masoud\source\repos\BloodConnectAPI\BloodConnectAPI.Services\BloodConnectAPI.Services.csproj]
C:\Users\Masoud\source\repos\BloodConnectAPI\BloodConnectAPI.Services\Implementations\PatientService.cs(18,27): error CS0246: The type or namespace name 'IUnitOfWork' could not be found (are you missing a using directive or an assembly reference?) [C:\Users\Masoud\source\repos\BloodConnectAPI\BloodConnectAPI.Services\BloodConnectAPI.Services.csproj]
C:\Users\Masoud\source\repos\BloodConnectAPI\BloodConnectAPI.Services\Implementations\PatientService.cs(18,51): error CS0246: The type or namespace name 'IMapper' could not be found (are you missing a using directive or an assembly reference?) [C:\Users\Masoud\source\repos\BloodConnectAPI\BloodConnectAPI.Services\BloodConnectAPI.Services.csproj]
C:\Users\Masoud\source\repos\BloodConnectAPI\BloodConnectAPI.Services\Implementations\UserService.cs(17,22): error CS0246: The type or namespace name 'UserManager<>' could not be found (are you missing a using directive or an assembly reference?) [C:\Users\Masoud\source\repos\BloodConnectAPI\BloodConnectAPI.Services\BloodConnectAPI.Services.csproj]
C:\Users\Masoud\source\repos\BloodConnectAPI\BloodConnectAPI.Services\Implementations\UserService.cs(17,34): error CS0246: The type or namespace name 'ApplicationUser' could not be found (are you missing a using directive or an assembly reference?) [C:\Users\Masoud\source\repos\BloodConnectAPI\BloodConnectAPI.Services\BloodConnectAPI.Services.csproj]
C:\Users\Masoud\source\repos\BloodConnectAPI\BloodConnectAPI.Services\Implementations\DonorService.cs(19,22): error CS0246: The type or namespace name 'UserManager<>' could not be found (are you missing a using directive or an assembly reference?) [C:\Users\Masoud\source\repos\BloodConnectAPI\BloodConnectAPI.Services\BloodConnectAPI.Services.csproj]
C:\Users\Masoud\source\repos\BloodConnectAPI\BloodConnectAPI.Services\Implementations\DonorService.cs(19,34): error CS0246: The type or namespace name 'ApplicationUser' could not be found (are you missing a using directive or an assembly reference?) [C:\Users\Masoud\source\repos\BloodConnectAPI\BloodConnectAPI.Services\BloodConnectAPI.Services.csproj]
C:\Users\Masoud\source\repos\BloodConnectAPI\BloodConnectAPI.Services\Implementations\ReportService.cs(201,56): error CS0246: The type or namespace name 'Donation' could not be found (are you missing a using directive or an assembly reference?) [C:\Users\Masoud\source\repos\BloodConnectAPI\BloodConnectAPI.Services\BloodConnectAPI.Services.csproj]
C:\Users\Masoud\source\repos\BloodConnectAPI\BloodConnectAPI.Services\Implementations\ReportService.cs(201,18): error CS0246: The type or namespace name 'DonationsByPeriodDto' could not be found (are you missing a using directive or an assembly reference?) [C:\Users\Masoud\source\repos\BloodConnectAPI\BloodConnectAPI.Services\BloodConnectAPI.Services.csproj]
C:\Users\Masoud\source\repos\BloodConnectAPI\BloodConnectAPI.Services\Interfaces\IReportService.cs(93,78): error CS0246: The type or namespace name 'DateFilterDto' could not be found (are you missing a using directive or an assembly reference?) [C:\Users\Masoud\source\repos\BloodConnectAPI\BloodConnectAPI.Services\BloodConnectAPI.Services.csproj]
C:\Users\Masoud\source\repos\BloodConnectAPI\BloodConnectAPI.Services\Interfaces\IReportService.cs(93,31): error CS0246: The type or namespace name 'MostActiveDonorDto' could not be found (are you missing a using directive or an assembly reference?) [C:\Users\Masoud\source\repos\BloodConnectAPI\BloodConnectAPI.Services\BloodConnectAPI.Services.csproj]
C:\Users\Masoud\source\repos\BloodConnectAPI\BloodConnectAPI.Services\Interfaces\IReportService.cs(104,31): error CS0246: The type or namespace name 'InventoryAvailabilityDto' could not be found (are you missing a using directive or an assembly reference?) [C:\Users\Masoud\source\repos\BloodConnectAPI\BloodConnectAPI.Services\BloodConnectAPI.Services.csproj]
C:\Users\Masoud\source\repos\BloodConnectAPI\BloodConnectAPI.Services\Implementations\UserService.cs(18,22): error CS0246: The type or namespace name 'RoleManager<>' could not be found (are you missing a using directive or an assembly reference?) [C:\Users\Masoud\source\repos\BloodConnectAPI\BloodConnectAPI.Services\BloodConnectAPI.Services.csproj]
C:\Users\Masoud\source\repos\BloodConnectAPI\BloodConnectAPI.Services\Implementations\UserService.cs(18,34): error CS0246: The type or namespace name 'IdentityRole' could not be found (are you missing a using directive or an assembly reference?) [C:\Users\Masoud\source\repos\BloodConnectAPI\BloodConnectAPI.Services\BloodConnectAPI.Services.csproj]
C:\Users\Masoud\source\repos\BloodConnectAPI\BloodConnectAPI.Services\Implementations\ReportService.cs(216,57): error CS0246: The type or namespace name 'Donation' could not be found (are you missing a using directive or an assembly reference?) [C:\Users\Masoud\source\repos\BloodConnectAPI\BloodConnectAPI.Services\BloodConnectAPI.Services.csproj]
C:\Users\Masoud\source\repos\BloodConnectAPI\BloodConnectAPI.Services\Implementations\ReportService.cs(216,18): error CS0246: The type or namespace name 'DonationsByPeriodDto' could not be found (are you missing a using directive or an assembly reference?) [C:\Users\Masoud\source\repos\BloodConnectAPI\BloodConnectAPI.Services\BloodConnectAPI.Services.csproj]
C:\Users\Masoud\source\repos\BloodConnectAPI\BloodConnectAPI.Services\Implementations\UserService.cs(19,22): error CS0246: The type or namespace name 'IUnitOfWork' could not be found (are you missing a using directive or an assembly reference?) [C:\Users\Masoud\source\repos\BloodConnectAPI\BloodConnectAPI.Services\BloodConnectAPI.Services.csproj]
C:\Users\Masoud\source\repos\BloodConnectAPI\BloodConnectAPI.Services\Interfaces\IReportService.cs(111,31): error CS0246: The type or namespace name 'ExpiringBloodUnitsDto' could not be found (are you missing a using directive or an assembly reference?) [C:\Users\Masoud\source\repos\BloodConnectAPI\BloodConnectAPI.Services\BloodConnectAPI.Services.csproj]
C:\Users\Masoud\source\repos\BloodConnectAPI\BloodConnectAPI.Services\Implementations\DonorService.cs(21,25): error CS0246: The type or namespace name 'IUnitOfWork' could not be found (are you missing a using directive or an assembly reference?) [C:\Users\Masoud\source\repos\BloodConnectAPI\BloodConnectAPI.Services\BloodConnectAPI.Services.csproj]
C:\Users\Masoud\source\repos\BloodConnectAPI\BloodConnectAPI.Services\Implementations\DonorService.cs(21,49): error CS0246: The type or namespace name 'IMapper' could not be found (are you missing a using directive or an assembly reference?) [C:\Users\Masoud\source\repos\BloodConnectAPI\BloodConnectAPI.Services\BloodConnectAPI.Services.csproj]
C:\Users\Masoud\source\repos\BloodConnectAPI\BloodConnectAPI.Services\Implementations\DonorService.cs(21,65): error CS0246: The type or namespace name 'UserManager<>' could not be found (are you missing a using directive or an assembly reference?) [C:\Users\Masoud\source\repos\BloodConnectAPI\BloodConnectAPI.Services\BloodConnectAPI.Services.csproj]
C:\Users\Masoud\source\repos\BloodConnectAPI\BloodConnectAPI.Services\Implementations\DonorService.cs(21,77): error CS0246: The type or namespace name 'ApplicationUser' could not be found (are you missing a using directive or an assembly reference?) [C:\Users\Masoud\source\repos\BloodConnectAPI\BloodConnectAPI.Services\BloodConnectAPI.Services.csproj]
C:\Users\Masoud\source\repos\BloodConnectAPI\BloodConnectAPI.Services\Implementations\ReportService.cs(242,58): error CS0246: The type or namespace name 'Donation' could not be found (are you missing a using directive or an assembly reference?) [C:\Users\Masoud\source\repos\BloodConnectAPI\BloodConnectAPI.Services\BloodConnectAPI.Services.csproj]
C:\Users\Masoud\source\repos\BloodConnectAPI\BloodConnectAPI.Services\Implementations\ReportService.cs(242,18): error CS0246: The type or namespace name 'DonationsByPeriodDto' could not be found (are you missing a using directive or an assembly reference?) [C:\Users\Masoud\source\repos\BloodConnectAPI\BloodConnectAPI.Services\BloodConnectAPI.Services.csproj]
C:\Users\Masoud\source\repos\BloodConnectAPI\BloodConnectAPI.Services\Implementations\UserService.cs(20,22): error CS0246: The type or namespace name 'IMapper' could not be found (are you missing a using directive or an assembly reference?) [C:\Users\Masoud\source\repos\BloodConnectAPI\BloodConnectAPI.Services\BloodConnectAPI.Services.csproj]
C:\Users\Masoud\source\repos\BloodConnectAPI\BloodConnectAPI.Services\Interfaces\IReportService.cs(119,81): error CS0246: The type or namespace name 'DateFilterDto' could not be found (are you missing a using directive or an assembly reference?) [C:\Users\Masoud\source\repos\BloodConnectAPI\BloodConnectAPI.Services\BloodConnectAPI.Services.csproj]
C:\Users\Masoud\source\repos\BloodConnectAPI\BloodConnectAPI.Services\Interfaces\IReportService.cs(119,31): error CS0246: The type or namespace name 'ExpiredBloodUnitsDto' could not be found (are you missing a using directive or an assembly reference?) [C:\Users\Masoud\source\repos\BloodConnectAPI\BloodConnectAPI.Services\BloodConnectAPI.Services.csproj]
C:\Users\Masoud\source\repos\BloodConnectAPI\BloodConnectAPI.Services\Implementations\ReportService.cs(257,57): error CS0246: The type or namespace name 'Donation' could not be found (are you missing a using directive or an assembly reference?) [C:\Users\Masoud\source\repos\BloodConnectAPI\BloodConnectAPI.Services\BloodConnectAPI.Services.csproj]
C:\Users\Masoud\source\repos\BloodConnectAPI\BloodConnectAPI.Services\Implementations\ReportService.cs(257,18): error CS0246: The type or namespace name 'DonationsByPeriodDto' could not be found (are you missing a using directive or an assembly reference?) [C:\Users\Masoud\source\repos\BloodConnectAPI\BloodConnectAPI.Services\BloodConnectAPI.Services.csproj]
C:\Users\Masoud\source\repos\BloodConnectAPI\BloodConnectAPI.Services\Interfaces\IReportService.cs(127,86): error CS0246: The type or namespace name 'DateFilterDto' could not be found (are you missing a using directive or an assembly reference?) [C:\Users\Masoud\source\repos\BloodConnectAPI\BloodConnectAPI.Services\BloodConnectAPI.Services.csproj]
C:\Users\Masoud\source\repos\BloodConnectAPI\BloodConnectAPI.Services\Interfaces\IReportService.cs(127,31): error CS0246: The type or namespace name 'ConsumptionRateDto' could not be found (are you missing a using directive or an assembly reference?) [C:\Users\Masoud\source\repos\BloodConnectAPI\BloodConnectAPI.Services\BloodConnectAPI.Services.csproj]
C:\Users\Masoud\source\repos\BloodConnectAPI\BloodConnectAPI.Services\Implementations\ReportService.cs(291,93): error CS0246: The type or namespace name 'DateFilterDto' could not be found (are you missing a using directive or an assembly reference?) [C:\Users\Masoud\source\repos\BloodConnectAPI\BloodConnectAPI.Services\BloodConnectAPI.Services.csproj]
C:\Users\Masoud\source\repos\BloodConnectAPI\BloodConnectAPI.Services\Implementations\ReportService.cs(291,44): error CS0246: The type or namespace name 'BloodQuantityDto' could not be found (are you missing a using directive or an assembly reference?) [C:\Users\Masoud\source\repos\BloodConnectAPI\BloodConnectAPI.Services\BloodConnectAPI.Services.csproj]
C:\Users\Masoud\source\repos\BloodConnectAPI\BloodConnectAPI.Services\Interfaces\IReportService.cs(135,31): error CS0246: The type or namespace name 'LowInventoryAlertDto' could not be found (are you missing a using directive or an assembly reference?) [C:\Users\Masoud\source\repos\BloodConnectAPI\BloodConnectAPI.Services\BloodConnectAPI.Services.csproj]
C:\Users\Masoud\source\repos\BloodConnectAPI\BloodConnectAPI.Services\Implementations\ReportService.cs(335,92): error CS0246: The type or namespace name 'DateFilterDto' could not be found (are you missing a using directive or an assembly reference?) [C:\Users\Masoud\source\repos\BloodConnectAPI\BloodConnectAPI.Services\BloodConnectAPI.Services.csproj]
C:\Users\Masoud\source\repos\BloodConnectAPI\BloodConnectAPI.Services\Implementations\ReportService.cs(335,39): error CS0246: The type or namespace name 'DonationTestResultsDto' could not be found (are you missing a using directive or an assembly reference?) [C:\Users\Masoud\source\repos\BloodConnectAPI\BloodConnectAPI.Services\BloodConnectAPI.Services.csproj]
C:\Users\Masoud\source\repos\BloodConnectAPI\BloodConnectAPI.Services\Implementations\UserService.cs(23,9): error CS0246: The type or namespace name 'UserManager<>' could not be found (are you missing a using directive or an assembly reference?) [C:\Users\Masoud\source\repos\BloodConnectAPI\BloodConnectAPI.Services\BloodConnectAPI.Services.csproj]
C:\Users\Masoud\source\repos\BloodConnectAPI\BloodConnectAPI.Services\Implementations\UserService.cs(23,21): error CS0246: The type or namespace name 'ApplicationUser' could not be found (are you missing a using directive or an assembly reference?) [C:\Users\Masoud\source\repos\BloodConnectAPI\BloodConnectAPI.Services\BloodConnectAPI.Services.csproj]
C:\Users\Masoud\source\repos\BloodConnectAPI\BloodConnectAPI.Services\Implementations\UserService.cs(24,9): error CS0246: The type or namespace name 'RoleManager<>' could not be found (are you missing a using directive or an assembly reference?) [C:\Users\Masoud\source\repos\BloodConnectAPI\BloodConnectAPI.Services\BloodConnectAPI.Services.csproj]
C:\Users\Masoud\source\repos\BloodConnectAPI\BloodConnectAPI.Services\Implementations\UserService.cs(24,21): error CS0246: The type or namespace name 'IdentityRole' could not be found (are you missing a using directive or an assembly reference?) [C:\Users\Masoud\source\repos\BloodConnectAPI\BloodConnectAPI.Services\BloodConnectAPI.Services.csproj]
C:\Users\Masoud\source\repos\BloodConnectAPI\BloodConnectAPI.Services\Implementations\UserService.cs(25,9): error CS0246: The type or namespace name 'IUnitOfWork' could not be found (are you missing a using directive or an assembly reference?) [C:\Users\Masoud\source\repos\BloodConnectAPI\BloodConnectAPI.Services\BloodConnectAPI.Services.csproj]
C:\Users\Masoud\source\repos\BloodConnectAPI\BloodConnectAPI.Services\Implementations\UserService.cs(26,9): error CS0246: The type or namespace name 'IMapper' could not be found (are you missing a using directive or an assembly reference?) [C:\Users\Masoud\source\repos\BloodConnectAPI\BloodConnectAPI.Services\BloodConnectAPI.Services.csproj]
C:\Users\Masoud\source\repos\BloodConnectAPI\BloodConnectAPI.Services\Interfaces\IReportService.cs(147,73): error CS0246: The type or namespace name 'DateFilterDto' could not be found (are you missing a using directive or an assembly reference?) [C:\Users\Masoud\source\repos\BloodConnectAPI\BloodConnectAPI.Services\BloodConnectAPI.Services.csproj]
C:\Users\Masoud\source\repos\BloodConnectAPI\BloodConnectAPI.Services\Interfaces\IReportService.cs(147,26): error CS0246: The type or namespace name 'RequestsByStatusDto' could not be found (are you missing a using directive or an assembly reference?) [C:\Users\Masoud\source\repos\BloodConnectAPI\BloodConnectAPI.Services\BloodConnectAPI.Services.csproj]
C:\Users\Masoud\source\repos\BloodConnectAPI\BloodConnectAPI.Services\Implementations\ReportService.cs(369,100): error CS0246: The type or namespace name 'DateFilterDto' could not be found (are you missing a using directive or an assembly reference?) [C:\Users\Masoud\source\repos\BloodConnectAPI\BloodConnectAPI.Services\BloodConnectAPI.Services.csproj]
C:\Users\Masoud\source\repos\BloodConnectAPI\BloodConnectAPI.Services\Implementations\ReportService.cs(369,44): error CS0246: The type or namespace name 'DonationsByBloodTypeDto' could not be found (are you missing a using directive or an assembly reference?) [C:\Users\Masoud\source\repos\BloodConnectAPI\BloodConnectAPI.Services\BloodConnectAPI.Services.csproj]
C:\Users\Masoud\source\repos\BloodConnectAPI\BloodConnectAPI.Services\Interfaces\IReportService.cs(155,81): error CS0246: The type or namespace name 'DateFilterDto' could not be found (are you missing a using directive or an assembly reference?) [C:\Users\Masoud\source\repos\BloodConnectAPI\BloodConnectAPI.Services\BloodConnectAPI.Services.csproj]
C:\Users\Masoud\source\repos\BloodConnectAPI\BloodConnectAPI.Services\Interfaces\IReportService.cs(155,31): error CS0246: The type or namespace name 'RequestsByUrgencyDto' could not be found (are you missing a using directive or an assembly reference?) [C:\Users\Masoud\source\repos\BloodConnectAPI\BloodConnectAPI.Services\BloodConnectAPI.Services.csproj]
C:\Users\Masoud\source\repos\BloodConnectAPI\BloodConnectAPI.Services\Implementations\ReportService.cs(411,91): error CS0246: The type or namespace name 'DateFilterDto' could not be found (are you missing a using directive or an assembly reference?) [C:\Users\Masoud\source\repos\BloodConnectAPI\BloodConnectAPI.Services\BloodConnectAPI.Services.csproj]
C:\Users\Masoud\source\repos\BloodConnectAPI\BloodConnectAPI.Services\Implementations\ReportService.cs(411,44): error CS0246: The type or namespace name 'MostActiveDonorDto' could not be found (are you missing a using directive or an assembly reference?) [C:\Users\Masoud\source\repos\BloodConnectAPI\BloodConnectAPI.Services\BloodConnectAPI.Services.csproj]
C:\Users\Masoud\source\repos\BloodConnectAPI\BloodConnectAPI.Services\Interfaces\IReportService.cs(163,84): error CS0246: The type or namespace name 'DateFilterDto' could not be found (are you missing a using directive or an assembly reference?) [C:\Users\Masoud\source\repos\BloodConnectAPI\BloodConnectAPI.Services\BloodConnectAPI.Services.csproj]
C:\Users\Masoud\source\repos\BloodConnectAPI\BloodConnectAPI.Services\Interfaces\IReportService.cs(163,31): error CS0246: The type or namespace name 'FulfillmentRateDto' could not be found (are you missing a using directive or an assembly reference?) [C:\Users\Masoud\source\repos\BloodConnectAPI\BloodConnectAPI.Services\BloodConnectAPI.Services.csproj]
C:\Users\Masoud\source\repos\BloodConnectAPI\BloodConnectAPI.Services\Implementations\ReportService.cs(467,44): error CS0246: The type or namespace name 'InventoryAvailabilityDto' could not be found (are you missing a using directive or an assembly reference?) [C:\Users\Masoud\source\repos\BloodConnectAPI\BloodConnectAPI.Services\BloodConnectAPI.Services.csproj]
C:\Users\Masoud\source\repos\BloodConnectAPI\BloodConnectAPI.Services\Implementations\ReportService.cs(501,44): error CS0246: The type or namespace name 'ExpiringBloodUnitsDto' could not be found (are you missing a using directive or an assembly reference?) [C:\Users\Masoud\source\repos\BloodConnectAPI\BloodConnectAPI.Services\BloodConnectAPI.Services.csproj]
C:\Users\Masoud\source\repos\BloodConnectAPI\BloodConnectAPI.Services\Interfaces\IReportService.cs(171,85): error CS0246: The type or namespace name 'DateFilterDto' could not be found (are you missing a using directive or an assembly reference?) [C:\Users\Masoud\source\repos\BloodConnectAPI\BloodConnectAPI.Services\BloodConnectAPI.Services.csproj]
C:\Users\Masoud\source\repos\BloodConnectAPI\BloodConnectAPI.Services\Interfaces\IReportService.cs(171,31): error CS0246: The type or namespace name 'RequestsByBloodTypeDto' could not be found (are you missing a using directive or an assembly reference?) [C:\Users\Masoud\source\repos\BloodConnectAPI\BloodConnectAPI.Services\BloodConnectAPI.Services.csproj]
C:\Users\Masoud\source\repos\BloodConnectAPI\BloodConnectAPI.Services\Implementations\ReportService.cs(534,94): error CS0246: The type or namespace name 'DateFilterDto' could not be found (are you missing a using directive or an assembly reference?) [C:\Users\Masoud\source\repos\BloodConnectAPI\BloodConnectAPI.Services\BloodConnectAPI.Services.csproj]
C:\Users\Masoud\source\repos\BloodConnectAPI\BloodConnectAPI.Services\Implementations\ReportService.cs(534,44): error CS0246: The type or namespace name 'ExpiredBloodUnitsDto' could not be found (are you missing a using directive or an assembly reference?) [C:\Users\Masoud\source\repos\BloodConnectAPI\BloodConnectAPI.Services\BloodConnectAPI.Services.csproj]
C:\Users\Masoud\source\repos\BloodConnectAPI\BloodConnectAPI.Services\Interfaces\IReportService.cs(179,87): error CS0246: The type or namespace name 'DateFilterDto' could not be found (are you missing a using directive or an assembly reference?) [C:\Users\Masoud\source\repos\BloodConnectAPI\BloodConnectAPI.Services\BloodConnectAPI.Services.csproj]
C:\Users\Masoud\source\repos\BloodConnectAPI\BloodConnectAPI.Services\Interfaces\IReportService.cs(179,31): error CS0246: The type or namespace name 'AvgFulfillmentTimeDto' could not be found (are you missing a using directive or an assembly reference?) [C:\Users\Masoud\source\repos\BloodConnectAPI\BloodConnectAPI.Services\BloodConnectAPI.Services.csproj]
C:\Users\Masoud\source\repos\BloodConnectAPI\BloodConnectAPI.Services\Implementations\ReportService.cs(580,99): error CS0246: The type or namespace name 'DateFilterDto' could not be found (are you missing a using directive or an assembly reference?) [C:\Users\Masoud\source\repos\BloodConnectAPI\BloodConnectAPI.Services\BloodConnectAPI.Services.csproj]
C:\Users\Masoud\source\repos\BloodConnectAPI\BloodConnectAPI.Services\Implementations\ReportService.cs(580,44): error CS0246: The type or namespace name 'ConsumptionRateDto' could not be found (are you missing a using directive or an assembly reference?) [C:\Users\Masoud\source\repos\BloodConnectAPI\BloodConnectAPI.Services\BloodConnectAPI.Services.csproj]
C:\Users\Masoud\source\repos\BloodConnectAPI\BloodConnectAPI.Services\Interfaces\IReportService.cs(191,76): error CS0246: The type or namespace name 'DateFilterDto' could not be found (are you missing a using directive or an assembly reference?) [C:\Users\Masoud\source\repos\BloodConnectAPI\BloodConnectAPI.Services\BloodConnectAPI.Services.csproj]
C:\Users\Masoud\source\repos\BloodConnectAPI\BloodConnectAPI.Services\Interfaces\IReportService.cs(191,26): error CS0246: The type or namespace name 'PatientCountDto' could not be found (are you missing a using directive or an assembly reference?) [C:\Users\Masoud\source\repos\BloodConnectAPI\BloodConnectAPI.Services\BloodConnectAPI.Services.csproj]
C:\Users\Masoud\source\repos\BloodConnectAPI\BloodConnectAPI.Services\Implementations\ReportService.cs(634,44): error CS0246: The type or namespace name 'LowInventoryAlertDto' could not be found (are you missing a using directive or an assembly reference?) [C:\Users\Masoud\source\repos\BloodConnectAPI\BloodConnectAPI.Services\BloodConnectAPI.Services.csproj]
C:\Users\Masoud\source\repos\BloodConnectAPI\BloodConnectAPI.Services\Interfaces\IReportService.cs(198,31): error CS0246: The type or namespace name 'PatientsByBloodTypeDto' could not be found (are you missing a using directive or an assembly reference?) [C:\Users\Masoud\source\repos\BloodConnectAPI\BloodConnectAPI.Services\BloodConnectAPI.Services.csproj]
C:\Users\Masoud\source\repos\BloodConnectAPI\BloodConnectAPI.Services\Interfaces\IReportService.cs(205,31): error CS0246: The type or namespace name 'PatientsWithActiveRequestsDto' could not be found (are you missing a using directive or an assembly reference?) [C:\Users\Masoud\source\repos\BloodConnectAPI\BloodConnectAPI.Services\BloodConnectAPI.Services.csproj]
C:\Users\Masoud\source\repos\BloodConnectAPI\BloodConnectAPI.Services\Implementations\ReportService.cs(667,86): error CS0246: The type or namespace name 'DateFilterDto' could not be found (are you missing a using directive or an assembly reference?) [C:\Users\Masoud\source\repos\BloodConnectAPI\BloodConnectAPI.Services\BloodConnectAPI.Services.csproj]
C:\Users\Masoud\source\repos\BloodConnectAPI\BloodConnectAPI.Services\Implementations\ReportService.cs(667,39): error CS0246: The type or namespace name 'RequestsByStatusDto' could not be found (are you missing a using directive or an assembly reference?) [C:\Users\Masoud\source\repos\BloodConnectAPI\BloodConnectAPI.Services\BloodConnectAPI.Services.csproj]
C:\Users\Masoud\source\repos\BloodConnectAPI\BloodConnectAPI.Services\Interfaces\IReportService.cs(216,26): error CS0246: The type or namespace name 'DashboardSummaryDto' could not be found (are you missing a using directive or an assembly reference?) [C:\Users\Masoud\source\repos\BloodConnectAPI\BloodConnectAPI.Services\BloodConnectAPI.Services.csproj]
C:\Users\Masoud\source\repos\BloodConnectAPI\BloodConnectAPI.Services\Implementations\ReportService.cs(706,94): error CS0246: The type or namespace name 'DateFilterDto' could not be found (are you missing a using directive or an assembly reference?) [C:\Users\Masoud\source\repos\BloodConnectAPI\BloodConnectAPI.Services\BloodConnectAPI.Services.csproj]
C:\Users\Masoud\source\repos\BloodConnectAPI\BloodConnectAPI.Services\Implementations\ReportService.cs(706,44): error CS0246: The type or namespace name 'RequestsByUrgencyDto' could not be found (are you missing a using directive or an assembly reference?) [C:\Users\Masoud\source\repos\BloodConnectAPI\BloodConnectAPI.Services\BloodConnectAPI.Services.csproj]
C:\Users\Masoud\source\repos\BloodConnectAPI\BloodConnectAPI.Services\Implementations\ReportService.cs(742,97): error CS0246: The type or namespace name 'DateFilterDto' could not be found (are you missing a using directive or an assembly reference?) [C:\Users\Masoud\source\repos\BloodConnectAPI\BloodConnectAPI.Services\BloodConnectAPI.Services.csproj]
C:\Users\Masoud\source\repos\BloodConnectAPI\BloodConnectAPI.Services\Implementations\ReportService.cs(742,44): error CS0246: The type or namespace name 'FulfillmentRateDto' could not be found (are you missing a using directive or an assembly reference?) [C:\Users\Masoud\source\repos\BloodConnectAPI\BloodConnectAPI.Services\BloodConnectAPI.Services.csproj]
C:\Users\Masoud\source\repos\BloodConnectAPI\BloodConnectAPI.Services\Implementations\ReportService.cs(793,98): error CS0246: The type or namespace name 'DateFilterDto' could not be found (are you missing a using directive or an assembly reference?) [C:\Users\Masoud\source\repos\BloodConnectAPI\BloodConnectAPI.Services\BloodConnectAPI.Services.csproj]
C:\Users\Masoud\source\repos\BloodConnectAPI\BloodConnectAPI.Services\Implementations\ReportService.cs(793,44): error CS0246: The type or namespace name 'RequestsByBloodTypeDto' could not be found (are you missing a using directive or an assembly reference?) [C:\Users\Masoud\source\repos\BloodConnectAPI\BloodConnectAPI.Services\BloodConnectAPI.Services.csproj]
C:\Users\Masoud\source\repos\BloodConnectAPI\BloodConnectAPI.Services\Implementations\ReportService.cs(837,100): error CS0246: The type or namespace name 'DateFilterDto' could not be found (are you missing a using directive or an assembly reference?) [C:\Users\Masoud\source\repos\BloodConnectAPI\BloodConnectAPI.Services\BloodConnectAPI.Services.csproj]
C:\Users\Masoud\source\repos\BloodConnectAPI\BloodConnectAPI.Services\Implementations\ReportService.cs(837,44): error CS0246: The type or namespace name 'AvgFulfillmentTimeDto' could not be found (are you missing a using directive or an assembly reference?) [C:\Users\Masoud\source\repos\BloodConnectAPI\BloodConnectAPI.Services\BloodConnectAPI.Services.csproj]
C:\Users\Masoud\source\repos\BloodConnectAPI\BloodConnectAPI.Services\Implementations\ReportService.cs(890,89): error CS0246: The type or namespace name 'DateFilterDto' could not be found (are you missing a using directive or an assembly reference?) [C:\Users\Masoud\source\repos\BloodConnectAPI\BloodConnectAPI.Services\BloodConnectAPI.Services.csproj]
C:\Users\Masoud\source\repos\BloodConnectAPI\BloodConnectAPI.Services\Implementations\ReportService.cs(890,39): error CS0246: The type or namespace name 'PatientCountDto' could not be found (are you missing a using directive or an assembly reference?) [C:\Users\Masoud\source\repos\BloodConnectAPI\BloodConnectAPI.Services\BloodConnectAPI.Services.csproj]
C:\Users\Masoud\source\repos\BloodConnectAPI\BloodConnectAPI.Services\Implementations\ReportService.cs(944,44): error CS0246: The type or namespace name 'PatientsByBloodTypeDto' could not be found (are you missing a using directive or an assembly reference?) [C:\Users\Masoud\source\repos\BloodConnectAPI\BloodConnectAPI.Services\BloodConnectAPI.Services.csproj]
C:\Users\Masoud\source\repos\BloodConnectAPI\BloodConnectAPI.Services\Implementations\ReportService.cs(979,44): error CS0246: The type or namespace name 'PatientsWithActiveRequestsDto' could not be found (are you missing a using directive or an assembly reference?) [C:\Users\Masoud\source\repos\BloodConnectAPI\BloodConnectAPI.Services\BloodConnectAPI.Services.csproj]
C:\Users\Masoud\source\repos\BloodConnectAPI\BloodConnectAPI.Services\Implementations\ReportService.cs(1030,39): error CS0246: The type or namespace name 'DashboardSummaryDto' could not be found (are you missing a using directive or an assembly reference?) [C:\Users\Masoud\source\repos\BloodConnectAPI\BloodConnectAPI.Services\BloodConnectAPI.Services.csproj]
C:\Users\Masoud\source\repos\BloodConnectAPI\BloodConnectAPI.Services\Implementations\ReportService.cs(1094,76): error CS0246: The type or namespace name 'DateFilterDto' could not be found (are you missing a using directive or an assembly reference?) [C:\Users\Masoud\source\repos\BloodConnectAPI\BloodConnectAPI.Services\BloodConnectAPI.Services.csproj]
C:\Users\Masoud\source\repos\BloodConnectAPI\BloodConnectAPI.Services\Implementations\ReportService.cs(1108,29): error CS0246: The type or namespace name 'BloodType' could not be found (are you missing a using directive or an assembly reference?) [C:\Users\Masoud\source\repos\BloodConnectAPI\BloodConnectAPI.Services\BloodConnectAPI.Services.csproj]
C:\Users\Masoud\source\repos\BloodConnectAPI\BloodConnectAPI.Services\Implementations\ReportService.cs(1125,41): error CS0246: The type or namespace name 'RequestStatus' could not be found (are you missing a using directive or an assembly reference?) [C:\Users\Masoud\source\repos\BloodConnectAPI\BloodConnectAPI.Services\BloodConnectAPI.Services.csproj]
C:\Users\Masoud\source\repos\BloodConnectAPI\BloodConnectAPI.Services\Implementations\ReportService.cs(1130,44): error CS0246: The type or namespace name 'UrgencyLevel' could not be found (are you missing a using directive or an assembly reference?) [C:\Users\Masoud\source\repos\BloodConnectAPI\BloodConnectAPI.Services\BloodConnectAPI.Services.csproj]
C:\Users\Masoud\source\repos\BloodConnectAPI\BloodConnectAPI.Services\Implementations\ReportService.cs(1141,54): error CS0246: The type or namespace name 'BloodRequest' could not be found (are you missing a using directive or an assembly reference?) [C:\Users\Masoud\source\repos\BloodConnectAPI\BloodConnectAPI.Services\BloodConnectAPI.Services.csproj]
C:\Users\Masoud\source\repos\BloodConnectAPI\BloodConnectAPI.Services\Implementations\ReportService.cs(22,22): error CS0246: The type or namespace name 'IUnitOfWork' could not be found (are you missing a using directive or an assembly reference?) [C:\Users\Masoud\source\repos\BloodConnectAPI\BloodConnectAPI.Services\BloodConnectAPI.Services.csproj]
C:\Users\Masoud\source\repos\BloodConnectAPI\BloodConnectAPI.Services\Implementations\ReportService.cs(23,22): error CS0246: The type or namespace name 'IMapper' could not be found (are you missing a using directive or an assembly reference?) [C:\Users\Masoud\source\repos\BloodConnectAPI\BloodConnectAPI.Services\BloodConnectAPI.Services.csproj]
C:\Users\Masoud\source\repos\BloodConnectAPI\BloodConnectAPI.Services\Implementations\ReportService.cs(24,22): error CS0246: The type or namespace name 'ILogger<>' could not be found (are you missing a using directive or an assembly reference?) [C:\Users\Masoud\source\repos\BloodConnectAPI\BloodConnectAPI.Services\BloodConnectAPI.Services.csproj]
C:\Users\Masoud\source\repos\BloodConnectAPI\BloodConnectAPI.Services\Implementations\ReportService.cs(26,26): error CS0246: The type or namespace name 'IUnitOfWork' could not be found (are you missing a using directive or an assembly reference?) [C:\Users\Masoud\source\repos\BloodConnectAPI\BloodConnectAPI.Services\BloodConnectAPI.Services.csproj]
C:\Users\Masoud\source\repos\BloodConnectAPI\BloodConnectAPI.Services\Implementations\ReportService.cs(26,50): error CS0246: The type or namespace name 'IMapper' could not be found (are you missing a using directive or an assembly reference?) [C:\Users\Masoud\source\repos\BloodConnectAPI\BloodConnectAPI.Services\BloodConnectAPI.Services.csproj]
C:\Users\Masoud\source\repos\BloodConnectAPI\BloodConnectAPI.Services\Implementations\ReportService.cs(26,66): error CS0246: The type or namespace name 'ILogger<>' could not be found (are you missing a using directive or an assembly reference?) [C:\Users\Masoud\source\repos\BloodConnectAPI\BloodConnectAPI.Services\BloodConnectAPI.Services.csproj]
    0 Warning(s)
    399 Error(s)

Time Elapsed 00:00:01.40
